$ date -R
Thu, 07 Jan 2021 08:52:43 +1100
$ git checkout master
Already on 'master'
$ git reset --hard stable
HEAD is now at f6e7a024bfe5 Merge tag 'arc-5.11-rc3' of git://git.kernel.org/pub/scm/linux/kernel/git/vgupta/arc
Merging origin/master (71c061d24438 Merge tag 'for-5.11-rc2-tag' of git://git.kernel.org/pub/scm/linux/kernel/git/kdave/linux)
$ git merge origin/master
Updating f6e7a024bfe5..71c061d24438
Fast-forward
 drivers/vhost/vsock.c          | 68 ++++++++++++++++++++++++++++++++++++++--
 fs/btrfs/btrfs_inode.h         |  9 ++++++
 fs/btrfs/ctree.c               | 24 +++++++++++++--
 fs/btrfs/ctree.h               | 29 +++++++++++++++--
 fs/btrfs/dev-replace.c         |  2 +-
 fs/btrfs/discard.c             | 70 ++++++++++++++++++++++--------------------
 fs/btrfs/disk-io.c             | 13 +++++---
 fs/btrfs/extent-tree.c         |  2 ++
 fs/btrfs/file-item.c           |  2 ++
 fs/btrfs/inode.c               | 15 ++++++---
 fs/btrfs/ioctl.c               |  2 +-
 fs/btrfs/qgroup.c              | 43 ++++++++++++++++++--------
 fs/btrfs/reflink.c             | 15 +++++++++
 fs/btrfs/send.c                | 49 ++++++++++++++++++-----------
 fs/btrfs/space-info.c          |  2 +-
 fs/btrfs/super.c               | 40 ++++++++++++++++++++++--
 fs/btrfs/tests/btrfs-tests.c   | 10 ++++--
 fs/btrfs/tests/inode-tests.c   |  9 ------
 fs/btrfs/volumes.c             |  4 +--
 sound/pci/hda/hda_intel.c      |  2 --
 sound/pci/hda/patch_conexant.c |  1 +
 sound/pci/hda/patch_hdmi.c     |  2 +-
 sound/pci/hda/patch_realtek.c  | 12 +++++++-
 sound/pci/hda/patch_via.c      | 13 ++++++++
 sound/usb/implicit.c           |  4 +++
 sound/usb/midi.c               |  4 +++
 26 files changed, 342 insertions(+), 104 deletions(-)
Merging fixes/fixes (e71ba9452f0b Linux 5.11-rc2)
$ git merge fixes/fixes
Already up to date.
Merging kbuild-current/fixes (9bba03d4473d kconfig: remove 'kvmconfig' and 'xenconfig' shorthands)
$ git merge kbuild-current/fixes
Auto-merging MAINTAINERS
Merge made by the 'recursive' strategy.
 MAINTAINERS                  |  1 -
 lib/raid6/Makefile           |  2 +-
 scripts/config               |  1 +
 scripts/kconfig/Makefile     | 10 ----------
 scripts/kconfig/mconf-cfg.sh |  4 +++-
 5 files changed, 5 insertions(+), 13 deletions(-)
Merging arc-current/for-curr (47289a7a114d arch/arc: add copy_user_page() to <asm/page.h> to fix build error on ARC)
$ git merge arc-current/for-curr
Auto-merging arch/arc/include/asm/page.h
Merge made by the 'recursive' strategy.
 arch/arc/include/asm/page.h | 1 +
 1 file changed, 1 insertion(+)
Merging arm-current/fixes (e64ab473ddda ARM: 9034/1: __div64_32(): straighten up inline asm constraints)
$ git merge arm-current/fixes
Already up to date.
Merging arm64-fixes/for-next/fixes (462a1b17f8ef arm64: Move PSTATE.TCO setting to separate functions)
$ git merge arm64-fixes/for-next/fixes
Merge made by the 'recursive' strategy.
 arch/arm64/Makefile                | 10 +++++++---
 arch/arm64/include/asm/processor.h |  3 ++-
 arch/arm64/include/asm/uaccess.h   | 16 +++++++++++++---
 arch/arm64/kernel/entry.S          |  2 +-
 arch/arm64/kernel/smp.c            |  1 -
 arch/arm64/kernel/traps.c          |  1 -
 arch/arm64/kernel/vdso/Makefile    |  3 +--
 arch/arm64/kernel/vdso/vdso.lds.S  |  5 +----
 arch/arm64/mm/init.c               |  2 +-
 arch/arm64/mm/proc.S               |  2 +-
 10 files changed, 27 insertions(+), 18 deletions(-)
Merging arm-soc-fixes/arm/fixes (7887cc89d585 ARM: dts: ux500/golden: Set display max brightness)
$ git merge arm-soc-fixes/arm/fixes
Auto-merging arch/arm/mach-omap2/omap_device.c
Auto-merging arch/arm/configs/omap2plus_defconfig
Auto-merging arch/arm/boot/dts/ste-ux500-samsung-golden.dts
Merge made by the 'recursive' strategy.
 arch/arm/boot/dts/omap3-n950-n9.dtsi           | 8 ++++++++
 arch/arm/boot/dts/ste-ux500-samsung-golden.dts | 1 +
 arch/arm/configs/omap2plus_defconfig           | 2 +-
 arch/arm/mach-omap2/omap_device.c              | 8 +++++---
 arch/arm/mach-omap2/pmic-cpcap.c               | 2 +-
 arch/arm64/boot/dts/bitmain/bm1880.dtsi        | 6 +++---
 6 files changed, 19 insertions(+), 8 deletions(-)
Merging drivers-memory-fixes/fixes (5c8fe583cce5 Linux 5.11-rc1)
$ git merge drivers-memory-fixes/fixes
Already up to date.
Merging m68k-current/for-linus (2ae92e8b9b7e MAINTAINERS: Update m68k Mac entry)
$ git merge m68k-current/for-linus
Already up to date.
Merging powerpc-fixes/fixes (d5c243989fb0 powerpc/32: Fix vmap stack - Properly set r1 before activating MMU on syscall too)
$ git merge powerpc-fixes/fixes
Already up to date.
Merging s390-fixes/fixes (129975e75b9a s390/Kconfig: sort config S390 select list once again)
$ git merge s390-fixes/fixes
Already up to date.
Merging sparc/master (0a95a6d1a4cd sparc: use for_each_child_of_node() macro)
$ git merge sparc/master
Auto-merging arch/sparc/mm/srmmu.c
Auto-merging arch/sparc/kernel/signal_64.c
Auto-merging arch/sparc/kernel/signal_32.c
Auto-merging arch/sparc/Kconfig
Merge made by the 'recursive' strategy.
 arch/sparc/Kconfig                |  2 +-
 arch/sparc/boot/piggyback.c       |  4 ++++
 arch/sparc/include/asm/backoff.h  |  2 +-
 arch/sparc/include/asm/pgtsrmmu.h |  2 +-
 arch/sparc/kernel/pci.c           |  3 +--
 arch/sparc/kernel/viohs.c         |  6 ++----
 arch/sparc/lib/memset.S           |  1 +
 arch/sparc/mm/srmmu.c             | 18 +++++++++---------
 8 files changed, 20 insertions(+), 18 deletions(-)
Merging fscrypt-current/for-stable (d19d8d345eec fscrypt: fix inline encryption not used on new files)
$ git merge fscrypt-current/for-stable
Already up to date.
Merging net/master (3503ee6c0bec selftests: fix the return value for UDP GRO test)
$ git merge net/master
Merge made by the 'recursive' strategy.
 Documentation/networking/netdevices.rst            |   4 +-
 drivers/isdn/mISDN/Kconfig                         |   1 +
 drivers/net/can/Kconfig                            |   1 +
 .../net/ethernet/freescale/fs_enet/mii-bitbang.c   |   1 +
 drivers/net/ethernet/freescale/fs_enet/mii-fec.c   |   1 +
 drivers/net/ethernet/hisilicon/hns3/hclge_mbx.h    |   4 +-
 .../ethernet/hisilicon/hns3/hns3pf/hclge_main.c    |   9 +-
 .../ethernet/hisilicon/hns3/hns3pf/hclge_main.h    |   2 +
 .../ethernet/hisilicon/hns3/hns3vf/hclgevf_main.c  |   9 +-
 .../ethernet/hisilicon/hns3/hns3vf/hclgevf_main.h  |   2 +
 drivers/net/ethernet/natsemi/macsonic.c            |  12 +-
 drivers/net/ethernet/natsemi/xtsonic.c             |   7 +-
 drivers/net/ethernet/qlogic/Kconfig                |   1 +
 drivers/net/ethernet/stmicro/stmmac/dwmac-sun8i.c  | 129 +++++++++++++--------
 drivers/net/usb/cdc_ncm.c                          |   8 +-
 drivers/net/wan/Kconfig                            |   1 +
 drivers/net/wireless/ath/wil6210/Kconfig           |   1 +
 drivers/ptp/Kconfig                                |   1 +
 include/uapi/linux/if_link.h                       |   5 +-
 net/8021q/vlan.c                                   |   3 +-
 net/qrtr/ns.c                                      |   7 +-
 net/qrtr/qrtr.c                                    |  16 ++-
 net/qrtr/qrtr.h                                    |   2 +-
 net/wireless/Kconfig                               |   1 +
 tools/testing/selftests/net/udpgro.sh              |  34 ++++++
 25 files changed, 187 insertions(+), 75 deletions(-)
Merging bpf/master (67208692802c tools/resolve_btfids: Warn when having multiple IDs for single type)
$ git merge bpf/master
Merge made by the 'recursive' strategy.
 kernel/bpf/task_iter.c                        |  1 +
 tools/bpf/resolve_btfids/main.c               | 17 ++++++++++++-----
 tools/testing/selftests/bpf/progs/bprm_opts.c |  2 +-
 3 files changed, 14 insertions(+), 6 deletions(-)
Merging ipsec/master (da64ae2d35d3 xfrm: Fix wraparound in xfrm_policy_addr_delta())
$ git merge ipsec/master
Auto-merging net/xfrm/xfrm_input.c
Merge made by the 'recursive' strategy.
 net/key/af_key.c                           |  6 ++--
 net/xfrm/xfrm_input.c                      |  2 +-
 net/xfrm/xfrm_policy.c                     | 30 +++++++++++++-------
 tools/testing/selftests/net/xfrm_policy.sh | 45 +++++++++++++++++++++++++++++-
 4 files changed, 68 insertions(+), 15 deletions(-)
Merging netfilter/master (a8f33c038f4e Merge git://git.kernel.org/pub/scm/linux/kernel/git/pablo/nf)
$ git merge netfilter/master
Already up to date.
Merging ipvs/master (b4e70d8dd9ea netfilter: nftables: add set expression flags)
$ git merge ipvs/master
Already up to date.
Merging wireless-drivers/master (bfe55584713b MAINTAINERS: switch to different email address)
$ git merge wireless-drivers/master
Already up to date.
Merging mac80211/master (2c85ebc57b3e Linux 5.10)
$ git merge mac80211/master
Already up to date.
Merging rdma-fixes/for-rc (e71ba9452f0b Linux 5.11-rc2)
$ git merge rdma-fixes/for-rc
Already up to date.
Merging sound-current/for-linus (4bfd6247fa91 ALSA: hda/via: Fix runtime PM for Clevo W35xSS)
$ git merge sound-current/for-linus
Already up to date.
Merging sound-asoc-fixes/for-linus (a41db6b750d5 Merge remote-tracking branch 'asoc/for-5.11' into asoc-linus)
$ git merge sound-asoc-fixes/for-linus
Auto-merging MAINTAINERS
Merge made by the 'recursive' strategy.
 .../bindings/sound/ti,j721e-cpb-audio.yaml         |  4 +-
 .../bindings/sound/ti,j721e-cpb-ivi-audio.yaml     |  4 +-
 MAINTAINERS                                        |  6 +--
 sound/soc/amd/raven/pci-acp3x.c                    | 16 ++-----
 sound/soc/amd/renoir/rn-pci-acp3x.c                | 14 ++++++
 sound/soc/atmel/Kconfig                            |  4 +-
 sound/soc/codecs/Kconfig                           |  2 +-
 sound/soc/codecs/max98373-i2c.c                    | 20 +++++++++
 sound/soc/codecs/max98373-sdw.c                    | 20 +++++++++
 sound/soc/codecs/max98373.c                        | 34 +++++++++++++--
 sound/soc/codecs/max98373.h                        |  8 ++++
 sound/soc/codecs/rt711.c                           |  6 +++
 sound/soc/fsl/imx-hdmi.c                           |  1 +
 sound/soc/intel/boards/haswell.c                   |  1 +
 sound/soc/intel/skylake/cnl-sst.c                  |  1 +
 sound/soc/meson/axg-tdm-interface.c                | 14 +++++-
 sound/soc/meson/axg-tdmin.c                        | 13 +-----
 sound/soc/qcom/lpass-cpu.c                         | 20 +--------
 sound/soc/qcom/lpass-platform.c                    | 50 +++++++++++++++-------
 sound/soc/sh/rcar/adg.c                            | 18 ++++----
 sound/soc/soc-dapm.c                               |  1 +
 sound/soc/sof/Kconfig                              |  2 +-
 22 files changed, 181 insertions(+), 78 deletions(-)
Merging regmap-fixes/for-linus (72962ebcdd45 Merge remote-tracking branch 'regmap/for-5.11' into regmap-linus)
$ git merge regmap-fixes/for-linus
Merge made by the 'recursive' strategy.
 drivers/base/regmap/regmap-debugfs.c | 9 +++++++--
 1 file changed, 7 insertions(+), 2 deletions(-)
Merging regulator-fixes/for-linus (f2bcc880cc1f Merge remote-tracking branch 'regulator/for-5.11' into regulator-linus)
$ git merge regulator-fixes/for-linus
Merge made by the 'recursive' strategy.
 .../bindings/regulator/nxp,pf8x00-regulator.yaml   |  6 ++-
 .../bindings/regulator/qcom,rpmh-regulator.txt     |  1 +
 drivers/regulator/Kconfig                          |  1 +
 drivers/regulator/bd718x7-regulator.c              | 57 ++++++++++++++++++++++
 drivers/regulator/pf8x00-regulator.c               |  8 ++-
 drivers/regulator/qcom-rpmh-regulator.c            |  2 +-
 6 files changed, 70 insertions(+), 5 deletions(-)
Merging spi-fixes/for-linus (02b3446f68d5 Merge remote-tracking branch 'spi/for-5.11' into spi-linus)
$ git merge spi-fixes/for-linus
Merge made by the 'recursive' strategy.
 drivers/spi/spi-altera.c    | 26 +++++++-------
 drivers/spi/spi-geni-qcom.c | 84 ++++++++++++++++++++++++++++++++++++++++++---
 drivers/spi/spi-stm32.c     |  4 +--
 drivers/spi/spi.c           | 11 ++++--
 4 files changed, 104 insertions(+), 21 deletions(-)
Merging pci-current/for-linus (e71ba9452f0b Linux 5.11-rc2)
$ git merge pci-current/for-linus
Already up to date.
Merging driver-core.current/driver-core-linus (e71ba9452f0b Linux 5.11-rc2)
$ git merge driver-core.current/driver-core-linus
Already up to date.
Merging tty.current/tty-linus (54ca955b5a40 serial: mvebu-uart: fix tx lost characters at power off)
$ git merge tty.current/tty-linus
Merge made by the 'recursive' strategy.
 drivers/tty/serial/mvebu-uart.c | 10 +++++++++-
 1 file changed, 9 insertions(+), 1 deletion(-)
Merging usb.current/usb-linus (10a05404c4fe Merge tag 'usb-serial-5.11-rc3' of https://git.kernel.org/pub/scm/linux/kernel/git/johan/usb-serial into usb-linus)
$ git merge usb.current/usb-linus
Removing drivers/usb/gadget/udc/fsl_mxc_udc.c
Auto-merging MAINTAINERS
Merge made by the 'recursive' strategy.
 .../devicetree/bindings/usb/ti,j721e-usb.yaml      |   6 +-
 MAINTAINERS                                        |   2 +-
 drivers/usb/chipidea/ci_hdrc_imx.c                 |   6 +-
 drivers/usb/class/cdc-acm.c                        |   4 +
 drivers/usb/class/cdc-wdm.c                        |  16 ++-
 drivers/usb/class/usblp.c                          |  21 +++-
 drivers/usb/dwc3/core.h                            |   1 +
 drivers/usb/dwc3/dwc3-meson-g12a.c                 |   2 +-
 drivers/usb/dwc3/gadget.c                          |  14 +--
 drivers/usb/dwc3/ulpi.c                            |  38 ++++---
 drivers/usb/gadget/Kconfig                         |   2 +
 drivers/usb/gadget/composite.c                     |  10 +-
 drivers/usb/gadget/configfs.c                      |  15 ++-
 drivers/usb/gadget/function/f_printer.c            |   1 +
 drivers/usb/gadget/function/f_uac2.c               |  69 +++++++++---
 drivers/usb/gadget/function/u_ether.c              |   9 +-
 drivers/usb/gadget/legacy/acm_ms.c                 |   4 +-
 drivers/usb/gadget/udc/Kconfig                     |   2 +-
 drivers/usb/gadget/udc/Makefile                    |   1 -
 drivers/usb/gadget/udc/core.c                      |   3 +-
 drivers/usb/gadget/udc/dummy_hcd.c                 |  35 ++++--
 drivers/usb/gadget/udc/fsl_mxc_udc.c               | 122 ---------------------
 drivers/usb/host/xhci.c                            |  24 ++--
 drivers/usb/misc/yurex.c                           |   3 +
 drivers/usb/serial/iuu_phoenix.c                   |  20 +++-
 drivers/usb/serial/option.c                        |   3 +
 drivers/usb/storage/unusual_uas.h                  |   7 ++
 drivers/usb/typec/mux/intel_pmc_mux.c              |  11 ++
 drivers/usb/usbip/vhci_hcd.c                       |   2 +
 29 files changed, 236 insertions(+), 217 deletions(-)
 delete mode 100644 drivers/usb/gadget/udc/fsl_mxc_udc.c
Merging usb-gadget-fixes/fixes (129aa9734559 usb: raw-gadget: fix memory leak in gadget_setup)
$ git merge usb-gadget-fixes/fixes
Already up to date.
Merging usb-serial-fixes/usb-linus (54d0a3ab80f4 USB: serial: iuu_phoenix: fix DMA from stack)
$ git merge usb-serial-fixes/usb-linus
Already up to date.
Merging usb-chipidea-fixes/for-usb-fixes (65403ff98ebb MAINTAINERS: Update address for Cadence USB3 driver)
$ git merge usb-chipidea-fixes/for-usb-fixes
Auto-merging MAINTAINERS
Merge made by the 'recursive' strategy.
 drivers/usb/cdns3/cdns3-imx.c | 22 +++++++++++-----------
 1 file changed, 11 insertions(+), 11 deletions(-)
Merging phy/fixes (d092bd911049 phy: mediatek: allow compile-testing the dsi phy)
$ git merge phy/fixes
Merge made by the 'recursive' strategy.
 drivers/phy/ingenic/Makefile         |  2 +-
 drivers/phy/mediatek/Kconfig         |  4 +++-
 drivers/phy/motorola/phy-cpcap-usb.c | 19 +++++++++++++------
 3 files changed, 17 insertions(+), 8 deletions(-)
Merging staging.current/staging-linus (00b8c557d096 staging: ION: remove some references to CONFIG_ION)
$ git merge staging.current/staging-linus
Merge made by the 'recursive' strategy.
 drivers/staging/comedi/comedi_fops.c               |  4 +++-
 drivers/staging/hikey9xx/hisi-spmi-controller.c    | 21 +++++++++++++++------
 drivers/staging/media/atomisp/pci/atomisp_subdev.c | 20 --------------------
 drivers/staging/mt7621-dma/mtk-hsdma.c             |  4 +++-
 kernel/configs/android-recommended.config          |  1 -
 5 files changed, 21 insertions(+), 29 deletions(-)
Merging char-misc.current/char-misc-linus (c9c48bb701ba speakup: Add github repository URL and bug tracker)
$ git merge char-misc.current/char-misc-linus
Auto-merging MAINTAINERS
Merge made by the 'recursive' strategy.
 MAINTAINERS                                        |   2 +
 crypto/asymmetric_keys/asym_tpm.c                  |   2 +-
 .../misc/habanalabs/common/command_submission.c    |  77 +++++++--
 drivers/misc/habanalabs/common/device.c            |   8 +-
 drivers/misc/habanalabs/common/firmware_if.c       |  60 +++++--
 drivers/misc/habanalabs/common/habanalabs.h        |   4 +-
 drivers/misc/habanalabs/common/habanalabs_drv.c    |   1 +
 drivers/misc/habanalabs/common/habanalabs_ioctl.c  |   7 +-
 drivers/misc/habanalabs/common/hw_queue.c          |   5 +-
 drivers/misc/habanalabs/common/pci.c               |  28 +--
 drivers/misc/habanalabs/gaudi/gaudi.c              | 191 +++++++++------------
 drivers/misc/habanalabs/gaudi/gaudiP.h             |   7 -
 drivers/misc/habanalabs/gaudi/gaudi_coresight.c    |   3 +-
 drivers/misc/habanalabs/goya/goya.c                |  75 ++++----
 .../misc/habanalabs/include/common/hl_boot_if.h    |   9 +-
 include/uapi/misc/habanalabs.h                     |   5 +
 16 files changed, 284 insertions(+), 200 deletions(-)
Merging soundwire-fixes/fixes (5c8fe583cce5 Linux 5.11-rc1)
$ git merge soundwire-fixes/fixes
Already up to date.
Merging thunderbolt-fixes/fixes (e71ba9452f0b Linux 5.11-rc2)
$ git merge thunderbolt-fixes/fixes
Already up to date.
Merging input-current/for-linus (698dc0cf9447 dt-bindings: input: adc-keys: clarify description)
$ git merge input-current/for-linus
Merge made by the 'recursive' strategy.
 .../devicetree/bindings/input/adc-keys.txt         | 22 +++++++++-
 drivers/input/serio/i8042-x86ia64io.h              |  2 +
 drivers/input/touchscreen/ili210x.c                | 26 ++++++++----
 drivers/input/touchscreen/st1232.c                 | 48 +++++++++++++++++++---
 4 files changed, 83 insertions(+), 15 deletions(-)
Merging crypto-current/master (0aa171e9b267 crypto: ecdh - avoid buffer overflow in ecdh_set_secret())
$ git merge crypto-current/master
Merge made by the 'recursive' strategy.
 arch/arm/crypto/chacha-glue.c | 1 +
 crypto/ecdh.c                 | 3 ++-
 2 files changed, 3 insertions(+), 1 deletion(-)
Merging ide/master (6800cd8cbc6e ide-acpi: use %*ph to print small buffer)
$ git merge ide/master
Auto-merging include/linux/ide.h
Auto-merging drivers/ide/sis5513.c
Auto-merging drivers/ide/ide-acpi.c
Auto-merging drivers/ide/hpt366.c
Auto-merging drivers/ide/Kconfig
Merge made by the 'recursive' strategy.
 drivers/ide/Kconfig           |  2 +-
 drivers/ide/aec62xx.c         |  3 +--
 drivers/ide/alim15x3.c        |  3 +--
 drivers/ide/amd74xx.c         |  3 +--
 drivers/ide/atiixp.c          |  3 +--
 drivers/ide/cmd64x.c          |  3 +--
 drivers/ide/cs5520.c          |  3 +--
 drivers/ide/cs5530.c          |  3 +--
 drivers/ide/cs5535.c          |  3 +--
 drivers/ide/cs5536.c          |  3 +--
 drivers/ide/cy82c693.c        |  3 +--
 drivers/ide/delkin_cb.c       | 32 ++++++--------------------------
 drivers/ide/hpt366.c          |  5 ++---
 drivers/ide/ide-acpi.c        |  5 +----
 drivers/ide/ide-pci-generic.c |  3 +--
 drivers/ide/it8172.c          |  3 +--
 drivers/ide/it8213.c          |  3 +--
 drivers/ide/it821x.c          |  3 +--
 drivers/ide/jmicron.c         |  3 +--
 drivers/ide/ns87415.c         |  3 +--
 drivers/ide/opti621.c         |  3 +--
 drivers/ide/pdc202xx_new.c    |  3 +--
 drivers/ide/pdc202xx_old.c    |  3 +--
 drivers/ide/piix.c            |  3 +--
 drivers/ide/sc1200.c          | 43 ++++++++++++++-----------------------------
 drivers/ide/serverworks.c     |  3 +--
 drivers/ide/setup-pci.c       | 29 ++++++-----------------------
 drivers/ide/siimage.c         |  3 +--
 drivers/ide/sis5513.c         |  3 +--
 drivers/ide/sl82c105.c        |  3 +--
 drivers/ide/slc90e66.c        |  3 +--
 drivers/ide/triflex.c         | 24 ++++++++----------------
 drivers/ide/via82cxxx.c       |  3 +--
 include/linux/ide.h           |  8 +-------
 34 files changed, 65 insertions(+), 161 deletions(-)
Merging vfio-fixes/for-linus (e4eccb853664 vfio/pci: Bypass IGD init in case of -ENODEV)
$ git merge vfio-fixes/for-linus
Already up to date.
Merging kselftest-fixes/fixes (7a6eb7c34a78 selftests: Skip BPF seftests by default)
$ git merge kselftest-fixes/fixes
Merge made by the 'recursive' strategy.
 tools/testing/selftests/Makefile | 6 ++++--
 1 file changed, 4 insertions(+), 2 deletions(-)
Merging modules-fixes/modules-linus (57baec7b1b04 scripts/nsdeps: make sure to pass all module source files to spatch)
$ git merge modules-fixes/modules-linus
Already up to date.
Merging dmaengine-fixes/fixes (e1263f9277ba dmaengine: stm32-mdma: fix STM32_MDMA_VERY_HIGH_PRIORITY value)
$ git merge dmaengine-fixes/fixes
Auto-merging MAINTAINERS
Merge made by the 'recursive' strategy.
 Documentation/devicetree/bindings/dma/ti/k3-bcdma.yaml  |  4 +++-
 Documentation/devicetree/bindings/dma/ti/k3-pktdma.yaml |  4 +++-
 Documentation/devicetree/bindings/dma/ti/k3-udma.yaml   |  4 +++-
 MAINTAINERS                                             | 13 +++++++++++++
 drivers/dma/dw-edma/dw-edma-core.c                      |  4 ++--
 drivers/dma/idxd/sysfs.c                                |  4 ++--
 drivers/dma/mediatek/mtk-hsdma.c                        |  1 +
 drivers/dma/milbeaut-xdmac.c                            |  4 +++-
 drivers/dma/qcom/bam_dma.c                              |  6 +-----
 drivers/dma/qcom/gpi.c                                  | 10 +++++-----
 drivers/dma/stm32-mdma.c                                |  2 +-
 drivers/dma/ti/k3-udma.c                                |  6 +++---
 drivers/dma/xilinx/xilinx_dma.c                         | 11 ++++++++---
 13 files changed, 48 insertions(+), 25 deletions(-)
Merging backlight-fixes/for-backlight-fixes (bbf5c979011a Linux 5.9)
$ git merge backlight-fixes/for-backlight-fixes
Already up to date.
Merging mtd-fixes/mtd/fixes (4883a60c17ed mtd: rawnand: gpmi: fix dst bit offset when extracting raw payload)
$ git merge mtd-fixes/mtd/fixes
Merge made by the 'recursive' strategy.
 drivers/mtd/nand/raw/gpmi-nand/gpmi-nand.c | 2 +-
 1 file changed, 1 insertion(+), 1 deletion(-)
Merging mfd-fixes/for-mfd-fixes (bbf5c979011a Linux 5.9)
$ git merge mfd-fixes/for-mfd-fixes
Already up to date.
Merging v4l-dvb-fixes/fixes (896111dc4bcf media: rc: ensure that uevent can be read directly after rc device register)
$ git merge v4l-dvb-fixes/fixes
Merge made by the 'recursive' strategy.
 drivers/media/rc/rc-main.c | 4 ++--
 1 file changed, 2 insertions(+), 2 deletions(-)
Merging reset-fixes/reset/fixes (b460e0a9e240 reset: intel: add unspecified HAS_IOMEM dependency)
$ git merge reset-fixes/reset/fixes
Already up to date.
Merging mips-fixes/mips-fixes (698222457465 MIPS: Fix malformed NT_FILE and NT_SIGINFO in 32bit coredumps)
$ git merge mips-fixes/mips-fixes
Merge made by the 'recursive' strategy.
 arch/mips/boot/compressed/decompress.c | 3 ++-
 arch/mips/kernel/binfmt_elfn32.c       | 7 +++++++
 arch/mips/kernel/binfmt_elfo32.c       | 7 +++++++
 3 files changed, 16 insertions(+), 1 deletion(-)
Merging at91-fixes/at91-fixes (5c8fe583cce5 Linux 5.11-rc1)
$ git merge at91-fixes/at91-fixes
Already up to date.
Merging omap-fixes/fixes (181739822cf6 ARM: dts; gta04: SPI panel chip select is active low)
$ git merge omap-fixes/fixes
Auto-merging drivers/soc/ti/omap_prm.c
Merge made by the 'recursive' strategy.
 arch/arm/boot/dts/omap3-gta04.dtsi |  3 +--
 arch/arm/mach-omap1/board-osk.c    |  2 ++
 drivers/soc/ti/omap_prm.c          | 11 +++++++++++
 3 files changed, 14 insertions(+), 2 deletions(-)
Merging kvm-fixes/master (111d0bda8eeb tools/kvm_stat: Exempt time-based counters)
$ git merge kvm-fixes/master
Already up to date.
Merging kvms390-fixes/master (735931f9a51a MAINTAINERS: add uv.c also to KVM/s390)
$ git merge kvms390-fixes/master
Already up to date.
Merging hwmon-fixes/hwmon (1eda52334e6d hwmon: (pwm-fan) Ensure that calculation doesn't discard big period values)
$ git merge hwmon-fixes/hwmon
Merge made by the 'recursive' strategy.
 Documentation/hwmon/sbtsi_temp.rst |  2 +-
 drivers/hwmon/pwm-fan.c            | 12 +++++++++++-
 2 files changed, 12 insertions(+), 2 deletions(-)
Merging nvdimm-fixes/libnvdimm-fixes (88b67edd7247 dax: Fix compilation for CONFIG_DAX && !CONFIG_FS_DAX)
$ git merge nvdimm-fixes/libnvdimm-fixes
Already up to date.
Merging btrfs-fixes/next-fixes (e4867bc3cdd7 Merge branch 'misc-5.11' into next-fixes)
$ git merge btrfs-fixes/next-fixes
Already up to date!
Merge made by the 'recursive' strategy.
Merging vfs-fixes/fixes (a0a6df9afcaf umount(2): move the flag validity checks first)
$ git merge vfs-fixes/fixes
Merge made by the 'recursive' strategy.
 fs/namespace.c | 7 +++++--
 1 file changed, 5 insertions(+), 2 deletions(-)
Merging dma-mapping-fixes/for-linus (892fc9f6835e dma-pool: Fix an uninitialized variable bug in atomic_pool_expand())
$ git merge dma-mapping-fixes/for-linus
Already up to date.
Merging i3c-fixes/i3c/fixes (291b5c9870fc i3c/master/mipi-i3c-hci: Fix position of __maybe_unused in i3c_hci_of_match)
$ git merge i3c-fixes/i3c/fixes
Merge made by the 'recursive' strategy.
 drivers/i3c/master/mipi-i3c-hci/core.c | 2 +-
 1 file changed, 1 insertion(+), 1 deletion(-)
Merging drivers-x86-fixes/fixes (5b569302520a platform/x86: amd-pmc: Fix CONFIG_DEBUG_FS check)
$ git merge drivers-x86-fixes/fixes
Merge made by the 'recursive' strategy.
 drivers/platform/surface/Kconfig                 |  8 +++---
 drivers/platform/surface/surface_gpe.c           |  4 +--
 drivers/platform/x86/amd-pmc.c                   |  2 +-
 drivers/platform/x86/i2c-multi-instantiate.c     | 31 +++++++++++++++++------
 drivers/platform/x86/intel-vbtn.c                |  6 +++++
 drivers/platform/x86/thinkpad_acpi.c             |  4 +--
 drivers/platform/x86/touchscreen_dmi.c           | 18 +++++++++++++
 tools/power/x86/intel-speed-select/isst-config.c | 32 ++++++++++++++++++++++++
 8 files changed, 88 insertions(+), 17 deletions(-)
Merging samsung-krzk-fixes/fixes (5c8fe583cce5 Linux 5.11-rc1)
$ git merge samsung-krzk-fixes/fixes
Already up to date.
Merging pinctrl-samsung-fixes/fixes (5c8fe583cce5 Linux 5.11-rc1)
$ git merge pinctrl-samsung-fixes/fixes
Already up to date.
Merging devicetree-fixes/dt/linus (2b8f061a4f50 dt-bindings: Drop redundant maxItems/items)
$ git merge devicetree-fixes/dt/linus
Already up to date.
Merging scsi-fixes/fixes (be2553358cd4 scsi: sd: Remove obsolete variable in sd_remove())
$ git merge scsi-fixes/fixes
Merge made by the 'recursive' strategy.
 drivers/scsi/hisi_sas/hisi_sas.h            |  4 ++
 drivers/scsi/hisi_sas/hisi_sas_main.c       | 11 +++++
 drivers/scsi/hisi_sas/hisi_sas_v2_hw.c      | 66 +++++++++++++++++++++++------
 drivers/scsi/megaraid/megaraid_sas_base.c   | 39 +++++++++++++++++
 drivers/scsi/megaraid/megaraid_sas_fusion.c | 29 +++++++------
 drivers/scsi/mpt3sas/Kconfig                |  2 +-
 drivers/scsi/qedi/qedi_main.c               |  4 +-
 drivers/scsi/scsi_debug.c                   |  5 ++-
 drivers/scsi/sd.c                           |  6 +--
 drivers/scsi/ufs/ufshcd.c                   | 24 +++++------
 10 files changed, 142 insertions(+), 48 deletions(-)
Merging drm-fixes/drm-fixes (2c85ebc57b3e Linux 5.10)
$ git merge drm-fixes/drm-fixes
Already up to date.
Merging amdgpu-fixes/drm-fixes (2c409ba81be2 drm/radeon: fix si_enable_smc_cac() failed issue)
$ git merge amdgpu-fixes/drm-fixes
Already up to date.
Merging drm-intel-fixes/for-linux-next-fixes (9397d66212cd drm/i915/dp: Track pm_qos per connector)
$ git merge drm-intel-fixes/for-linux-next-fixes
Merge made by the 'recursive' strategy.
 drivers/gpu/drm/i915/display/intel_display_types.h |  3 +++
 drivers/gpu/drm/i915/display/intel_dp.c            |  8 +++++--
 drivers/gpu/drm/i915/gem/i915_gem_execbuffer.c     |  4 +++-
 drivers/gpu/drm/i915/gt/uc/intel_uc_fw.c           |  1 +
 drivers/gpu/drm/i915/i915_cmd_parser.c             | 27 ++++++++--------------
 drivers/gpu/drm/i915/i915_drv.c                    |  5 ----
 drivers/gpu/drm/i915/i915_drv.h                    |  3 ---
 7 files changed, 22 insertions(+), 29 deletions(-)
Merging mmc-fixes/fixes (c0d638a03bc5 mmc: mediatek: mark PM functions as __maybe_unused)
$ git merge mmc-fixes/fixes
Already up to date.
Merging rtc-fixes/rtc-fixes (5c8fe583cce5 Linux 5.11-rc1)
$ git merge rtc-fixes/rtc-fixes
Already up to date.
Merging gnss-fixes/gnss-linus (5c8fe583cce5 Linux 5.11-rc1)
$ git merge gnss-fixes/gnss-linus
Already up to date.
Merging hyperv-fixes/hyperv-fixes (ad0a6bad4475 x86/hyperv: check cpu mask after interrupt has been disabled)
$ git merge hyperv-fixes/hyperv-fixes
Merge made by the 'recursive' strategy.
 arch/x86/hyperv/hv_init.c       |  4 ++++
 arch/x86/hyperv/mmu.c           | 12 +++++++++---
 arch/x86/include/asm/mshyperv.h |  2 ++
 arch/x86/kernel/cpu/mshyperv.c  | 18 ++++++++++++++++++
 drivers/hv/vmbus_drv.c          |  2 --
 5 files changed, 33 insertions(+), 5 deletions(-)
Merging soc-fsl-fixes/fix (2663b3388551 soc: fsl: dpio: Get the cpumask through cpumask_of(cpu))
$ git merge soc-fsl-fixes/fix
Already up to date.
Merging risc-v-fixes/fixes (20620d72c31e riscv: return -ENOSYS for syscall -1)
$ git merge risc-v-fixes/fixes
Merge made by the 'recursive' strategy.
 arch/riscv/kernel/entry.S | 9 +--------
 1 file changed, 1 insertion(+), 8 deletions(-)
Merging pidfd-fixes/fixes (a409ed156a90 Merge tag 'gpio-v5.11-1' of git://git.kernel.org/pub/scm/linux/kernel/git/linusw/linux-gpio)
$ git merge pidfd-fixes/fixes
Already up to date.
Merging fpga-fixes/fixes (8614afd689df fpga: dfl: fix bug in port reset handshake)
$ git merge fpga-fixes/fixes
Already up to date.
Merging spdx/spdx-linus (5c8fe583cce5 Linux 5.11-rc1)
$ git merge spdx/spdx-linus
Already up to date.
Merging gpio-intel-fixes/fixes (5c8fe583cce5 Linux 5.11-rc1)
$ git merge gpio-intel-fixes/fixes
Already up to date.
Merging pinctrl-intel-fixes/fixes (5c8fe583cce5 Linux 5.11-rc1)
$ git merge pinctrl-intel-fixes/fixes
Already up to date.
Merging erofs-fixes/fixes (a30573b3cdc7 erofs: fix setting up pcluster for temporary pages)
$ git merge erofs-fixes/fixes
Already up to date.
Merging integrity-fixes/fixes (843385694721 evm: Fix a small race in init_desc())
$ git merge integrity-fixes/fixes
Already up to date.
Merging kunit-fixes/kunit-fixes (65a4e5299739 kunit: tool: Force the use of the 'tty' console for UML)
$ git merge kunit-fixes/kunit-fixes
Merge made by the 'recursive' strategy.
 tools/testing/kunit/kunit_kernel.py | 2 +-
 1 file changed, 1 insertion(+), 1 deletion(-)
Merging ubifs-fixes/fixes (78c7d49f55d8 ubifs: journal: Make sure to not dirty twice for auth nodes)
$ git merge ubifs-fixes/fixes
Already up to date.
Merging memblock-fixes/fixes (b9bc36704cca ARM, xtensa: highmem: avoid clobbering non-page aligned memory reservations)
$ git merge memblock-fixes/fixes
Already up to date.
Merging drm-misc-fixes/for-linux-next-fixes (da21afa69a8c dmabuf: fix use-after-free of dmabuf's file->f_inode)
$ git merge drm-misc-fixes/for-linux-next-fixes
Auto-merging drivers/dma-buf/dma-buf.c
Merge made by the 'recursive' strategy.
 drivers/dma-buf/dma-buf.c | 21 +++++++++++++++++----
 1 file changed, 17 insertions(+), 4 deletions(-)
Merging kspp-gustavo/for-next/kspp (36f9ff9e03de lib: Fix fall-through warnings for Clang)
$ git merge kspp-gustavo/for-next/kspp
Already up to date.
Merging kbuild/for-next (a76082b037f5 Makefile: use smaller dictionary size for xz module compression)
$ git merge kbuild/for-next
Auto-merging Makefile
Merge made by the 'recursive' strategy.
 Makefile | 2 +-
 1 file changed, 1 insertion(+), 1 deletion(-)
Merging compiler-attributes/compiler-attributes (196793946264 Compiler Attributes: remove CONFIG_ENABLE_MUST_CHECK)
$ git merge compiler-attributes/compiler-attributes
Already up to date.
Merging dma-mapping/for-next (f726c72d6c05 dma-mapping: benchmark: check the validity of dma mask bits)
$ git merge dma-mapping/for-next
Merge made by the 'recursive' strategy.
 kernel/dma/map_benchmark.c | 6 ++++++
 1 file changed, 6 insertions(+)
Merging asm-generic/master (2c85ebc57b3e Linux 5.10)
$ git merge asm-generic/master
Already up to date.
Merging arc/for-next (def9d2780727 Linux 5.5-rc7)
$ git merge arc/for-next
Already up to date.
Merging arm/for-next (ecbbb88727ae Merge branch 'devel-stable' into for-next)
$ git merge arm/for-next
Already up to date.
Merging arm64/for-next/core (95d1718c961e Merge remote-tracking branch 'arm64/for-next/iommu/core' into for-next/core)
$ git merge arm64/for-next/core
Already up to date!
Merge made by the 'recursive' strategy.
Merging arm-perf/for-next/perf (881b0520504a perf/imx_ddr: Add system PMU identifier for userspace)
$ git merge arm-perf/for-next/perf
Already up to date.
Merging arm-soc/for-next (9b28a2eacfe4 soc: document merges)
$ git merge arm-soc/for-next
Merge made by the 'recursive' strategy.
 arch/arm/arm-soc-for-next-contents.txt | 21 +++++++++++++++++++++
 1 file changed, 21 insertions(+)
 create mode 100644 arch/arm/arm-soc-for-next-contents.txt
Merging actions/for-next (a501abf8d8cb Merge branch 'v5.12/soc' into for-next)
$ git merge actions/for-next
Auto-merging MAINTAINERS
Merge made by the 'recursive' strategy.
 MAINTAINERS                                    |   1 +
 arch/arm/boot/dts/owl-s500-cubieboard6.dts     |   7 --
 arch/arm/boot/dts/owl-s500-guitar-bb-rev-b.dts |   7 --
 arch/arm/boot/dts/owl-s500-labrador-base-m.dts |   7 --
 arch/arm/boot/dts/owl-s500-roseapplepi.dts     |  97 ++++++++++++++++-
 arch/arm/boot/dts/owl-s500-sparky.dts          |   7 --
 arch/arm/boot/dts/owl-s500.dtsi                | 140 +++++++++++++++++++++++++
 7 files changed, 233 insertions(+), 33 deletions(-)
Merging amlogic/for-next (60f232d3c04a Merge branch 'v5.12/dt64' into tmp/aml-rebuild)
$ git merge amlogic/for-next
Merge made by the 'recursive' strategy.
 arch/arm64/boot/dts/amlogic/meson-g12-common.dtsi     |  2 +-
 .../boot/dts/amlogic/meson-gxl-s905x-khadas-vim.dts   |  4 ++--
 arch/arm64/boot/dts/amlogic/meson-gxm-khadas-vim2.dts |  4 ++--
 arch/arm64/boot/dts/amlogic/meson-khadas-vim3.dtsi    | 19 +++++++++----------
 arch/arm64/boot/dts/amlogic/meson-sm1-sei610.dts      |  8 ++++----
 5 files changed, 18 insertions(+), 19 deletions(-)
Merging aspeed/for-next (41707a524026 Merge branches 'soc-for-v5.11' and 'defconfig-for-v5.11' into for-next)
$ git merge aspeed/for-next
Merge made by the 'recursive' strategy.
 arch/arm/configs/aspeed_g5_defconfig | 4 ++++
 1 file changed, 4 insertions(+)
Merging at91/at91-next (3e3d5e8a7d73 Merge branches 'at91-soc' and 'at91-defconfig' into at91-next)
$ git merge at91/at91-next
Merge made by the 'recursive' strategy.
 arch/arm/configs/at91_dt_defconfig  |  1 -
 arch/arm/configs/multi_v5_defconfig |  1 -
 arch/arm/configs/multi_v7_defconfig |  1 -
 arch/arm/configs/sama5_defconfig    |  1 -
 drivers/soc/atmel/soc.c             | 12 ++++++++++++
 5 files changed, 12 insertions(+), 4 deletions(-)
Merging drivers-memory/for-next (81053f0e95da Merge branch 'for-v5.12/tegra-mc' into for-next)
$ git merge drivers-memory/for-next
Removing include/soc/tegra/emc.h
Merge made by the 'recursive' strategy.
 .../memory-controllers/renesas,rpc-if.yaml         |   6 +-
 drivers/clk/tegra/Kconfig                          |   3 +
 drivers/clk/tegra/Makefile                         |   2 +-
 drivers/clk/tegra/clk-tegra124-emc.c               |  41 ++-
 drivers/clk/tegra/clk-tegra124.c                   |  26 +-
 drivers/clk/tegra/clk.h                            |  18 +-
 drivers/memory/Kconfig                             |   6 +-
 drivers/memory/emif.c                              |   3 +-
 drivers/memory/mtk-smi.c                           |   4 +-
 drivers/memory/tegra/Kconfig                       |   4 +-
 drivers/memory/tegra/tegra124-emc.c                | 377 ++++++++++++++++++---
 drivers/memory/tegra/tegra124.c                    |  82 ++++-
 include/linux/clk/tegra.h                          |   8 +
 include/soc/tegra/emc.h                            |  16 -
 14 files changed, 517 insertions(+), 79 deletions(-)
 delete mode 100644 include/soc/tegra/emc.h
Merging imx-mxs/for-next (90330a6dbd8c Merge branch 'imx/defconfig' into for-next)
$ git merge imx-mxs/for-next
Merge made by the 'recursive' strategy.
 Documentation/devicetree/bindings/arm/fsl.yaml     |   1 +
 arch/arm/boot/dts/imx6qdl-kontron-samx6i.dtsi      |   2 +-
 arch/arm/configs/imx_v6_v7_defconfig               |   1 +
 arch/arm64/boot/dts/freescale/Makefile             |   1 +
 arch/arm64/boot/dts/freescale/fsl-ls1012a-qds.dts  |   5 +
 arch/arm64/boot/dts/freescale/fsl-ls1012a-rdb.dts  |   5 +
 arch/arm64/boot/dts/freescale/fsl-ls1043a.dtsi     |  25 ++
 arch/arm64/boot/dts/freescale/fsl-ls1046a-rdb.dts  |   3 +
 arch/arm64/boot/dts/freescale/fsl-ls1046a.dtsi     |  25 ++
 arch/arm64/boot/dts/freescale/fsl-ls1088a-rdb.dts  |   6 +-
 arch/arm64/boot/dts/freescale/fsl-ls1088a.dtsi     |  31 ++
 arch/arm64/boot/dts/freescale/fsl-ls208xa-rdb.dtsi |   4 +-
 arch/arm64/boot/dts/freescale/fsl-ls208xa.dtsi     |  33 +-
 arch/arm64/boot/dts/freescale/fsl-lx2160a-qds.dts  |   2 +
 arch/arm64/boot/dts/freescale/fsl-lx2160a-rdb.dts  |   8 +-
 arch/arm64/boot/dts/freescale/fsl-lx2160a.dtsi     |  31 ++
 arch/arm64/boot/dts/freescale/fsl-lx2162a-qds.dts  |   2 +
 .../dts/freescale/imx8mn-beacon-baseboard.dtsi     | 307 +++++++++++++++
 .../arm64/boot/dts/freescale/imx8mn-beacon-kit.dts |  19 +
 .../boot/dts/freescale/imx8mn-beacon-som.dtsi      | 433 +++++++++++++++++++++
 arch/arm64/configs/defconfig                       |   2 +
 drivers/clk/imx/clk-imx8qxp.c                      |  26 +-
 include/dt-bindings/clock/imx8-clock.h             |   2 +
 23 files changed, 963 insertions(+), 11 deletions(-)
 create mode 100644 arch/arm64/boot/dts/freescale/imx8mn-beacon-baseboard.dtsi
 create mode 100644 arch/arm64/boot/dts/freescale/imx8mn-beacon-kit.dts
 create mode 100644 arch/arm64/boot/dts/freescale/imx8mn-beacon-som.dtsi
Merging keystone/next (b2a8f6ce4bdc Merge branch 'for_5.11/drivers-soc' into next)
$ git merge keystone/next
Already up to date!
Merge made by the 'recursive' strategy.
Merging mediatek/for-next (727bfb2c55b0 Merge branch 'v5.10-next/soc' into for-next)
$ git merge mediatek/for-next
Already up to date!
Merge made by the 'recursive' strategy.
Merging mvebu/for-next (dc14300bb67b Merge branch 'mvebu/dt64' into mvebu/for-next)
$ git merge mvebu/for-next
Already up to date!
Merge made by the 'recursive' strategy.
Merging omap/for-next (792952314166 Merge branch 'omap-for-v5.11/dt' into for-next)
$ git merge omap/for-next
Auto-merging arch/arm/configs/multi_v7_defconfig
Auto-merging arch/arm/boot/dts/omap3-gta04.dtsi
Merge made by the 'recursive' strategy.
 arch/arm/boot/dts/am335x-evm.dts   | 13 ++++++----
 arch/arm/boot/dts/am335x-evmsk.dts | 14 +++++------
 arch/arm/boot/dts/am335x-icev2.dts | 14 +++++------
 arch/arm/boot/dts/am33xx-l4.dtsi   | 49 ++++++++++++++++++++++++++++++++++++++
 arch/arm/boot/dts/am574x-idk.dts   |  4 ++++
 arch/arm/boot/dts/dra71-evm.dts    |  2 ++
 arch/arm/boot/dts/dra76x.dtsi      | 36 ++++++++++++++++++++++++++++
 arch/arm/boot/dts/omap3-gta04.dtsi |  4 ++--
 8 files changed, 113 insertions(+), 23 deletions(-)
Merging qcom/for-next (030a0b7dc0f7 Merge branches 'arm64-defconfig-for-5.12', 'arm64-for-5.12', 'drivers-for-5.12' and 'dts-for-5.12' into for-next)
$ git merge qcom/for-next
Auto-merging arch/arm64/configs/defconfig
Removing Documentation/devicetree/bindings/soc/qcom/qcom,smem.txt
Merge made by the 'recursive' strategy.
 .../devicetree/bindings/arm/msm/qcom,llcc.yaml     |   1 +
 Documentation/devicetree/bindings/arm/qcom.yaml    |   6 +
 .../devicetree/bindings/soc/qcom/qcom,smem.txt     |  57 --
 .../devicetree/bindings/soc/qcom/qcom,smem.yaml    |  72 +++
 arch/arm/boot/dts/Makefile                         |   3 +-
 arch/arm/boot/dts/qcom-sdx55-mtp.dts               |  27 +
 arch/arm/boot/dts/qcom-sdx55.dtsi                  | 193 +++++++
 arch/arm64/boot/dts/qcom/Makefile                  |   1 +
 arch/arm64/boot/dts/qcom/msm8916-asus-z00l.dts     | 195 +++++++
 arch/arm64/boot/dts/qcom/qrb5165-rb5.dts           | 257 ++++++++-
 arch/arm64/boot/dts/qcom/sc7180-trogdor.dtsi       |   2 +-
 arch/arm64/boot/dts/qcom/sc7180.dtsi               |   6 -
 .../boot/dts/qcom/sdm850-lenovo-yoga-c630.dts      |  10 +-
 arch/arm64/boot/dts/qcom/sm8150.dtsi               | 102 ++++
 arch/arm64/boot/dts/qcom/sm8250-mtp.dts            |  60 +++
 arch/arm64/boot/dts/qcom/sm8250.dtsi               | 592 ++++++++++++++++++++-
 arch/arm64/configs/defconfig                       |   4 +-
 drivers/soc/qcom/llcc-qcom.c                       |  50 ++
 drivers/soc/qcom/rpmh-rsc.c                        |   2 +-
 drivers/soc/qcom/smem.c                            |   4 +-
 include/linux/soc/qcom/llcc-qcom.h                 |   3 +
 21 files changed, 1560 insertions(+), 87 deletions(-)
 delete mode 100644 Documentation/devicetree/bindings/soc/qcom/qcom,smem.txt
 create mode 100644 Documentation/devicetree/bindings/soc/qcom/qcom,smem.yaml
 create mode 100644 arch/arm/boot/dts/qcom-sdx55-mtp.dts
 create mode 100644 arch/arm/boot/dts/qcom-sdx55.dtsi
 create mode 100644 arch/arm64/boot/dts/qcom/msm8916-asus-z00l.dts
Merging raspberrypi/for-next (e10bb7f95cba ARM: dts: bcm2711: Use compatible string for BCM2711 DSI1)
$ git merge raspberrypi/for-next
Merge made by the 'recursive' strategy.
 arch/arm/boot/dts/bcm2711.dtsi | 1 +
 1 file changed, 1 insertion(+)
Merging realtek/for-next (486f29df6941 Merge branch 'v5.8/dt' into next)
$ git merge realtek/for-next
Already up to date!
Merge made by the 'recursive' strategy.
Merging renesas/next (b8e76cdb1574 Merge branches 'renesas-arm-dt-for-v5.12' and 'renesas-dt-bindings-for-v5.12' into renesas-next)
$ git merge renesas/next
Merge made by the 'recursive' strategy.
 Documentation/devicetree/bindings/arm/renesas.yaml |   2 +
 .../boot/dts/renesas/beacon-renesom-baseboard.dtsi |  37 +++---
 .../arm64/boot/dts/renesas/beacon-renesom-som.dtsi |  12 +-
 arch/arm64/boot/dts/renesas/r8a77951.dtsi          |  65 ++++++++++
 arch/arm64/boot/dts/renesas/r8a77960.dtsi          |  65 ++++++++++
 arch/arm64/boot/dts/renesas/r8a77961.dtsi          | 135 +++++++++++++++++++++
 arch/arm64/boot/dts/renesas/r8a77965.dtsi          |  65 ++++++++++
 arch/arm64/boot/dts/renesas/r8a77990.dtsi          |  65 ++++++++++
 arch/arm64/boot/dts/renesas/r8a77995.dtsi          | 135 +++++++++++++++++++++
 arch/arm64/boot/dts/renesas/r8a779a0-falcon.dts    |   5 +
 arch/arm64/boot/dts/renesas/r8a779a0.dtsi          |  10 ++
 11 files changed, 572 insertions(+), 24 deletions(-)
Merging reset/reset/next (69e392526dc2 dt-bindings: reset: convert Hisilicon reset controller bindings to json-schema)
$ git merge reset/reset/next
Auto-merging drivers/reset/Kconfig
Removing Documentation/devicetree/bindings/reset/hisilicon,hi3660-reset.txt
Merge made by the 'recursive' strategy.
 .../reset/brcm,bcm4908-misc-pcie-reset.yaml        | 39 +++++++++++
 .../bindings/reset/hisilicon,hi3660-reset.txt      | 44 -------------
 .../bindings/reset/hisilicon,hi3660-reset.yaml     | 77 ++++++++++++++++++++++
 drivers/reset/Kconfig                              |  2 +-
 drivers/reset/hisilicon/reset-hi3660.c             |  9 ++-
 drivers/reset/reset-simple.c                       |  2 +
 6 files changed, 126 insertions(+), 47 deletions(-)
 create mode 100644 Documentation/devicetree/bindings/reset/brcm,bcm4908-misc-pcie-reset.yaml
 delete mode 100644 Documentation/devicetree/bindings/reset/hisilicon,hi3660-reset.txt
 create mode 100644 Documentation/devicetree/bindings/reset/hisilicon,hi3660-reset.yaml
Merging rockchip/for-next (e15c5c9836dc Merge branch 'v5.11-armsoc/dts64' into for-next)
$ git merge rockchip/for-next
Already up to date!
Merge made by the 'recursive' strategy.
Merging samsung-krzk/for-next (ef2a4443c150 Merge branch 'next/dt' into for-next)
$ git merge samsung-krzk/for-next
Merge made by the 'recursive' strategy.
 arch/arm/boot/dts/exynos3250-artik5.dtsi           |  2 +-
 arch/arm/boot/dts/exynos3250-monk.dts              |  2 +-
 arch/arm/boot/dts/exynos3250-rinato.dts            |  2 +-
 arch/arm/boot/dts/exynos4210-i9100.dts             | 30 ++++++----
 arch/arm/boot/dts/exynos5250-spring.dts            |  2 +-
 arch/arm/boot/dts/exynos5420-arndale-octa.dts      |  2 +-
 arch/arm/boot/dts/exynos5422-odroid-core.dtsi      |  2 +-
 arch/arm/boot/dts/exynos54xx.dtsi                  |  6 +-
 arch/arm/mach-exynos/Kconfig                       |  1 -
 .../boot/dts/exynos/exynos5433-tm2-common.dtsi     |  4 +-
 arch/arm64/boot/dts/exynos/exynos7-espresso.dts    |  2 +-
 drivers/soc/samsung/Kconfig                        | 12 ++--
 drivers/soc/samsung/Makefile                       |  3 +-
 drivers/soc/samsung/exynos-asv.c                   | 57 +++++++-----------
 drivers/soc/samsung/exynos-asv.h                   |  2 +
 drivers/soc/samsung/exynos-chipid.c                | 69 +++++++++++++++-------
 16 files changed, 106 insertions(+), 92 deletions(-)
Merging scmi/for-linux-next (dd63baa9d43f Merge branch 'for-next/scmi' of git://git.kernel.org/pub/scm/linux/kernel/git/sudeep.holla/linux into for-linux-next)
$ git merge scmi/for-linux-next
Auto-merging MAINTAINERS
Merge made by the 'recursive' strategy.
 Documentation/devicetree/bindings/arm/arm,scmi.txt |  8 +++++
 MAINTAINERS                                        |  2 ++
 drivers/firmware/arm_scmi/smc.c                    | 42 +++++++++++++++++++++-
 3 files changed, 51 insertions(+), 1 deletion(-)
Merging stm32/stm32-next (814fddb955f8 ARM: multi_v7_defconfig: enable STM32 dfsdm audio support)
$ git merge stm32/stm32-next
Auto-merging arch/arm/configs/multi_v7_defconfig
Auto-merging arch/arm/boot/dts/Makefile
Auto-merging Documentation/devicetree/bindings/vendor-prefixes.yaml
Auto-merging Documentation/devicetree/bindings/connector/usb-connector.yaml
CONFLICT (content): Merge conflict in Documentation/devicetree/bindings/connector/usb-connector.yaml
Auto-merging Documentation/devicetree/bindings/arm/stm32/stm32.yaml
Auto-merging Documentation/devicetree/bindings/arm/stm32/st,stm32-syscon.yaml
Resolved 'Documentation/devicetree/bindings/connector/usb-connector.yaml' using previous resolution.
Automatic merge failed; fix conflicts and then commit the result.
$ git commit --no-edit -v -a
[master a13c1deca23a] Merge remote-tracking branch 'stm32/stm32-next'
$ git diff -M --stat --summary HEAD^..
Merging sunxi/sunxi/for-next (2e76c5b3726d Merge branches 'sunxi/clk-for-5.12', 'sunxi/drivers-for-5.12' and 'sunxi/dt-for-5.12' into sunxi/for-next)
$ git merge sunxi/sunxi/for-next
Auto-merging arch/arm/boot/dts/Makefile
Merge made by the 'recursive' strategy.
 Documentation/devicetree/bindings/arm/sunxi.yaml   |  16 +-
 .../allwinner,sun7i-a20-sc-nmi.yaml                |   3 +
 arch/arm/boot/dts/Makefile                         |   1 +
 arch/arm/boot/dts/sun6i-a31s-sinovoip-bpi-m2.dts   |  71 +++++++
 .../boot/dts/sun8i-h2-plus-bananapi-m2-zero.dts    |  29 +++
 arch/arm/boot/dts/sun8i-s3-pinecube.dts            |   8 +-
 arch/arm/boot/dts/sun8i-v3-sl631-imx179.dts        |  12 ++
 arch/arm/boot/dts/sun8i-v3-sl631.dtsi              | 138 ++++++++++++++
 arch/arm/boot/dts/sun8i-v3s.dtsi                   |  11 +-
 arch/arm64/boot/dts/allwinner/Makefile             |   1 +
 .../dts/allwinner/sun50i-a64-pinephone-1.0.dts     |   2 +-
 .../dts/allwinner/sun50i-a64-pinephone-1.1.dts     |   2 +-
 .../dts/allwinner/sun50i-a64-pinephone-1.2.dts     |   2 +-
 .../allwinner/sun50i-a64-pinetab-early-adopter.dts |  26 +++
 .../boot/dts/allwinner/sun50i-a64-pinetab.dts      |   2 +-
 drivers/bus/sunxi-rsb.c                            | 211 +++++++++++++++------
 drivers/clk/sunxi-ng/ccu-sun50i-h6-r.c             |   5 +
 drivers/clk/sunxi-ng/ccu-sun50i-h6-r.h             |   2 +-
 drivers/clk/sunxi-ng/ccu-sun50i-h6.c               |   2 +-
 include/dt-bindings/clock/sun50i-h6-r-ccu.h        |   2 +
 include/dt-bindings/reset/sun50i-h6-r-ccu.h        |   1 +
 21 files changed, 472 insertions(+), 75 deletions(-)
 create mode 100644 arch/arm/boot/dts/sun8i-v3-sl631-imx179.dts
 create mode 100644 arch/arm/boot/dts/sun8i-v3-sl631.dtsi
 create mode 100644 arch/arm64/boot/dts/allwinner/sun50i-a64-pinetab-early-adopter.dts
Merging tegra/for-next (b11a0dfbd316 Merge branch for-5.11/arm64/defconfig into for-next)
$ git merge tegra/for-next
Already up to date!
Merge made by the 'recursive' strategy.
Merging ti-k3/ti-k3-next (1e3d655fe7b4 Merge branch 'ti-k3-config-next' into ti-k3-next)
$ git merge ti-k3/ti-k3-next
Already up to date!
Merge made by the 'recursive' strategy.
Merging ti-k3-new/ti-k3-next (5c8fe583cce5 Linux 5.11-rc1)
$ git merge ti-k3-new/ti-k3-next
Already up to date.
Merging clk/clk-next (abe7e32f1d50 Merge branches 'clk-ingenic', 'clk-vc5', 'clk-cleanup', 'clk-canaan' and 'clk-marvell' into clk-next)
$ git merge clk/clk-next
Already up to date.
Merging clk-renesas/renesas-clk (ab2ccacd7386 clk: renesas: r8a779a0: Add RWDT clocks)
$ git merge clk-renesas/renesas-clk
Merge made by the 'recursive' strategy.
 drivers/clk/renesas/r8a7796-cpg-mssr.c  |  5 +++++
 drivers/clk/renesas/r8a77965-cpg-mssr.c |  5 +++++
 drivers/clk/renesas/r8a77990-cpg-mssr.c |  5 +++++
 drivers/clk/renesas/r8a77995-cpg-mssr.c |  5 +++++
 drivers/clk/renesas/r8a779a0-cpg-mssr.c | 17 +++++++++++++++++
 5 files changed, 37 insertions(+)
Merging clk-samsung/for-next (44a9e78f9242 clk: samsung: Prevent potential endless loop in the PLL ops)
$ git merge clk-samsung/for-next
Already up to date.
Merging csky/linux-next (f0bbf052ae46 csky: Reconstruct VDSO framework)
$ git merge csky/linux-next
Removing arch/csky/include/asm/atomic.h
Merge made by the 'recursive' strategy.
 arch/csky/Kconfig                      |  20 +-
 arch/csky/abiv1/inc/abi/ckmmu.h        |   9 +-
 arch/csky/abiv1/inc/abi/vdso.h         |  18 +-
 arch/csky/abiv2/cacheflush.c           |   3 +
 arch/csky/abiv2/inc/abi/ckmmu.h        |  43 +++-
 arch/csky/abiv2/inc/abi/entry.h        |  19 +-
 arch/csky/abiv2/inc/abi/vdso.h         |  20 +-
 arch/csky/include/asm/atomic.h         | 212 ------------------
 arch/csky/include/asm/barrier.h        |  82 +++++--
 arch/csky/include/asm/bug.h            |   2 +
 arch/csky/include/asm/cmpxchg.h        |  27 ++-
 arch/csky/include/asm/futex.h          | 121 ++++++++++
 arch/csky/include/asm/memory.h         |   2 +-
 arch/csky/include/asm/mmu_context.h    |   9 +-
 arch/csky/include/asm/page.h           |   2 +-
 arch/csky/include/asm/pgalloc.h        |   2 +-
 arch/csky/include/asm/pgtable.h        |   4 +-
 arch/csky/include/asm/processor.h      |   2 +-
 arch/csky/include/asm/segment.h        |   2 +-
 arch/csky/include/asm/spinlock.h       | 167 --------------
 arch/csky/include/asm/spinlock_types.h |  10 -
 arch/csky/include/asm/vdso.h           |  19 +-
 arch/csky/kernel/Makefile              |   2 +-
 arch/csky/kernel/atomic.S              |  24 +-
 arch/csky/kernel/entry.S               | 106 +--------
 arch/csky/kernel/head.S                |  10 +-
 arch/csky/kernel/perf_event.c          |   2 +-
 arch/csky/kernel/ptrace.c              | 126 ++++++++++-
 arch/csky/kernel/setup.c               |  18 +-
 arch/csky/kernel/signal.c              |   4 +-
 arch/csky/kernel/smp.c                 |   7 +-
 arch/csky/kernel/traps.c               |  10 +-
 arch/csky/kernel/vdso.c                | 123 ++++++-----
 arch/csky/kernel/vdso/.gitignore       |   4 +
 arch/csky/kernel/vdso/Makefile         |  67 ++++++
 arch/csky/kernel/vdso/note.S           |  12 +
 arch/csky/kernel/vdso/rt_sigreturn.S   |  14 ++
 arch/csky/kernel/vdso/so2s.sh          |   5 +
 arch/csky/kernel/vdso/vdso.S           |  16 ++
 arch/csky/kernel/vdso/vdso.lds.S       |  54 +++++
 arch/csky/kernel/vmlinux.lds.S         |   2 +-
 arch/csky/mm/fault.c                   | 388 ++++++++++++++++++++-------------
 arch/csky/mm/init.c                    |  35 ++-
 arch/csky/mm/tlb.c                     |  42 +++-
 include/linux/cpuhotplug.h             |   1 +
 45 files changed, 1025 insertions(+), 842 deletions(-)
 delete mode 100644 arch/csky/include/asm/atomic.h
 create mode 100644 arch/csky/include/asm/futex.h
 create mode 100644 arch/csky/kernel/vdso/.gitignore
 create mode 100644 arch/csky/kernel/vdso/Makefile
 create mode 100644 arch/csky/kernel/vdso/note.S
 create mode 100644 arch/csky/kernel/vdso/rt_sigreturn.S
 create mode 100755 arch/csky/kernel/vdso/so2s.sh
 create mode 100644 arch/csky/kernel/vdso/vdso.S
 create mode 100644 arch/csky/kernel/vdso/vdso.lds.S
Merging h8300/h8300-next (8808515be0ed h8300: Replace <linux/clk-provider.h> by <linux/of_clk.h>)
$ git merge h8300/h8300-next
Auto-merging drivers/net/ethernet/smsc/smc91x.c
Auto-merging drivers/net/ethernet/smsc/Kconfig
Auto-merging drivers/clocksource/h8300_timer8.c
Auto-merging arch/h8300/kernel/setup.c
Merge made by the 'recursive' strategy.
 arch/h8300/Kconfig.cpu                  |  4 ++
 arch/h8300/boot/dts/edosk2674.dts       | 10 ++++-
 arch/h8300/boot/dts/h8300h_sim.dts      |  2 +-
 arch/h8300/boot/dts/h8s_sim.dts         |  2 +-
 arch/h8300/configs/edosk2674_defconfig  | 10 ++---
 arch/h8300/configs/h8300h-sim_defconfig |  8 +---
 arch/h8300/configs/h8s-sim_defconfig    |  8 +---
 arch/h8300/kernel/setup.c               |  2 +-
 arch/h8300/lib/memset.S                 | 17 +++++----
 drivers/clocksource/h8300_timer8.c      | 20 +++++-----
 drivers/irqchip/irq-renesas-h8300h.c    | 19 +++++++++-
 drivers/irqchip/irq-renesas-h8s.c       | 67 +++++++++++++++++++++++++--------
 drivers/net/ethernet/smsc/Kconfig       |  1 -
 drivers/net/ethernet/smsc/smc91x.c      | 10 +++++
 drivers/tty/serial/sh-sci.c             |  5 +--
 15 files changed, 123 insertions(+), 62 deletions(-)
Merging ia64/next (c331649e6371 ia64: Use libata instead of the legacy ide driver in defconfigs)
$ git merge ia64/next
Already up to date.
Merging m68k/for-next (2ae92e8b9b7e MAINTAINERS: Update m68k Mac entry)
$ git merge m68k/for-next
Already up to date.
Merging m68knommu/for-next (e71ba9452f0b Linux 5.11-rc2)
$ git merge m68knommu/for-next
Already up to date.
Merging microblaze/next (57ddf08642f0 microblaze: do not select TRACING_SUPPORT directly)
$ git merge microblaze/next
Merge made by the 'recursive' strategy.
 arch/microblaze/Kconfig | 1 -
 1 file changed, 1 deletion(-)
Merging mips/mips-next (ecd3e709747b MIPS: loongson64: smp.c: Fix block comment coding style)
$ git merge mips/mips-next
Removing arch/mips/kernel/irq-rm7000.c
Merge made by the 'recursive' strategy.
 arch/mips/Kconfig                                |  6 +--
 arch/mips/boot/compressed/head.S                 | 18 ++++----
 arch/mips/configs/loongson3_defconfig            |  2 +
 arch/mips/include/asm/irq_cpu.h                  |  2 -
 arch/mips/include/asm/mach-generic/irq.h         |  6 ---
 arch/mips/include/asm/mach-loongson64/loongson.h |  2 +-
 arch/mips/kernel/Makefile                        |  1 -
 arch/mips/kernel/cacheinfo.c                     | 34 ++++++++++++----
 arch/mips/kernel/cevt-txx9.c                     |  2 +-
 arch/mips/kernel/irq-rm7000.c                    | 45 --------------------
 arch/mips/kernel/perf_event_mipsxx.c             | 22 ++++++----
 arch/mips/kernel/smp-cps.c                       |  3 --
 arch/mips/kernel/vpe-cmp.c                       |  4 +-
 arch/mips/kernel/vpe-mt.c                        |  4 +-
 arch/mips/loongson64/init.c                      | 49 ++++++++++++++++++++++
 arch/mips/loongson64/numa.c                      | 52 +-----------------------
 arch/mips/loongson64/smp.c                       |  8 +++-
 arch/mips/pci/pci-ar2315.c                       |  6 +--
 18 files changed, 114 insertions(+), 152 deletions(-)
 delete mode 100644 arch/mips/kernel/irq-rm7000.c
Merging nds32/next (54bde873682b nds32: Fix bogus reference to <asm/procinfo.h>)
$ git merge nds32/next
Auto-merging arch/nds32/kernel/setup.c
Merge made by the 'recursive' strategy.
 arch/nds32/configs/defconfig |  1 -
 arch/nds32/kernel/setup.c    |  2 +-
 arch/nds32/kernel/time.c     |  2 +-
 arch/nds32/kernel/traps.c    | 50 +++-----------------------------------------
 4 files changed, 5 insertions(+), 50 deletions(-)
Merging nios2/for-next (6b57fa4d374b nios2: signal: Mark expected switch fall-through)
$ git merge nios2/for-next
Already up to date.
Merging openrisc/for-next (d8398bf840f8 openrisc: add local64.h to fix blk-iocost build)
$ git merge openrisc/for-next
Already up to date.
Merging parisc-hd/for-next (2c85ebc57b3e Linux 5.10)
$ git merge parisc-hd/for-next
Already up to date.
Merging powerpc/next (8a5be36b9303 Merge tag 'powerpc-5.11-1' of git://git.kernel.org/pub/scm/linux/kernel/git/powerpc/linux)
$ git merge powerpc/next
Already up to date.
Merging fsl/next (a76bea0287ce powerpc/kmcent2: add ranges to the pci bridges)
$ git merge fsl/next
Already up to date.
Merging soc-fsl/next (e95f287deed2 soc: fsl: handle RCPM errata A-008646 on SoC LS1021A)
$ git merge soc-fsl/next
Already up to date.
Merging risc-v/for-next (e2ae634014d3 Merge tag 'riscv-for-linus-5.11-mw0' of git://git.kernel.org/pub/scm/linux/kernel/git/riscv/linux)
$ git merge risc-v/for-next
Already up to date.
Merging s390/for-next (5e935f340864 Merge branch 'fixes' into for-next)
$ git merge s390/for-next
Already up to date!
Merge made by the 'recursive' strategy.
Merging sh/for-next (b0cfc315ff38 sh: fix syscall tracing)
$ git merge sh/for-next
Already up to date.
Merging sparc-next/master (dd0d718152e4 Merge tag 'spi-fix-v5.8-rc2' of git://git.kernel.org/pub/scm/linux/kernel/git/broonie/spi)
$ git merge sparc-next/master
Already up to date.
Merging uml/linux-next (1fb1abc83636 um: Fix build w/o CONFIG_PM_SLEEP)
$ git merge uml/linux-next
Already up to date.
Merging xtensa/xtensa-for-next (7b79eba1d0d1 xtensa: fix spelling mistake in Kconfig "wont" -> "won't")
$ git merge xtensa/xtensa-for-next
Auto-merging arch/xtensa/Kconfig
Merge made by the 'recursive' strategy.
 arch/xtensa/Kconfig | 2 +-
 1 file changed, 1 insertion(+), 1 deletion(-)
Merging fscrypt/master (a14d0b676491 fscrypt: allow deleting files with unsupported encryption policy)
$ git merge fscrypt/master
Already up to date.
Merging afs/afs-next (8409f67b6437 afs: Adjust the fileserver rotation algorithm to reprobe/retry more quickly)
$ git merge afs/afs-next
Already up to date.
Merging btrfs/for-next (97847e06525b Merge branch 'for-next-next-v5.10-20201211' into for-next-20201211)
$ git merge btrfs/for-next
Auto-merging fs/btrfs/space-info.c
CONFLICT (content): Merge conflict in fs/btrfs/space-info.c
Auto-merging fs/btrfs/qgroup.c
Auto-merging fs/btrfs/extent-tree.c
Auto-merging fs/btrfs/disk-io.c
Auto-merging fs/btrfs/ctree.h
Resolved 'fs/btrfs/space-info.c' using previous resolution.
Automatic merge failed; fix conflicts and then commit the result.
$ git commit --no-edit -v -a
[master ad2a4bf568c4] Merge remote-tracking branch 'btrfs/for-next'
$ git diff -M --stat --summary HEAD^..
 fs/btrfs/block-group.c       |  11 +-
 fs/btrfs/ctree.h             |   4 +-
 fs/btrfs/delayed-ref.h       |  12 +-
 fs/btrfs/disk-io.c           |   9 +-
 fs/btrfs/extent-tree.c       |   2 +-
 fs/btrfs/free-space-cache.c  |   6 +-
 fs/btrfs/ordered-data.c      |  13 +-
 fs/btrfs/space-info.c        | 274 +++++++++++++++++++++++++++++++++++--------
 fs/btrfs/space-info.h        |   3 +
 fs/btrfs/transaction.c       |  85 ++++++--------
 include/trace/events/btrfs.h | 104 +++++++++++++++-
 11 files changed, 394 insertions(+), 129 deletions(-)
Merging ceph/master (4972cf605f8a libceph, ceph: disambiguate ceph_connection_operations handlers)
$ git merge ceph/master
Merge made by the 'recursive' strategy.
 fs/ceph/mds_client.c    | 34 ++++++++++++++---------------
 net/ceph/auth_x.c       | 57 +++++++++++++++++++++++++++++--------------------
 net/ceph/crypto.c       |  3 ++-
 net/ceph/messenger_v2.c | 45 +++++++++++++++++++++-----------------
 net/ceph/mon_client.c   | 14 ++++++------
 net/ceph/osd_client.c   | 40 +++++++++++++++++-----------------
 6 files changed, 106 insertions(+), 87 deletions(-)
Merging cifs/for-next (3ba507dc5ef7 cifs: check pointer before freeing)
$ git merge cifs/for-next
Merge made by the 'recursive' strategy.
 fs/cifs/cifs_unicode.c |  6 ++++++
 fs/cifs/dfs_cache.c    |  3 ++-
 fs/cifs/dir.c          | 10 ++++++++--
 fs/cifs/smb2pdu.h      |  2 +-
 4 files changed, 17 insertions(+), 4 deletions(-)
Merging configfs/for-next (65cdb4a214c0 configfs: fix kernel-doc markup issue)
$ git merge configfs/for-next
Already up to date.
Merging ecryptfs/next (8b614cb8f1dc Merge tag '5.6-rc4-smb3-fixes' of git://git.samba.org/sfrench/cifs-2.6)
$ git merge ecryptfs/next
Already up to date.
Merging erofs/dev (d8b3df8b1048 erofs: avoid using generic_block_bmap)
$ git merge erofs/dev
Already up to date.
Merging exfat/dev (614cb5894306 Merge tag 'acpi-5.11-rc1-2' of git://git.kernel.org/pub/scm/linux/kernel/git/rafael/linux-pm)
$ git merge exfat/dev
Already up to date.
Merging ext3/for_next (d15cd626d7a4 Pull inotify memcg accounting patch.)
$ git merge ext3/for_next
Merge made by the 'recursive' strategy.
 fs/notify/fanotify/fanotify_user.c |  2 +-
 fs/notify/group.c                  | 25 ++++++++++++++++++++-----
 fs/notify/inotify/inotify_user.c   |  4 ++--
 fs/quota/quota_v2.c                | 11 ++++++++---
 include/linux/fsnotify_backend.h   |  1 +
 5 files changed, 32 insertions(+), 11 deletions(-)
Merging ext4/dev (5a3b590d4b2d ext4: don't leak old mountpoint samples)
$ git merge ext4/dev
Auto-merging fs/ext4/super.c
CONFLICT (content): Merge conflict in fs/ext4/super.c
Auto-merging fs/ext4/namei.c
Auto-merging fs/ext4/ioctl.c
Resolved 'fs/ext4/super.c' using previous resolution.
Automatic merge failed; fix conflicts and then commit the result.
$ git commit --no-edit -v -a
[master a4bdc2323537] Merge remote-tracking branch 'ext4/dev'
$ git diff -M --stat --summary HEAD^..
 fs/ext4/ext4_jbd2.c |  17 -----
 fs/ext4/ext4_jbd2.h |   5 --
 fs/ext4/file.c      |   7 +-
 fs/ext4/inode.c     |   6 +-
 fs/ext4/ioctl.c     |   3 +
 fs/ext4/namei.c     |  10 ++-
 fs/ext4/resize.c    |  20 ++++--
 fs/ext4/super.c     | 190 ++++++++++++++++++++++++++++++++--------------------
 fs/ext4/xattr.c     |   5 +-
 9 files changed, 159 insertions(+), 104 deletions(-)
Merging f2fs/dev (b21c46be11a0 f2fs: fix to keep isolation of atomic write)
$ git merge f2fs/dev
Merge made by the 'recursive' strategy.
 Documentation/ABI/testing/sysfs-fs-f2fs |  21 ++
 Documentation/filesystems/f2fs.rst      |   5 +
 fs/f2fs/Kconfig                         |  10 +
 fs/f2fs/acl.c                           |  23 +-
 fs/f2fs/compress.c                      | 190 +++++++++++++----
 fs/f2fs/data.c                          | 361 +++++++++++++-------------------
 fs/f2fs/f2fs.h                          |  69 +++++-
 fs/f2fs/file.c                          |  35 +++-
 fs/f2fs/gc.c                            |   8 +-
 fs/f2fs/node.c                          |   2 +-
 fs/f2fs/segment.c                       |   7 +
 fs/f2fs/segment.h                       |   4 +-
 fs/f2fs/super.c                         |  87 +++++++-
 fs/f2fs/sysfs.c                         |  77 ++++++-
 fs/f2fs/xattr.c                         |  15 +-
 include/linux/f2fs_fs.h                 |   3 +
 16 files changed, 621 insertions(+), 296 deletions(-)
Merging fsverity/fsverity (bde493349025 fs-verity: move structs needed for file signing to UAPI header)
$ git merge fsverity/fsverity
Already up to date.
Merging fuse/for-next (5d069dbe8aaf fuse: fix bad inode)
$ git merge fuse/for-next
Already up to date.
Merging jfs/jfs-next (3bef198f1b17 JFS: more checks for invalid superblock)
$ git merge jfs/jfs-next
Merge made by the 'recursive' strategy.
 fs/jfs/jfs_filsys.h |  1 +
 fs/jfs/jfs_mount.c  | 10 ++++++++++
 2 files changed, 11 insertions(+)
Merging nfs/linux-next (e71ba9452f0b Linux 5.11-rc2)
$ git merge nfs/linux-next
Already up to date.
Merging nfs-anna/linux-next (11392155f2bd NFS: Disable READ_PLUS by default)
$ git merge nfs-anna/linux-next
Auto-merging fs/nfs/nfs4proc.c
CONFLICT (content): Merge conflict in fs/nfs/nfs4proc.c
Resolved 'fs/nfs/nfs4proc.c' using previous resolution.
Automatic merge failed; fix conflicts and then commit the result.
$ git commit --no-edit -v -a
[master e2ed5993531d] Merge remote-tracking branch 'nfs-anna/linux-next'
$ git diff -M --stat --summary HEAD^..
Merging nfsd/nfsd-next (c3213d260a23 SUNRPC: Fix oops in the rpc_xdr_buf event class)
$ git merge nfsd/nfsd-next
Already up to date.
Merging cel/cel-next (7b723008f9c9 NFSD: Restore NFSv4 decoding's SAVEMEM functionality)
$ git merge cel/cel-next
Merge made by the 'recursive' strategy.
 fs/nfsd/nfs4proc.c   |  5 +++
 fs/nfsd/nfs4xdr.c    | 56 ++++++++++++++++++++++------------
 fs/nfsd/nfssvc.c     |  6 ----
 fs/nfsd/xdr4.h       |  1 -
 net/sunrpc/svcsock.c | 86 +++++++++++++++++++++++++++++++++++++++++++++++++++-
 5 files changed, 126 insertions(+), 28 deletions(-)
Merging orangefs/for-next (c1048828c3db orangefs: add splice file operations)
$ git merge orangefs/for-next
Already up to date.
Merging overlayfs/overlayfs-next (459c7c565ac3 ovl: unprivieged mounts)
$ git merge overlayfs/overlayfs-next
Already up to date.
Merging ubifs/next (b80a974b8c58 ubifs: ubifs_dump_node: Dump all branches of the index node)
$ git merge ubifs/next
Already up to date.
Merging v9fs/9p-next (324a158fe535 fs: 9p: add generic splice_write file operation)
$ git merge v9fs/9p-next
Merge made by the 'recursive' strategy.
Merging xfs/for-next (e82226138b20 xfs: remove xfs_buf_t typedef)
$ git merge xfs/for-next
Already up to date.
Merging zonefs/for-next (4f8b848788f7 zonefs: select CONFIG_CRC32)
$ git merge zonefs/for-next
Merge made by the 'recursive' strategy.
 fs/zonefs/Kconfig | 1 +
 1 file changed, 1 insertion(+)
Merging iomap/iomap-for-next (1a31182edd00 iomap: Call inode_dio_end() before generic_write_sync())
$ git merge iomap/iomap-for-next
Already up to date.
Merging djw-vfs/vfs-for-next (9b8523423b23 vfs: move __sb_{start,end}_write* to fs.h)
$ git merge djw-vfs/vfs-for-next
Already up to date.
Merging file-locks/locks-next (8d1ddb5e7937 fcntl: Fix potential deadlock in send_sig{io, urg}())
$ git merge file-locks/locks-next
Already up to date.
Merging vfs/for-next (24069db7ac98 Merge branches 'fixes', 'work.sparc', 'work.sparc32', 'work.elf-compat', 'work.recursive_removal', 'work.misc' and 'work.d_name' into for-next)
$ git merge vfs/for-next
Removing arch/sparc/mm/extable.c
Auto-merging arch/s390/Kconfig
Removing arch/mips/kernel/binfmt_elfo32.c
Removing arch/mips/kernel/binfmt_elfn32.c
Auto-merging arch/mips/kernel/Makefile
Auto-merging arch/mips/Kconfig
Merge made by the 'recursive' strategy.
 Documentation/filesystems/porting.rst              |   7 +
 arch/Kconfig                                       |   3 +
 arch/arm64/Kconfig                                 |   1 -
 arch/ia64/kernel/crash.c                           |   2 +-
 arch/mips/Kconfig                                  |   8 +-
 arch/mips/include/asm/elf.h                        |  56 ++--
 arch/mips/include/asm/elfcore-compat.h             |  29 ++
 arch/mips/kernel/Makefile                          |   4 +-
 arch/mips/kernel/binfmt_elfn32.c                   | 113 --------
 arch/mips/kernel/binfmt_elfo32.c                   | 116 --------
 arch/mips/kernel/scall64-n64.S                     |   2 +-
 arch/parisc/Kconfig                                |   1 -
 arch/powerpc/Kconfig                               |   1 -
 arch/powerpc/platforms/powernv/opal-core.c         |   6 +-
 arch/s390/Kconfig                                  |   1 -
 arch/s390/kernel/crash_dump.c                      |   2 +-
 arch/sparc/Kconfig                                 |   1 -
 arch/sparc/include/asm/elf_64.h                    |   1 -
 arch/sparc/include/asm/{extable_64.h => extable.h} |   4 +-
 arch/sparc/include/asm/processor_32.h              |   6 +-
 arch/sparc/include/asm/thread_info_64.h            |   1 +
 arch/sparc/include/asm/uaccess.h                   |   3 +
 arch/sparc/include/asm/uaccess_32.h                |  38 ---
 arch/sparc/include/asm/uaccess_64.h                |   1 -
 arch/sparc/kernel/head_32.S                        |   2 +-
 arch/sparc/kernel/head_64.S                        |   2 +-
 arch/sparc/kernel/process_32.c                     |  12 -
 arch/sparc/kernel/setup_32.c                       |   3 -
 arch/sparc/kernel/setup_64.c                       |   4 -
 arch/sparc/kernel/unaligned_32.c                   | 106 +------
 arch/sparc/lib/checksum_32.S                       |  64 ++---
 arch/sparc/lib/copy_user.S                         | 315 ++++++++-------------
 arch/sparc/lib/memset.S                            |  87 +++---
 arch/sparc/mm/Makefile                             |   2 +-
 arch/sparc/mm/extable.c                            | 107 -------
 arch/sparc/mm/fault_32.c                           |  80 +-----
 arch/sparc/mm/mm_32.h                              |   2 -
 arch/x86/Kconfig                                   |   2 +-
 arch/x86/include/asm/compat.h                      |  11 -
 arch/x86/include/asm/elf.h                         |   2 +-
 arch/x86/include/asm/elfcore-compat.h              |  31 ++
 drivers/infiniband/hw/qib/qib_fs.c                 |  68 +----
 fs/Kconfig.binfmt                                  |   2 +-
 fs/binfmt_elf.c                                    |  21 +-
 fs/binfmt_elf_fdpic.c                              |  22 +-
 fs/compat_binfmt_elf.c                             |   7 +-
 fs/cramfs/inode.c                                  |  18 +-
 fs/erofs/namei.c                                   |   4 +-
 fs/inode.c                                         |   1 +
 fs/jfs/super.c                                     |   1 -
 fs/namespace.c                                     |  53 ++--
 include/linux/elfcore-compat.h                     |  15 +-
 include/linux/elfcore.h                            |   7 +-
 include/linux/mount.h                              |   1 -
 kernel/kexec_core.c                                |   2 +-
 lib/extable.c                                      |   5 -
 56 files changed, 370 insertions(+), 1096 deletions(-)
 create mode 100644 arch/mips/include/asm/elfcore-compat.h
 delete mode 100644 arch/mips/kernel/binfmt_elfn32.c
 delete mode 100644 arch/mips/kernel/binfmt_elfo32.c
 rename arch/sparc/include/asm/{extable_64.h => extable.h} (92%)
 delete mode 100644 arch/sparc/mm/extable.c
 create mode 100644 arch/x86/include/asm/elfcore-compat.h
Merging printk/for-next (2e9dda43cb06 Merge branch 'printk-rework' into for-next)
$ git merge printk/for-next
Already up to date!
Merge made by the 'recursive' strategy.
Merging pci/next (e71ba9452f0b Linux 5.11-rc2)
$ git merge pci/next
Already up to date.
Merging pstore/for-next/pstore (26fecbf7602d pstore: Move kmsg_bytes default into Kconfig)
$ git merge pstore/for-next/pstore
Already up to date.
Merging hid/for-next (78aae108ab3a Merge branch 'for-5.12/intel-ish' into for-next)
$ git merge hid/for-next
Merge made by the 'recursive' strategy.
 Documentation/hid/amd-sfh-hid.rst        | 22 ++++-----
 Documentation/hid/hid-alps.rst           |  4 +-
 Documentation/hid/hid-sensor.rst         | 18 ++++----
 Documentation/hid/hid-transport.rst      | 12 ++---
 Documentation/hid/hiddev.rst             | 10 ++--
 Documentation/hid/hidraw.rst             |  5 +-
 Documentation/hid/intel-ish-hid.rst      | 78 ++++++++++++++++----------------
 Documentation/hid/uhid.rst               | 34 +++++++-------
 drivers/hid/Kconfig                      |  1 +
 drivers/hid/amd-sfh-hid/amd_sfh_client.c |  8 ++--
 drivers/hid/amd-sfh-hid/amd_sfh_hid.h    |  2 +-
 drivers/hid/amd-sfh-hid/amd_sfh_pcie.c   |  2 +-
 drivers/hid/amd-sfh-hid/amd_sfh_pcie.h   |  2 +-
 drivers/hid/hid-multitouch.c             |  4 ++
 drivers/hid/intel-ish-hid/ipc/hw-ish.h   |  1 +
 drivers/hid/intel-ish-hid/ipc/ipc.c      | 27 +++++++++++
 drivers/hid/intel-ish-hid/ipc/pci-ish.c  | 54 +++++++++++++++++++++-
 drivers/hid/wacom_sys.c                  | 35 ++++++++++++--
 18 files changed, 218 insertions(+), 101 deletions(-)
Merging i2c/i2c/for-next (e7ccf47c442b Merge branch 'i2c/for-current' into i2c/for-next)
$ git merge i2c/i2c/for-next
Merge made by the 'recursive' strategy.
 drivers/gpio/gpiolib.c             |   4 +
 drivers/i2c/busses/i2c-bcm-iproc.c | 254 +++++++++++++++++++++++++++++--------
 drivers/i2c/busses/i2c-elektor.c   |   3 +-
 drivers/i2c/busses/i2c-gpio.c      |   2 +-
 drivers/i2c/busses/i2c-hix5hd2.c   |   4 +-
 drivers/i2c/busses/i2c-i801.c      |  15 +--
 drivers/i2c/busses/i2c-imx.c       |   6 +-
 drivers/i2c/busses/i2c-mlxcpld.c   |  34 +----
 drivers/i2c/busses/i2c-mt65xx.c    |  27 +++-
 drivers/i2c/busses/i2c-qcom-geni.c |  59 ++++++---
 drivers/i2c/busses/i2c-rcar.c      |  66 +++++++---
 drivers/i2c/busses/i2c-sprd.c      |   8 +-
 drivers/i2c/i2c-core-acpi.c        |   6 +-
 13 files changed, 340 insertions(+), 148 deletions(-)
Merging i3c/i3c/next (5c8fe583cce5 Linux 5.11-rc1)
$ git merge i3c/i3c/next
Already up to date.
Merging dmi/dmi-for-next (3cb4d29a2633 MAINTAINERS: The DMI/SMBIOS tree has moved)
$ git merge dmi/dmi-for-next
Auto-merging MAINTAINERS
Merge made by the 'recursive' strategy.
 MAINTAINERS               | 2 +-
 drivers/firmware/dmi-id.c | 1 +
 2 files changed, 2 insertions(+), 1 deletion(-)
Merging hwmon-staging/hwmon-next (bae99e301bea hwmon: (pwm-fan) Support multiple fan tachometers)
$ git merge hwmon-staging/hwmon-next
Removing drivers/hwmon/abx500.h
Removing drivers/hwmon/abx500.c
Removing drivers/hwmon/ab8500.c
Removing Documentation/hwmon/abx500.rst
Removing Documentation/hwmon/ab8500.rst
Merge made by the 'recursive' strategy.
 Documentation/hwmon/ab8500.rst   |  26 ---
 Documentation/hwmon/abx500.rst   |  32 ---
 Documentation/hwmon/index.rst    |   2 -
 drivers/hwmon/Kconfig            |  13 --
 drivers/hwmon/Makefile           |   1 -
 drivers/hwmon/ab8500.c           | 224 ------------------
 drivers/hwmon/abx500.c           | 487 ---------------------------------------
 drivers/hwmon/abx500.h           |  69 ------
 drivers/hwmon/gpio-fan.c         |   2 +-
 drivers/hwmon/k10temp.c          |   3 +-
 drivers/hwmon/pc87360.c          |   4 +-
 drivers/hwmon/pmbus/ibm-cffps.c  |   2 +-
 drivers/hwmon/pmbus/pmbus_core.c |   8 +-
 drivers/hwmon/pwm-fan.c          | 111 +++++----
 drivers/hwmon/smsc47m1.c         |   2 +-
 drivers/hwmon/w83627ehf.c        |   2 +-
 include/linux/pmbus.h            |   9 +
 17 files changed, 91 insertions(+), 906 deletions(-)
 delete mode 100644 Documentation/hwmon/ab8500.rst
 delete mode 100644 Documentation/hwmon/abx500.rst
 delete mode 100644 drivers/hwmon/ab8500.c
 delete mode 100644 drivers/hwmon/abx500.c
 delete mode 100644 drivers/hwmon/abx500.h
Merging jc_docs/docs-next (798ed7800e20 atomic: remove further references to atomic_ops)
$ git merge jc_docs/docs-next
Auto-merging MAINTAINERS
Merge made by the 'recursive' strategy.
 .../Memory-Ordering/Tree-RCU-Memory-Ordering.rst   |  8 +++---
 .../RCU/Design/Requirements/Requirements.rst       | 20 +++++++-------
 Documentation/admin-guide/kernel-parameters.rst    |  4 +--
 Documentation/admin-guide/mm/concepts.rst          |  2 +-
 Documentation/core-api/index.rst                   |  1 -
 Documentation/doc-guide/sphinx.rst                 | 32 +++++++++++-----------
 Documentation/kernel-hacking/locking.rst           |  8 +++---
 .../sound/kernel-api/writing-an-alsa-driver.rst    | 16 +++++------
 MAINTAINERS                                        |  1 -
 9 files changed, 45 insertions(+), 47 deletions(-)
Merging v4l-dvb/master (ecd07f4b9d21 media: allegro: rename stream_id to dst_handle)
$ git merge v4l-dvb/master
Removing drivers/staging/media/allegro-dvt/TODO
Removing drivers/staging/media/allegro-dvt/Kconfig
Auto-merging MAINTAINERS
Removing Documentation/devicetree/bindings/media/allegro.txt
Merge made by the 'recursive' strategy.
 .../display/tegra/nvidia,tegra20-host1x.txt        |   4 +-
 .../devicetree/bindings/media/allegro,al5e.yaml    | 105 ++++++
 .../devicetree/bindings/media/allegro.txt          |  43 ---
 MAINTAINERS                                        |   3 +-
 drivers/media/cec/core/cec-api.c                   |   2 +-
 drivers/media/common/videobuf2/videobuf2-core.c    |  11 +-
 drivers/media/platform/Kconfig                     |  15 +
 drivers/media/platform/Makefile                    |   1 +
 .../media => media/platform}/allegro-dvt/Makefile  |   0
 .../platform}/allegro-dvt/allegro-core.c           | 183 +++-------
 .../platform}/allegro-dvt/allegro-mail.c           |   8 +-
 .../platform}/allegro-dvt/allegro-mail.h           |   4 +-
 .../platform}/allegro-dvt/nal-h264.c               |   0
 .../platform}/allegro-dvt/nal-h264.h               |   0
 drivers/media/platform/ti-vpe/cal-camerarx.c       | 373 +++++++++++++++----
 drivers/media/platform/ti-vpe/cal-video.c          | 394 +++++++--------------
 drivers/media/platform/ti-vpe/cal.c                | 385 ++++++++++++++++----
 drivers/media/platform/ti-vpe/cal.h                | 103 ++++--
 drivers/media/test-drivers/vivid/vivid-ctrls.c     |  38 +-
 drivers/media/v4l2-core/v4l2-dev.c                 |  15 +-
 drivers/media/v4l2-core/v4l2-event.c               |  17 +
 drivers/media/v4l2-core/v4l2-mem2mem.c             |  15 +-
 drivers/staging/media/Kconfig                      |   2 -
 drivers/staging/media/Makefile                     |   1 -
 drivers/staging/media/allegro-dvt/Kconfig          |  16 -
 drivers/staging/media/allegro-dvt/TODO             |   4 -
 drivers/staging/media/tegra-video/csi.c            |  35 +-
 drivers/staging/media/tegra-video/csi.h            |  14 +-
 drivers/staging/media/tegra-video/tegra210.c       | 340 ++++++++++++------
 drivers/staging/media/tegra-video/vi.c             | 338 ++++++++++++++++--
 drivers/staging/media/tegra-video/vi.h             |  23 +-
 drivers/staging/media/tegra-video/video.c          |  18 +
 include/media/v4l2-event.h                         |  13 +-
 include/media/v4l2-fwnode.h                        |   2 +-
 34 files changed, 1679 insertions(+), 846 deletions(-)
 create mode 100644 Documentation/devicetree/bindings/media/allegro,al5e.yaml
 delete mode 100644 Documentation/devicetree/bindings/media/allegro.txt
 rename drivers/{staging/media => media/platform}/allegro-dvt/Makefile (100%)
 rename drivers/{staging/media => media/platform}/allegro-dvt/allegro-core.c (95%)
 rename drivers/{staging/media => media/platform}/allegro-dvt/allegro-mail.c (98%)
 rename drivers/{staging/media => media/platform}/allegro-dvt/allegro-mail.h (98%)
 rename drivers/{staging/media => media/platform}/allegro-dvt/nal-h264.c (100%)
 rename drivers/{staging/media => media/platform}/allegro-dvt/nal-h264.h (100%)
 delete mode 100644 drivers/staging/media/allegro-dvt/Kconfig
 delete mode 100644 drivers/staging/media/allegro-dvt/TODO
Merging v4l-dvb-next/master (d0a9fffedca1 docs: fs: api-summary.rst: get rid of kernel-doc include)
$ git merge v4l-dvb-next/master
Auto-merging scripts/kernel-doc
Auto-merging include/linux/refcount.h
Auto-merging include/linux/phy.h
Auto-merging include/linux/pagemap.h
Auto-merging include/linux/blk-mq.h
Auto-merging drivers/infiniband/ulp/srpt/ib_srpt.h
Auto-merging drivers/gpu/drm/drm_edid.c
Auto-merging drivers/gpu/drm/drm_dp_helper.c
CONFLICT (content): Merge conflict in drivers/gpu/drm/drm_dp_helper.c
Auto-merging drivers/crypto/allwinner/sun8i-ce/sun8i-ce-hash.c
Auto-merging MAINTAINERS
Auto-merging Documentation/hwmon/index.rst
Auto-merging Documentation/dev-tools/kasan.rst
CONFLICT (content): Merge conflict in Documentation/dev-tools/kasan.rst
Auto-merging Documentation/conf.py
Resolved 'Documentation/dev-tools/kasan.rst' using previous resolution.
Resolved 'drivers/gpu/drm/drm_dp_helper.c' using previous resolution.
Automatic merge failed; fix conflicts and then commit the result.
$ git commit --no-edit -v -a
[master 81fca49b536d] Merge remote-tracking branch 'v4l-dvb-next/master'
$ git diff -M --stat --summary HEAD^..
Merging fbdev/fbdev-for-next (732146a3f1dc video: fbdev: imxfb: fix a typo in imxfb_probe())
$ git merge fbdev/fbdev-for-next
Already up to date.
Merging pm/linux-next (a04307bd9ddd Merge branches 'pm-cpufreq', 'pm-cpuidle' and 'powercap' into linux-next)
$ git merge pm/linux-next
Auto-merging include/linux/cpuhotplug.h
Merge made by the 'recursive' strategy.
 Documentation/power/index.rst         |   1 +
 Documentation/power/powercap/dtpm.rst | 212 +++++++++++++++
 drivers/powercap/Kconfig              |  13 +
 drivers/powercap/Makefile             |   2 +
 drivers/powercap/dtpm.c               | 473 ++++++++++++++++++++++++++++++++++
 drivers/powercap/dtpm_cpu.c           | 257 ++++++++++++++++++
 include/asm-generic/vmlinux.lds.h     |  11 +
 include/linux/cpuhotplug.h            |   1 +
 include/linux/dtpm.h                  |  77 ++++++
 include/linux/units.h                 |   4 +
 10 files changed, 1051 insertions(+)
 create mode 100644 Documentation/power/powercap/dtpm.rst
 create mode 100644 drivers/powercap/dtpm.c
 create mode 100644 drivers/powercap/dtpm_cpu.c
 create mode 100644 include/linux/dtpm.h
Merging cpufreq-arm/cpufreq/arm/linux-next (c8bb45205438 Merge branch 'cpufreq/scmi' into cpufreq/arm/linux-next)
$ git merge cpufreq-arm/cpufreq/arm/linux-next
Already up to date.
Merging cpupower/cpupower (fb7791e213a6 cpupower: add Makefile dependencies for install targets)
$ git merge cpupower/cpupower
Merge made by the 'recursive' strategy.
 tools/power/cpupower/Makefile       | 8 ++++----
 tools/power/cpupower/bench/Makefile | 2 +-
 2 files changed, 5 insertions(+), 5 deletions(-)
Merging devfreq/devfreq-next (ec894883de53 PM / devfreq: Replace devfreq->dev.parent as dev in devfreq_add_device)
$ git merge devfreq/devfreq-next
Merge made by the 'recursive' strategy.
 drivers/devfreq/devfreq.c  | 4 ++--
 drivers/devfreq/governor.h | 2 +-
 2 files changed, 3 insertions(+), 3 deletions(-)
Merging opp/opp/linux-next (0e1d9ca1766f opp: Call the missing clk_put() on error)
$ git merge opp/opp/linux-next
Already up to date.
Merging thermal/thermal/linux-next (67698880ac9d thermal: int340x: Support Alder Lake)
$ git merge thermal/thermal/linux-next
Already up to date.
Merging thermal-rzhang/next (54ecb8f7028c Linux 5.4-rc1)
$ git merge thermal-rzhang/next
Already up to date.
Merging thermal-soc/next (6c375eccded4 thermal: db8500: Rewrite to be a pure OF sensor)
$ git merge thermal-soc/next
Already up to date.
Merging ieee1394/for-next (67f8e65e4fc1 firewire: net: remove set but not used variable 'guid')
$ git merge ieee1394/for-next
Auto-merging drivers/firewire/net.c
Merge made by the 'recursive' strategy.
 drivers/firewire/net.c | 2 --
 1 file changed, 2 deletions(-)
Merging dlm/next (4f19d071f9be fs: dlm: check on existing node address)
$ git merge dlm/next
Already up to date.
Merging swiotlb/linux-next (e998879d4fb7 x86,swiotlb: Adjust SWIOTLB bounce buffer size for SEV guests)
$ git merge swiotlb/linux-next
Already up to date.
Merging rdma/for-next (e71ba9452f0b Linux 5.11-rc2)
$ git merge rdma/for-next
Already up to date.
Merging net-next/master (ede71cae7285 net-next: docs: Fix typos in snmp_counter.rst)
$ git merge net-next/master
Merge made by the 'recursive' strategy.
 Documentation/networking/snmp_counter.rst          |   28 +-
 drivers/net/dsa/sja1105/sja1105_main.c             |    2 +-
 drivers/net/ethernet/broadcom/bnxt/bnxt.c          |    2 +-
 drivers/net/ethernet/cavium/liquidio/lio_core.c    |    2 +-
 .../net/ethernet/cavium/liquidio/octeon_device.c   |    3 +-
 drivers/net/ethernet/freescale/enetc/enetc_mdio.c  |   61 +-
 drivers/net/ethernet/intel/iavf/iavf_virtchnl.c    |    2 +-
 drivers/net/ethernet/marvell/octeontx2/af/cgx.c    |    2 +-
 .../ethernet/marvell/octeontx2/nic/otx2_common.c   |   26 +-
 .../ethernet/marvell/octeontx2/nic/otx2_common.h   |   11 +-
 .../ethernet/marvell/octeontx2/nic/otx2_ethtool.c  |  133 +-
 .../ethernet/marvell/octeontx2/nic/otx2_flows.c    |   37 +-
 drivers/net/ethernet/mellanox/mlx5/core/Makefile   |    1 +
 .../mellanox/mlx5/core/steering/dr_action.c        |  579 +------
 .../mellanox/mlx5/core/steering/dr_domain.c        |    6 +
 .../mellanox/mlx5/core/steering/dr_matcher.c       |  106 +-
 .../ethernet/mellanox/mlx5/core/steering/dr_rule.c |   49 +-
 .../ethernet/mellanox/mlx5/core/steering/dr_ste.c  | 1592 +++----------------
 .../ethernet/mellanox/mlx5/core/steering/dr_ste.h  |  167 ++
 .../mellanox/mlx5/core/steering/dr_ste_v0.c        | 1640 ++++++++++++++++++++
 .../mellanox/mlx5/core/steering/dr_types.h         |  182 ++-
 .../mellanox/mlx5/core/steering/mlx5_ifc_dr.h      |   85 -
 drivers/net/ethernet/mellanox/mlxfw/mlxfw_mfa2.c   |    2 +-
 drivers/net/ethernet/micrel/ks8851.h               |    2 +
 drivers/net/ethernet/micrel/ks8851_common.c        |  112 +-
 drivers/net/ethernet/xscale/ixp4xx_eth.c           |    3 +-
 drivers/net/macvlan.c                              |    2 +-
 drivers/net/mhi_net.c                              |   15 +-
 drivers/net/phy/micrel.c                           |    2 +-
 drivers/net/usb/hso.c                              |    3 +-
 drivers/net/wan/ixp4xx_hss.c                       |    4 +-
 drivers/net/wan/sbni.c                             |    2 +-
 net/kcm/kcmsock.c                                  |    4 +-
 net/nfc/nci/core.c                                 |    4 +-
 net/tipc/monitor.c                                 |    2 +-
 35 files changed, 2664 insertions(+), 2209 deletions(-)
 create mode 100644 drivers/net/ethernet/mellanox/mlx5/core/steering/dr_ste.h
 create mode 100644 drivers/net/ethernet/mellanox/mlx5/core/steering/dr_ste_v0.c
Merging bpf-next/for-next (3db1a3fa9880 Merge tag 'staging-5.11-rc1' of git://git.kernel.org/pub/scm/linux/kernel/git/gregkh/staging)
$ git merge bpf-next/for-next
Already up to date.
Merging ipsec-next/master (ede71cae7285 net-next: docs: Fix typos in snmp_counter.rst)
$ git merge ipsec-next/master
Already up to date.
Merging mlx5-next/mlx5-next (5c8fe583cce5 Linux 5.11-rc1)
$ git merge mlx5-next/mlx5-next
Already up to date.
Merging netfilter-next/master (3db1a3fa9880 Merge tag 'staging-5.11-rc1' of git://git.kernel.org/pub/scm/linux/kernel/git/gregkh/staging)
$ git merge netfilter-next/master
Already up to date.
Merging ipvs-next/master (3db1a3fa9880 Merge tag 'staging-5.11-rc1' of git://git.kernel.org/pub/scm/linux/kernel/git/gregkh/staging)
$ git merge ipvs-next/master
Already up to date.
Merging wireless-drivers-next/master (13458ffe0a95 net: x25: Remove unimplemented X.25-over-LLC code stubs)
$ git merge wireless-drivers-next/master
Already up to date.
Merging bluetooth/master (ad3a9c0ec2d2 Bluetooth: hci_qca: Wait for SSR completion during suspend)
$ git merge bluetooth/master
Merge made by the 'recursive' strategy.
 drivers/bluetooth/btintel.c    | 21 +++++--------
 drivers/bluetooth/btmtksdio.c  | 16 +++++-----
 drivers/bluetooth/btqca.c      | 67 ++++++++++++++++++++++++++++++++++++++++++
 drivers/bluetooth/btqca.h      |  1 +
 drivers/bluetooth/btqcomsmd.c  | 27 ++++++++++++-----
 drivers/bluetooth/btrtl.c      | 25 ++++++++++++++--
 drivers/bluetooth/btusb.c      | 48 ++++++++++++++++++------------
 drivers/bluetooth/hci_bcm.c    |  1 +
 drivers/bluetooth/hci_h5.c     |  2 ++
 drivers/bluetooth/hci_ldisc.c  |  7 ++---
 drivers/bluetooth/hci_qca.c    | 18 +++++++-----
 drivers/bluetooth/hci_serdev.c |  4 +--
 net/bluetooth/a2mp.c           |  2 +-
 net/bluetooth/hci_conn.c       | 17 +++++++++++
 net/bluetooth/hci_request.c    | 25 +++++-----------
 net/bluetooth/mgmt.c           |  8 +++++
 net/bluetooth/smp.c            |  5 ++--
 17 files changed, 210 insertions(+), 84 deletions(-)
Merging mac80211-next/master (3db1a3fa9880 Merge tag 'staging-5.11-rc1' of git://git.kernel.org/pub/scm/linux/kernel/git/gregkh/staging)
$ git merge mac80211-next/master
Already up to date.
Merging gfs2/for-next (2f31d01b4fe2 gfs2: amend SLAB_RECLAIM_ACCOUNT on gfs2 related slab cache)
$ git merge gfs2/for-next
Merge made by the 'recursive' strategy.
 fs/gfs2/incore.h     |  2 +-
 fs/gfs2/lops.c       |  2 +-
 fs/gfs2/lops.h       |  1 -
 fs/gfs2/main.c       |  4 ++--
 fs/gfs2/ops_fstype.c | 35 ++++++++++++++++++-----------------
 fs/gfs2/recovery.c   | 40 +++++++++++++++++++++++++++++-----------
 fs/gfs2/super.c      | 45 ++++-----------------------------------------
 fs/gfs2/util.c       | 43 +++++++++++++++++++++++++++++++++++++++++--
 fs/gfs2/util.h       |  3 +++
 9 files changed, 99 insertions(+), 76 deletions(-)
Merging mtd/mtd/next (341e4faf9cad mtd: remove redundant assignment to pointer eb)
$ git merge mtd/mtd/next
Merge made by the 'recursive' strategy.
 drivers/mtd/devices/phram.c | 4 +++-
 drivers/mtd/mtdswap.c       | 1 -
 2 files changed, 3 insertions(+), 2 deletions(-)
Merging nand/nand/next (3d557b24bc82 mtd: parsers: afs: Fix freeing the part name memory in failure)
$ git merge nand/nand/next
Merge made by the 'recursive' strategy.
 .../bindings/mtd/partitions/qcom,smem-part.yaml    |  33 ++++
 drivers/mtd/nand/raw/mxc_nand.c                    |   2 +-
 drivers/mtd/nand/raw/qcom_nandc.c                  |   4 +-
 drivers/mtd/parsers/Kconfig                        |   8 +
 drivers/mtd/parsers/Makefile                       |   1 +
 drivers/mtd/parsers/afs.c                          |   4 +-
 drivers/mtd/parsers/qcomsmempart.c                 | 170 +++++++++++++++++++++
 7 files changed, 217 insertions(+), 5 deletions(-)
 create mode 100644 Documentation/devicetree/bindings/mtd/partitions/qcom,smem-part.yaml
 create mode 100644 drivers/mtd/parsers/qcomsmempart.c
Merging spi-nor/spi-nor/next (31ad3eff093c mtd: spi-nor: keep lock bits if they are non-volatile)
$ git merge spi-nor/spi-nor/next
Already up to date.
Merging crypto/master (fecff3b931a5 crypto: picoxcell - Remove PicoXcell driver)
$ git merge crypto/master
Removing drivers/crypto/picoxcell_crypto_regs.h
Removing drivers/crypto/picoxcell_crypto.c
Removing drivers/crypto/mediatek/mtk-sha.c
Removing drivers/crypto/mediatek/mtk-regs.h
Removing drivers/crypto/mediatek/mtk-platform.h
Removing drivers/crypto/mediatek/mtk-platform.c
Removing drivers/crypto/mediatek/mtk-aes.c
Removing drivers/crypto/mediatek/Makefile
Auto-merging MAINTAINERS
Merge made by the 'recursive' strategy.
 .mailmap                                           |    1 -
 Documentation/crypto/api-skcipher.rst              |    4 +-
 .../bindings/crypto/intel,keembay-ocs-hcu.yaml     |   46 +
 .../bindings/crypto/samsung-slimsss.yaml           |    1 -
 .../devicetree/bindings/crypto/samsung-sss.yaml    |    1 -
 MAINTAINERS                                        |   12 +-
 arch/arm/crypto/Kconfig                            |   19 +
 arch/arm/crypto/Makefile                           |    4 +
 arch/arm/crypto/aes-neonbs-glue.c                  |    3 +
 arch/arm/crypto/blake2b-neon-core.S                |  347 ++++
 arch/arm/crypto/blake2b-neon-glue.c                |  105 ++
 arch/arm/crypto/blake2s-core.S                     |  285 +++
 arch/arm/crypto/blake2s-glue.c                     |   78 +
 arch/arm64/crypto/aes-glue.c                       |   50 +-
 arch/arm64/crypto/aes-modes.S                      |  165 +-
 arch/s390/crypto/aes_s390.c                        |    2 +
 arch/x86/crypto/aesni-intel_asm.S                  |  129 +-
 arch/x86/crypto/aesni-intel_glue.c                 |  133 ++
 arch/x86/crypto/blake2s-glue.c                     |  150 +-
 crypto/adiantum.c                                  |    2 +
 crypto/ansi_cprng.c                                |    2 +
 crypto/blake2b_generic.c                           |  249 +--
 crypto/blake2s_generic.c                           |  158 +-
 crypto/cbc.c                                       |    1 +
 crypto/ccm.c                                       |    2 +
 crypto/cfb.c                                       |    2 +
 crypto/cipher.c                                    |    7 +-
 crypto/cmac.c                                      |    2 +
 crypto/ctr.c                                       |    2 +
 crypto/drbg.c                                      |    2 +
 crypto/ecb.c                                       |    1 +
 crypto/essiv.c                                     |    2 +
 crypto/keywrap.c                                   |    2 +
 crypto/ofb.c                                       |    2 +
 crypto/pcbc.c                                      |    2 +
 crypto/skcipher.c                                  |    2 +
 crypto/tcrypt.c                                    |   20 +-
 crypto/testmgr.c                                   |    3 +
 crypto/vmac.c                                      |    2 +
 crypto/xcbc.c                                      |    2 +
 crypto/xts.c                                       |    2 +
 drivers/char/hw_random/ingenic-trng.c              |    6 +-
 drivers/char/hw_random/iproc-rng200.c              |   38 +-
 drivers/crypto/Kconfig                             |   33 -
 drivers/crypto/Makefile                            |    2 -
 drivers/crypto/allwinner/Kconfig                   |    9 +
 .../crypto/allwinner/sun4i-ss/sun4i-ss-cipher.c    |  196 ++-
 drivers/crypto/allwinner/sun4i-ss/sun4i-ss-core.c  |   52 +
 drivers/crypto/allwinner/sun4i-ss/sun4i-ss-hash.c  |    6 +
 drivers/crypto/allwinner/sun4i-ss/sun4i-ss-prng.c  |    6 +
 drivers/crypto/allwinner/sun4i-ss/sun4i-ss.h       |    8 +
 drivers/crypto/ccree/cc_driver.h                   |    1 -
 drivers/crypto/geode-aes.c                         |    2 +
 drivers/crypto/inside-secure/safexcel.c            |    6 +-
 drivers/crypto/inside-secure/safexcel_hash.c       |    1 +
 drivers/crypto/keembay/Kconfig                     |   29 +
 drivers/crypto/keembay/Makefile                    |    3 +
 drivers/crypto/keembay/keembay-ocs-hcu-core.c      | 1264 ++++++++++++++
 drivers/crypto/keembay/ocs-hcu.c                   |  840 +++++++++
 drivers/crypto/keembay/ocs-hcu.h                   |  106 ++
 drivers/crypto/mediatek/Makefile                   |    3 -
 drivers/crypto/mediatek/mtk-aes.c                  | 1271 --------------
 drivers/crypto/mediatek/mtk-platform.c             |  586 -------
 drivers/crypto/mediatek/mtk-platform.h             |  231 ---
 drivers/crypto/mediatek/mtk-regs.h                 |  190 --
 drivers/crypto/mediatek/mtk-sha.c                  | 1353 ---------------
 drivers/crypto/picoxcell_crypto.c                  | 1807 --------------------
 drivers/crypto/picoxcell_crypto_regs.h             |  115 --
 drivers/crypto/qat/qat_common/adf_ctl_drv.c        |    1 +
 drivers/crypto/qat/qat_common/qat_algs.c           |    1 +
 drivers/crypto/sahara.c                            |    7 -
 drivers/crypto/vmx/aes.c                           |    1 +
 drivers/crypto/vmx/vmx.c                           |    1 +
 drivers/net/Kconfig                                |    1 +
 drivers/net/ethernet/chelsio/inline_crypto/Kconfig |    1 +
 .../chelsio/inline_crypto/ch_ktls/chcr_ktls.c      |   19 +-
 include/crypto/algapi.h                            |   39 -
 include/crypto/blake2b.h                           |   67 +
 include/crypto/blake2s.h                           |   63 +-
 include/crypto/internal/blake2b.h                  |  115 ++
 include/crypto/internal/blake2s.h                  |  109 +-
 include/crypto/internal/cipher.h                   |  218 +++
 include/crypto/internal/skcipher.h                 |    1 +
 include/linux/crypto.h                             |  163 --
 lib/crypto/blake2s.c                               |   48 +-
 85 files changed, 4497 insertions(+), 6526 deletions(-)
 create mode 100644 Documentation/devicetree/bindings/crypto/intel,keembay-ocs-hcu.yaml
 create mode 100644 arch/arm/crypto/blake2b-neon-core.S
 create mode 100644 arch/arm/crypto/blake2b-neon-glue.c
 create mode 100644 arch/arm/crypto/blake2s-core.S
 create mode 100644 arch/arm/crypto/blake2s-glue.c
 create mode 100644 drivers/crypto/keembay/keembay-ocs-hcu-core.c
 create mode 100644 drivers/crypto/keembay/ocs-hcu.c
 create mode 100644 drivers/crypto/keembay/ocs-hcu.h
 delete mode 100644 drivers/crypto/mediatek/Makefile
 delete mode 100644 drivers/crypto/mediatek/mtk-aes.c
 delete mode 100644 drivers/crypto/mediatek/mtk-platform.c
 delete mode 100644 drivers/crypto/mediatek/mtk-platform.h
 delete mode 100644 drivers/crypto/mediatek/mtk-regs.h
 delete mode 100644 drivers/crypto/mediatek/mtk-sha.c
 delete mode 100644 drivers/crypto/picoxcell_crypto.c
 delete mode 100644 drivers/crypto/picoxcell_crypto_regs.h
 create mode 100644 include/crypto/blake2b.h
 create mode 100644 include/crypto/internal/blake2b.h
 create mode 100644 include/crypto/internal/cipher.h
Merging drm/drm-next (5b2fc08c455b Merge tag 'amd-drm-fixes-5.11-2020-12-23' of git://people.freedesktop.org/~agd5f/linux into drm-next)
$ git merge drm/drm-next
Already up to date.
Merging amdgpu/drm-next (6db5a939c8db drm/amdgpu: take runtime pm reference when we attach a buffer)
$ git merge amdgpu/drm-next
Auto-merging sound/pci/hda/hda_intel.c
Auto-merging drivers/usb/typec/ucsi/ucsi.c
Merge made by the 'recursive' strategy.
 drivers/gpu/drm/amd/amdgpu/Makefile                |    1 +
 drivers/gpu/drm/amd/amdgpu/amdgpu_device.c         |    1 +
 drivers/gpu/drm/amd/amdgpu/amdgpu_dma_buf.c        |   16 +-
 drivers/gpu/drm/amd/amdgpu/amdgpu_ih.c             |   43 +
 drivers/gpu/drm/amd/amdgpu/amdgpu_ih.h             |   17 +-
 drivers/gpu/drm/amd/amdgpu/amdgpu_irq.c            |    3 +-
 drivers/gpu/drm/amd/amdgpu/gfx_v9_0.c              |    2 +
 drivers/gpu/drm/amd/amdgpu/navi10_ih.c             |  478 +++----
 drivers/gpu/drm/amd/amdgpu/nv.c                    |   46 +-
 drivers/gpu/drm/amd/amdgpu/psp_v11_0.c             |   36 -
 drivers/gpu/drm/amd/amdgpu/soc15.c                 |    9 +-
 drivers/gpu/drm/amd/amdgpu/vega10_ih.c             |  483 +++-----
 drivers/gpu/drm/amd/amdgpu/vega20_ih.c             |  700 +++++++++++
 drivers/gpu/drm/amd/amdgpu/vega20_ih.h             |   30 +
 drivers/gpu/drm/amd/amdkfd/kfd_int_process_v9.c    |   46 +-
 drivers/gpu/drm/amd/display/dc/core/dc.c           |   21 +-
 .../amd/include/asic_reg/oss/osssys_4_2_0_offset.h |  345 ++++++
 .../include/asic_reg/oss/osssys_4_2_0_sh_mask.h    | 1300 ++++++++++++++++++++
 drivers/gpu/drm/amd/include/kgd_pp_interface.h     |    3 +-
 drivers/gpu/drm/amd/pm/amdgpu_pm.c                 |   20 +-
 drivers/gpu/drm/amd/pm/inc/amdgpu_smu.h            |  526 ++++++++
 drivers/gpu/drm/amd/pm/inc/smu_types.h             |    2 +
 drivers/gpu/drm/amd/pm/swsmu/amdgpu_smu.c          |    6 +-
 .../drm/amd/pm/swsmu/smu11/sienna_cichlid_ppt.c    |  330 +++++
 drivers/gpu/drm/amd/pm/swsmu/smu11/vangogh_ppt.c   |   43 +
 drivers/usb/typec/ucsi/ucsi.c                      |    2 +-
 sound/pci/hda/hda_intel.c                          |    9 +-
 27 files changed, 3831 insertions(+), 687 deletions(-)
 create mode 100644 drivers/gpu/drm/amd/amdgpu/vega20_ih.c
 create mode 100644 drivers/gpu/drm/amd/amdgpu/vega20_ih.h
 create mode 100644 drivers/gpu/drm/amd/include/asic_reg/oss/osssys_4_2_0_offset.h
 create mode 100644 drivers/gpu/drm/amd/include/asic_reg/oss/osssys_4_2_0_sh_mask.h
Merging drm-intel/for-linux-next (956aee8fa366 drm/i915/rkl: new rkl ddc map for different PCH)
$ git merge drm-intel/for-linux-next
Auto-merging include/drm/drm_dsc.h
Auto-merging drivers/gpu/drm/i915/intel_pm.c
Auto-merging drivers/gpu/drm/i915/i915_reg.h
Auto-merging drivers/gpu/drm/i915/i915_perf.c
Auto-merging drivers/gpu/drm/i915/i915_irq.c
Auto-merging drivers/gpu/drm/i915/i915_drv.h
Auto-merging drivers/gpu/drm/i915/i915_drv.c
Auto-merging drivers/gpu/drm/i915/i915_debugfs.c
Auto-merging drivers/gpu/drm/i915/gvt/handlers.c
Auto-merging drivers/gpu/drm/i915/display/intel_dp.c
Auto-merging drivers/gpu/drm/i915/display/intel_display_types.h
Auto-merging drivers/gpu/drm/i915/display/intel_display.c
Merge made by the 'recursive' strategy.
 drivers/gpu/drm/drm_dsc.c                          |   30 +-
 drivers/gpu/drm/i915/Makefile                      |   14 +-
 drivers/gpu/drm/i915/display/i9xx_plane.c          |  704 +++++++
 drivers/gpu/drm/i915/display/i9xx_plane.h          |   24 +
 drivers/gpu/drm/i915/display/icl_dsi.c             |    7 +-
 drivers/gpu/drm/i915/display/intel_atomic_plane.c  |    3 +
 drivers/gpu/drm/i915/display/intel_bios.c          |   21 +-
 drivers/gpu/drm/i915/display/intel_cdclk.c         |    7 +-
 drivers/gpu/drm/i915/display/intel_combo_phy.c     |   20 +-
 drivers/gpu/drm/i915/display/intel_connector.c     |   29 +-
 drivers/gpu/drm/i915/display/intel_connector.h     |    3 +-
 drivers/gpu/drm/i915/display/intel_cursor.c        |  806 ++++++++
 drivers/gpu/drm/i915/display/intel_cursor.h        |   17 +
 drivers/gpu/drm/i915/display/intel_ddi.c           |   83 +-
 drivers/gpu/drm/i915/display/intel_display.c       | 2084 +++-----------------
 drivers/gpu/drm/i915/display/intel_display.h       |   15 +-
 .../gpu/drm/i915/display/intel_display_debugfs.c   |  124 ++
 .../gpu/drm/i915/display/intel_display_debugfs.h   |    3 +
 drivers/gpu/drm/i915/display/intel_display_power.c |  127 +-
 drivers/gpu/drm/i915/display/intel_display_power.h |   37 +-
 drivers/gpu/drm/i915/display/intel_display_types.h |   54 +-
 drivers/gpu/drm/i915/display/intel_dp.c            |   85 +-
 .../gpu/drm/i915/display/intel_dp_aux_backlight.c  |  115 +-
 .../gpu/drm/i915/display/intel_dsi_dcs_backlight.c |   21 +-
 drivers/gpu/drm/i915/display/intel_dvo.c           |    4 -
 drivers/gpu/drm/i915/display/intel_fbc.c           |   19 +-
 drivers/gpu/drm/i915/display/intel_hdmi.c          |   26 +-
 drivers/gpu/drm/i915/display/intel_lspcon.c        |  162 +-
 drivers/gpu/drm/i915/display/intel_lspcon.h        |   12 +
 drivers/gpu/drm/i915/display/intel_panel.c         |  226 ++-
 drivers/gpu/drm/i915/display/intel_psr.c           |  131 +-
 drivers/gpu/drm/i915/display/intel_sprite.c        |   50 +-
 drivers/gpu/drm/i915/display/intel_sprite.h        |   10 +
 drivers/gpu/drm/i915/display/intel_tc.c            |    2 +-
 drivers/gpu/drm/i915/display/intel_vbt_defs.h      |    2 +
 drivers/gpu/drm/i915/display/intel_vdsc.c          |    4 +-
 drivers/gpu/drm/i915/gvt/execlist.h                |    3 -
 drivers/gpu/drm/i915/gvt/fb_decoder.h              |    6 +-
 drivers/gpu/drm/i915/gvt/gtt.h                     |   11 +-
 drivers/gpu/drm/i915/gvt/gvt.h                     |    4 +
 drivers/gpu/drm/i915/gvt/handlers.c                |    5 +-
 drivers/gpu/drm/i915/gvt/interrupt.h               |    5 +-
 drivers/gpu/drm/i915/gvt/mmio_context.h            |   11 +
 drivers/gpu/drm/i915/gvt/mpt.h                     |    2 +
 drivers/gpu/drm/i915/gvt/scheduler.h               |    5 +
 drivers/gpu/drm/i915/i915_debugfs.c                |  582 +-----
 drivers/gpu/drm/i915/i915_drv.c                    |    3 +-
 drivers/gpu/drm/i915/i915_drv.h                    |   38 +-
 drivers/gpu/drm/i915/i915_irq.c                    |  355 ++--
 drivers/gpu/drm/i915/i915_reg.h                    |    7 +-
 drivers/gpu/drm/i915/i915_suspend.c                |   33 +-
 drivers/gpu/drm/i915/intel_device_info.c           |    2 +-
 drivers/gpu/drm/i915/intel_pm.c                    |  552 +++---
 drivers/gpu/drm/i915/intel_sideband.c              |    4 +-
 drivers/gpu/drm/i915/intel_uncore.c                |    4 +-
 drivers/gpu/drm/i915/intel_uncore.h                |    6 +-
 include/drm/drm_dsc.h                              |    1 +
 include/drm/drm_rect.h                             |   13 +
 58 files changed, 3520 insertions(+), 3213 deletions(-)
 create mode 100644 drivers/gpu/drm/i915/display/i9xx_plane.c
 create mode 100644 drivers/gpu/drm/i915/display/i9xx_plane.h
 create mode 100644 drivers/gpu/drm/i915/display/intel_cursor.c
 create mode 100644 drivers/gpu/drm/i915/display/intel_cursor.h
Merging drm-tegra/drm/tegra/for-next (bf3a3cdcad40 drm/tegra: sor: Disable clocks on error in tegra_sor_init())
$ git merge drm-tegra/drm/tegra/for-next
Already up to date.
Merging drm-misc/for-linux-next (be3e477effba drm/komeda: Fix bit check to import to value of proper type)
$ git merge drm-misc/for-linux-next
Already up to date.
Merging drm-msm/msm-next (57f04815fd95 drm/msm: Fix WARN_ON() splat in _free_object())
$ git merge drm-msm/msm-next
Auto-merging drivers/gpu/drm/msm/msm_gem.c
Merge made by the 'recursive' strategy.
 drivers/gpu/drm/msm/msm_gem.c | 5 +++--
 1 file changed, 3 insertions(+), 2 deletions(-)
Merging imx-drm/imx-drm/next (16da8e9a7767 drm/imx: ipuv3-crtc: use drm managed resources)
$ git merge imx-drm/imx-drm/next
Merge made by the 'recursive' strategy.
 drivers/gpu/drm/drm_crtc.c              | 125 ++++++++++++++++++++++-------
 drivers/gpu/drm/drm_encoder.c           | 113 +++++++++++++++++++++------
 drivers/gpu/drm/drm_mode_config.c       |   2 +-
 drivers/gpu/drm/drm_plane.c             | 134 +++++++++++++++++++++++++-------
 drivers/gpu/drm/drm_simple_kms_helper.c |  14 +++-
 drivers/gpu/drm/imx/Kconfig             |   1 +
 drivers/gpu/drm/imx/dw_hdmi-imx.c       |  95 ++++++++++------------
 drivers/gpu/drm/imx/imx-ldb.c           | 109 +++++++++++++++-----------
 drivers/gpu/drm/imx/imx-tve.c           | 109 +++++++++++++-------------
 drivers/gpu/drm/imx/ipuv3-crtc.c        | 131 ++++++++++---------------------
 drivers/gpu/drm/imx/ipuv3-plane.c       |  69 ++++++++--------
 drivers/gpu/drm/imx/ipuv3-plane.h       |   3 -
 drivers/gpu/drm/imx/parallel-display.c  |  93 +++++++++++-----------
 drivers/gpu/ipu-v3/ipu-di.c             |   4 -
 include/drm/drm_crtc.h                  |  33 ++++++++
 include/drm/drm_encoder.h               |  32 +++++++-
 include/drm/drm_plane.h                 |  42 ++++++++++
 include/drm/drm_simple_kms_helper.h     |  24 ++++++
 18 files changed, 712 insertions(+), 421 deletions(-)
Merging etnaviv/etnaviv/next (4612bad5701e drm/etnaviv: Add lockdep annotations for context lock)
$ git merge etnaviv/etnaviv/next
Already up to date.
Merging regmap/for-next (72962ebcdd45 Merge remote-tracking branch 'regmap/for-5.11' into regmap-linus)
$ git merge regmap/for-next
Already up to date.
Merging sound/for-next (64062869f0d6 ALSA: maestro: Use DIV_ROUND_CLOSEST() instead of open-coding it)
$ git merge sound/for-next
Merge made by the 'recursive' strategy.
 sound/core/control.c             | 4 ++--
 sound/core/oss/mixer_oss.c       | 2 +-
 sound/core/oss/rate.c            | 4 ++--
 sound/core/seq/seq_memory.c      | 2 +-
 sound/drivers/aloop.c            | 2 +-
 sound/drivers/dummy.c            | 2 +-
 sound/drivers/vx/vx_pcm.c        | 3 +--
 sound/hda/hdac_stream.c          | 5 ++---
 sound/pci/asihpi/hpidebug.c      | 2 +-
 sound/pci/bt87x.c                | 3 ++-
 sound/pci/cs46xx/cs46xx_lib.c    | 2 +-
 sound/pci/ctxfi/ctresource.c     | 2 +-
 sound/pci/emu10k1/memory.c       | 2 +-
 sound/pci/ens1370.c              | 4 ++--
 sound/pci/lola/lola_clock.c      | 2 +-
 sound/pci/maestro3.c             | 2 +-
 sound/pci/sis7019.c              | 2 +-
 sound/pci/sonicvibes.c           | 2 +-
 sound/pci/trident/trident_main.c | 4 ++--
 sound/usb/mixer.c                | 4 ++--
 20 files changed, 27 insertions(+), 28 deletions(-)
Merging sound-asoc/for-next (a062942f27bd Merge remote-tracking branch 'asoc/for-5.12' into asoc-next)
$ git merge sound-asoc/for-next
Removing sound/soc/txx9/txx9aclc.h
Removing sound/soc/txx9/txx9aclc.c
Removing sound/soc/txx9/txx9aclc-generic.c
Removing sound/soc/txx9/txx9aclc-ac97.c
Removing sound/soc/txx9/Makefile
Removing sound/soc/txx9/Kconfig
Merge made by the 'recursive' strategy.
 Documentation/devicetree/bindings/sound/wm8962.txt |   4 +
 sound/soc/Kconfig                                  |   1 -
 sound/soc/Makefile                                 |   1 -
 sound/soc/amd/acp3x-rt5682-max9836.c               |   4 +-
 sound/soc/codecs/rt1015.c                          | 122 ++----
 sound/soc/codecs/rt1015.h                          |   5 -
 sound/soc/codecs/rt5645.c                          |  33 +-
 sound/soc/codecs/wm_adsp.c                         |  98 ++---
 sound/soc/codecs/wmfw.h                            |   6 +-
 sound/soc/fsl/Kconfig                              |   1 +
 sound/soc/intel/boards/sof_rt5682.c                |   7 -
 sound/soc/intel/catpt/pcm.c                        |  12 +-
 sound/soc/intel/common/soc-acpi-intel-ehl-match.c  |   2 +-
 sound/soc/intel/common/soc-acpi-intel-tgl-match.c  |   2 +-
 sound/soc/mediatek/Kconfig                         |   2 +-
 sound/soc/mediatek/mt8183/mt8183-da7219-max98357.c |   6 -
 .../mt8183/mt8183-mt6358-ts3a227-max98357.c        |   6 -
 .../mediatek/mt8192/mt8192-mt6359-rt1015-rt5682.c  |   6 -
 sound/soc/meson/aiu-fifo-i2s.c                     |   1 -
 sound/soc/meson/aiu-fifo-spdif.c                   |   1 -
 sound/soc/meson/aiu-fifo.c                         |  18 +-
 sound/soc/sprd/sprd-mcdt.c                         |  10 +-
 sound/soc/txx9/Kconfig                             |  30 --
 sound/soc/txx9/Makefile                            |  12 -
 sound/soc/txx9/txx9aclc-ac97.c                     | 230 -----------
 sound/soc/txx9/txx9aclc-generic.c                  |  88 -----
 sound/soc/txx9/txx9aclc.c                          | 422 ---------------------
 sound/soc/txx9/txx9aclc.h                          |  71 ----
 28 files changed, 123 insertions(+), 1078 deletions(-)
 delete mode 100644 sound/soc/txx9/Kconfig
 delete mode 100644 sound/soc/txx9/Makefile
 delete mode 100644 sound/soc/txx9/txx9aclc-ac97.c
 delete mode 100644 sound/soc/txx9/txx9aclc-generic.c
 delete mode 100644 sound/soc/txx9/txx9aclc.c
 delete mode 100644 sound/soc/txx9/txx9aclc.h
Merging modules/modules-next (38dc717e9715 module: delay kobject uevent until after module init call)
$ git merge modules/modules-next
Already up to date.
Merging input/next (f5cace4b93d7 Input: imx_keypad - add dependency on HAS_IOMEM)
$ git merge input/next
Auto-merging drivers/input/touchscreen/raydium_i2c_ts.c
Merge made by the 'recursive' strategy.
 drivers/input/keyboard/Kconfig             | 2 +-
 drivers/input/misc/da7280.c                | 3 +++
 drivers/input/touchscreen/raydium_i2c_ts.c | 3 ++-
 3 files changed, 6 insertions(+), 2 deletions(-)
Merging block/for-next (dea8dcf2a9fa Merge tag 'for-5.11/dm-fix' of git://git.kernel.org/pub/scm/linux/kernel/git/device-mapper/linux-dm)
$ git merge block/for-next
Already up to date.
Merging device-mapper/for-next (d68b29584c25 dm crypt: use GFP_ATOMIC when allocating crypto requests from softirq)
$ git merge device-mapper/for-next
Merge made by the 'recursive' strategy.
 drivers/md/Kconfig    |   2 +
 drivers/md/dm-crypt.c | 138 ++++++++++++++++++++++++++++++++++++++++++++------
 drivers/md/dm-raid.c  |   6 +--
 3 files changed, 128 insertions(+), 18 deletions(-)
Merging pcmcia/pcmcia-next (4ce6b242b78d pcmcia: Switch to using the new API kobj_to_dev())
$ git merge pcmcia/pcmcia-next
Merge made by the 'recursive' strategy.
 drivers/pcmcia/cistpl.c | 4 ++--
 1 file changed, 2 insertions(+), 2 deletions(-)
Merging mmc/next (72b248cfbf3f dt-bindings: mmc: eliminate yamllint warnings)
$ git merge mmc/next
Already up to date.
Merging mfd/for-mfd-next (2fc3f48ad711 mfd: mcp-sa11x0: Use DIV_ROUND_UP to calculate rw_timeout)
$ git merge mfd/for-mfd-next
Merge made by the 'recursive' strategy.
 Documentation/devicetree/bindings/mfd/iqs62x.yaml | 2 +-
 drivers/mfd/Kconfig                               | 2 +-
 drivers/mfd/altera-sysmgr.c                       | 3 ++-
 drivers/mfd/max8997.c                             | 4 ++--
 drivers/mfd/mcp-sa11x0.c                          | 3 +--
 5 files changed, 7 insertions(+), 7 deletions(-)
Merging backlight/for-backlight-next (789eb04b6c56 backlight: pwm_bl: Fix interpolation)
$ git merge backlight/for-backlight-next
Already up to date.
Merging battery/for-next (32e4978bb920 power: supply: bq256xx: Introduce the BQ256XX charger driver)
$ git merge battery/for-next
Merge made by the 'recursive' strategy.
 .../devicetree/bindings/power/supply/bq256xx.yaml  |  110 ++
 drivers/power/reset/linkstation-poweroff.c         |    1 +
 drivers/power/supply/Kconfig                       |   12 +
 drivers/power/supply/Makefile                      |    1 +
 drivers/power/supply/bq256xx_charger.c             | 1745 ++++++++++++++++++++
 drivers/power/supply/cpcap-battery.c               |   13 +-
 drivers/power/supply/cpcap-charger.c               |    2 +-
 drivers/power/supply/ingenic-battery.c             |    2 +-
 drivers/power/supply/max8997_charger.c             |   96 ++
 9 files changed, 1977 insertions(+), 5 deletions(-)
 create mode 100644 Documentation/devicetree/bindings/power/supply/bq256xx.yaml
 create mode 100644 drivers/power/supply/bq256xx_charger.c
Merging regulator/for-next (05d2be63affc Merge remote-tracking branch 'regulator/for-5.12' into regulator-next)
$ git merge regulator/for-next
Auto-merging arch/arm64/boot/dts/qcom/qrb5165-rb5.dts
Merge made by the 'recursive' strategy.
 .../regulator/richtek,rt4831-regulator.yaml        |  35 ++
 arch/arm64/boot/dts/qcom/qrb5165-rb5.dts           |   9 +-
 drivers/regulator/Kconfig                          |  28 ++
 drivers/regulator/Makefile                         |   3 +
 drivers/regulator/atc260x-regulator.c              | 539 +++++++++++++++++++++
 drivers/regulator/bd70528-regulator.c              |  11 +-
 drivers/regulator/bd71828-regulator.c              |  13 +-
 drivers/regulator/core.c                           |   6 +-
 drivers/regulator/mtk-dvfsrc-regulator.c           | 215 ++++++++
 drivers/regulator/qcom-rpmh-regulator.c            |  26 +
 drivers/regulator/rt4831-regulator.c               | 198 ++++++++
 lib/linear_ranges.c                                |   8 +-
 12 files changed, 1066 insertions(+), 25 deletions(-)
 create mode 100644 Documentation/devicetree/bindings/regulator/richtek,rt4831-regulator.yaml
 create mode 100644 drivers/regulator/atc260x-regulator.c
 create mode 100644 drivers/regulator/mtk-dvfsrc-regulator.c
 create mode 100644 drivers/regulator/rt4831-regulator.c
Merging security/next-testing (9dcd47fc1f7d Merge branch 'fixes-v5.10' into next-testing)
$ git merge security/next-testing
Already up to date!
Merge made by the 'recursive' strategy.
Merging apparmor/apparmor-next (e37986097ba6 apparmor: Use true and false for bool variable)
$ git merge apparmor/apparmor-next
Already up to date.
Merging integrity/next-integrity (207cdd565dfc ima: Don't modify file descriptor mode on the fly)
$ git merge integrity/next-integrity
Already up to date.
Merging keys/keys-next (6b8945603d05 certs: Replace K{U,G}IDT_INIT() with GLOBAL_ROOT_{U,G}ID)
$ git merge keys/keys-next
Auto-merging security/keys/key.c
Merge made by the 'recursive' strategy.
 Documentation/security/keys/core.rst     |  4 ++--
 certs/blacklist.c                        | 10 +++++-----
 certs/system_keyring.c                   |  5 +++--
 crypto/asymmetric_keys/asymmetric_type.c |  6 ++++--
 crypto/asymmetric_keys/pkcs7_parser.h    |  5 ++---
 crypto/asymmetric_keys/pkcs7_trust.c     |  2 +-
 crypto/asymmetric_keys/pkcs7_verify.c    |  9 ++++-----
 include/crypto/public_key.h              |  1 -
 include/keys/encrypted-type.h            |  2 +-
 include/linux/key.h                      |  5 +++--
 include/linux/verification.h             |  2 ++
 samples/Kconfig                          |  2 +-
 samples/watch_queue/watch_test.c         |  2 +-
 security/integrity/ima/ima_mok.c         |  5 ++---
 security/keys/Kconfig                    |  8 ++++----
 security/keys/big_key.c                  |  9 +++------
 security/keys/key.c                      |  2 ++
 security/keys/keyctl.c                   |  2 +-
 security/keys/keyctl_pkey.c              |  2 --
 security/keys/keyring.c                  | 10 +++++-----
 security/keys/process_keys.c             |  1 +
 21 files changed, 47 insertions(+), 47 deletions(-)
Merging safesetid/safesetid-next (03ca0ec13892 LSM: SafeSetID: Fix warnings reported by test bot)
$ git merge safesetid/safesetid-next
Already up to date.
Merging selinux/next (a9ffe682c58a selinux: fix inconsistency between inode_getxattr and inode_listsecurity)
$ git merge selinux/next
Merge made by the 'recursive' strategy.
 security/selinux/hooks.c | 7 ++++++-
 1 file changed, 6 insertions(+), 1 deletion(-)
Merging smack/next (9b0072e2b2b5 security/smack: remove unused varible 'rc')
$ git merge smack/next
Already up to date.
Merging tomoyo/master (dea8dcf2a9fa Merge tag 'for-5.11/dm-fix' of git://git.kernel.org/pub/scm/linux/kernel/git/device-mapper/linux-dm)
$ git merge tomoyo/master
Already up to date.
Merging tpmdd/next (5160ecd31a0f char: tpm: add i2c driver for cr50)
$ git merge tpmdd/next
Merge made by the 'recursive' strategy.
 drivers/char/tpm/Kconfig            |  10 +
 drivers/char/tpm/Makefile           |   2 +
 drivers/char/tpm/eventlog/tpm1.c    |   1 +
 drivers/char/tpm/tpm_tis_i2c_cr50.c | 790 ++++++++++++++++++++++++++++++++++++
 4 files changed, 803 insertions(+)
 create mode 100644 drivers/char/tpm/tpm_tis_i2c_cr50.c
Merging watchdog/master (5c8fe583cce5 Linux 5.11-rc1)
$ git merge watchdog/master
Already up to date.
Merging iommu/next (4dd6ce478003 iommu: Fix a check in iommu_check_bind_data())
$ git merge iommu/next
Already up to date.
Merging audit/next (a1b861faa684 kernel/audit: convert comma to semicolon)
$ git merge audit/next
Merge made by the 'recursive' strategy.
 kernel/audit.c | 2 +-
 1 file changed, 1 insertion(+), 1 deletion(-)
Merging devicetree/for-next (e33dc2f36367 dt-bindings: mali-bifrost: Add dynamic-power-coefficient)
$ git merge devicetree/for-next
Already up to date.
Merging mailbox/mailbox-for-next (5a6338cce9f4 mailbox: arm_mhuv2: Add driver)
$ git merge mailbox/mailbox-for-next
Already up to date.
Merging spi/for-next (e645b1fb4c63 Merge remote-tracking branch 'spi/for-5.12' into spi-next)
$ git merge spi/for-next
Removing drivers/spi/spi-txx9.c
Auto-merging MAINTAINERS
Merge made by the 'recursive' strategy.
 .../bindings/spi/nvidia,tegra210-quad.yaml         |  117 ++
 .../devicetree/bindings/spi/spi-controller.yaml    |    6 +-
 MAINTAINERS                                        |    8 +
 drivers/spi/Kconfig                                |   17 +-
 drivers/spi/Makefile                               |    2 +-
 drivers/spi/spi-cadence-quadspi.c                  |  364 ++++-
 drivers/spi/spi-mem.c                              |    1 +
 drivers/spi/spi-orion.c                            |   55 +-
 drivers/spi/spi-rpc-if.c                           |   11 +-
 drivers/spi/spi-stm32.c                            |    8 +-
 drivers/spi/spi-tegra210-quad.c                    | 1410 ++++++++++++++++++++
 drivers/spi/spi-txx9.c                             |  477 -------
 drivers/spi/spi.c                                  |   25 +-
 include/dt-bindings/clock/tegra210-car.h           |    2 +-
 include/linux/spi/spi.h                            |   42 +-
 include/uapi/linux/spi/spi.h                       |   41 +
 include/uapi/linux/spi/spidev.h                    |   30 +-
 17 files changed, 2017 insertions(+), 599 deletions(-)
 create mode 100644 Documentation/devicetree/bindings/spi/nvidia,tegra210-quad.yaml
 create mode 100644 drivers/spi/spi-tegra210-quad.c
 delete mode 100644 drivers/spi/spi-txx9.c
 create mode 100644 include/uapi/linux/spi/spi.h
Merging tip/auto-latest (1173fb292bae Merge branch 'x86/build')
$ git merge tip/auto-latest
Auto-merging fs/notify/fanotify/fanotify_user.c
Auto-merging arch/x86/Kconfig
Auto-merging arch/Kconfig
CONFLICT (content): Merge conflict in arch/Kconfig
Resolved 'arch/Kconfig' using previous resolution.
Automatic merge failed; fix conflicts and then commit the result.
$ git commit --no-edit -v -a
[master beeed5f76214] Merge remote-tracking branch 'tip/auto-latest'
$ git diff -M --stat --summary HEAD^..
 arch/Kconfig                       |  6 ++++++
 arch/x86/Kconfig                   |  1 +
 arch/x86/Makefile                  | 28 ++++++++++++++++------------
 fs/notify/fanotify/fanotify_user.c | 17 +++++++----------
 include/linux/syscalls.h           | 24 ++++++++++++++++++++++++
 5 files changed, 54 insertions(+), 22 deletions(-)
Merging clockevents/timers/drivers/next (8ae954caf49a clocksource/drivers/sh_cmt: Fix potential deadlock when calling runtime PM)
$ git merge clockevents/timers/drivers/next
Already up to date.
Merging edac/edac-for-next (f2a34093730f Merge branch 'edac-misc' into edac-for-next)
$ git merge edac/edac-for-next
Removing drivers/edac/amd64_edac_inj.c
Removing drivers/edac/amd64_edac_dbg.c
Merge made by the 'recursive' strategy.
 drivers/edac/Kconfig          |  15 +-
 drivers/edac/Makefile         |   7 +-
 drivers/edac/amd64_edac.c     | 318 +++++++++++++++++++++++++++++++++++++++---
 drivers/edac/amd64_edac.h     |  11 --
 drivers/edac/amd64_edac_dbg.c |  55 --------
 drivers/edac/amd64_edac_inj.c | 235 -------------------------------
 drivers/edac/ppc4xx_edac.c    |   2 +-
 7 files changed, 311 insertions(+), 332 deletions(-)
 delete mode 100644 drivers/edac/amd64_edac_dbg.c
 delete mode 100644 drivers/edac/amd64_edac_inj.c
Merging irqchip/irq/irqchip-next (4cc99d03757d irqchip/loongson-liointc: Fix build warnings)
$ git merge irqchip/irq/irqchip-next
Auto-merging drivers/base/platform.c
Merge made by the 'recursive' strategy.
 drivers/base/platform.c                | 2 ++
 drivers/irqchip/irq-bcm2836.c          | 4 ++--
 drivers/irqchip/irq-loongson-liointc.c | 4 ++--
 drivers/irqchip/irq-sl28cpld.c         | 2 +-
 kernel/irq/msi.c                       | 2 +-
 5 files changed, 8 insertions(+), 6 deletions(-)
Merging ftrace/for-next (f6a694665f13 tracing: Offload eval map updates to a work queue)
$ git merge ftrace/for-next
Already up to date.
Merging rcu/rcu/next (7aa1a5e0b70c cpuidle: Fix missing need_resched() check after rcu_idle_enter())
$ git merge rcu/rcu/next
Auto-merging mm/slub.c
Auto-merging include/linux/mm.h
Auto-merging Documentation/admin-guide/kernel-parameters.rst
Auto-merging Documentation/RCU/Design/Requirements/Requirements.rst
Merge made by the 'recursive' strategy.
 .../Expedited-Grace-Periods.rst                    |   4 +-
 .../RCU/Design/Requirements/Requirements.rst       | 732 +++++++++++----------
 Documentation/RCU/checklist.rst                    |  10 +-
 Documentation/RCU/rcubarrier.rst                   |   6 +-
 Documentation/RCU/stallwarn.rst                    |  27 +-
 Documentation/RCU/whatisRCU.rst                    |  10 +-
 Documentation/admin-guide/kernel-parameters.rst    |  20 +
 Documentation/admin-guide/kernel-parameters.txt    |  74 ++-
 .../litmus-tests/locking/DCL-broken.litmus         |  55 ++
 .../litmus-tests/locking/DCL-fixed.litmus          |  56 ++
 .../litmus-tests/locking/RM-broken.litmus          |  42 ++
 Documentation/litmus-tests/locking/RM-fixed.litmus |  42 ++
 arch/x86/kernel/cpu/mce/core.c                     |  15 +-
 arch/x86/kernel/kvmclock.c                         |   2 +-
 arch/x86/kernel/tsc.c                              |   3 +-
 drivers/cpuidle/cpuidle-tegra.c                    |   2 +-
 drivers/cpuidle/cpuidle.c                          |  33 +-
 include/linux/clocksource.h                        |   2 +-
 include/linux/cpu.h                                |   2 +
 include/linux/cpumask.h                            |   8 +
 include/linux/list.h                               |   2 +-
 include/linux/mm.h                                 |   2 +
 include/linux/rcu_segcblist.h                      | 120 +++-
 include/linux/rcupdate.h                           |  42 +-
 include/linux/slab.h                               |   2 +
 include/linux/srcu.h                               |   3 +
 include/linux/srcutiny.h                           |   7 +-
 include/linux/timer.h                              |   2 +
 include/linux/torture.h                            |  27 +-
 include/linux/vmalloc.h                            |   6 +
 include/trace/events/rcu.h                         |  26 +
 kernel/cpu.c                                       |   7 +
 kernel/kcsan/core.c                                |  26 +-
 kernel/locking/locktorture.c                       |   1 -
 kernel/rcu/Kconfig                                 |   5 +-
 kernel/rcu/rcu.h                                   |  16 +-
 kernel/rcu/rcu_segcblist.c                         | 216 ++++--
 kernel/rcu/rcu_segcblist.h                         |  57 +-
 kernel/rcu/rcuscale.c                              |  38 ++
 kernel/rcu/rcutorture.c                            | 395 +++++++++--
 kernel/rcu/refscale.c                              |  23 +-
 kernel/rcu/srcutiny.c                              |  77 ++-
 kernel/rcu/srcutree.c                              | 147 ++++-
 kernel/rcu/tasks.h                                 |  79 +++
 kernel/rcu/tree.c                                  | 101 ++-
 kernel/rcu/tree.h                                  |   2 +
 kernel/rcu/tree_exp.h                              |   2 +-
 kernel/rcu/tree_plugin.h                           | 381 ++++++++++-
 kernel/rcu/tree_stall.h                            |  60 +-
 kernel/rcu/update.c                                |   4 +-
 kernel/scftorture.c                                |   6 +-
 kernel/sched/core.c                                |   9 +-
 kernel/sched/idle.c                                |  18 +-
 kernel/time/clocksource.c                          | 138 +++-
 kernel/time/timer.c                                |  13 +
 kernel/torture.c                                   | 184 +++++-
 lib/Makefile                                       |   3 -
 lib/cpumask.c                                      | 132 ++++
 lib/percpu-refcount.c                              |  12 +-
 mm/slab.c                                          |  20 +
 mm/slab.h                                          |  12 +
 mm/slab_common.c                                   |  76 +++
 mm/slob.c                                          |   6 +
 mm/slub.c                                          |  40 ++
 mm/util.c                                          |  32 +
 mm/vmalloc.c                                       |  13 +
 tools/memory-model/Documentation/glossary.txt      |  12 +-
 tools/memory-model/Documentation/locking.txt       | 320 +++++++++
 tools/memory-model/README                          |   2 +-
 tools/memory-model/litmus-tests/.gitignore         |   2 +-
 .../litmus-tests/CoRR+poonceonce+Once.litmus       |   4 +-
 .../litmus-tests/CoRW+poonceonce+Once.litmus       |   4 +-
 .../litmus-tests/CoWR+poonceonce+Once.litmus       |   4 +-
 .../litmus-tests/CoWW+poonceonce.litmus            |   4 +-
 .../IRIW+fencembonceonces+OnceOnce.litmus          |   5 +-
 .../litmus-tests/IRIW+poonceonces+OnceOnce.litmus  |   5 +-
 .../ISA2+pooncelock+pooncelock+pombonce.litmus     |   7 +-
 .../litmus-tests/ISA2+poonceonces.litmus           |   6 +-
 ...cerelease+poacquirerelease+poacquireonce.litmus |   6 +-
 .../LB+fencembonceonce+ctrlonceonce.litmus         |   5 +-
 .../LB+poacquireonce+pooncerelease.litmus          |   5 +-
 .../litmus-tests/LB+poonceonces.litmus             |   5 +-
 .../MP+fencewmbonceonce+fencermbonceonce.litmus    |   5 +-
 .../litmus-tests/MP+onceassign+derefonce.litmus    |   4 +-
 .../MP+polockmbonce+poacquiresilsil.litmus         |   5 +-
 .../MP+polockonce+poacquiresilsil.litmus           |   5 +-
 tools/memory-model/litmus-tests/MP+polocks.litmus  |   6 +-
 .../litmus-tests/MP+poonceonces.litmus             |   5 +-
 .../MP+pooncerelease+poacquireonce.litmus          |   5 +-
 .../memory-model/litmus-tests/MP+porevlocks.litmus |   6 +-
 .../litmus-tests/R+fencembonceonces.litmus         |   5 +-
 .../memory-model/litmus-tests/R+poonceonces.litmus |   5 +-
 .../S+fencewmbonceonce+poacquireonce.litmus        |   5 +-
 .../memory-model/litmus-tests/S+poonceonces.litmus |   5 +-
 .../litmus-tests/SB+fencembonceonces.litmus        |   5 +-
 .../litmus-tests/SB+poonceonces.litmus             |   5 +-
 .../litmus-tests/SB+rfionceonce-poonceonces.litmus |   5 +-
 .../litmus-tests/WRC+poonceonces+Once.litmus       |   5 +-
 .../WRC+pooncerelease+fencermbonceonce+Once.litmus |   5 +-
 .../Z6.0+pooncelock+poonceLock+pombonce.litmus     |   7 +-
 .../Z6.0+pooncelock+pooncelock+pombonce.litmus     |   7 +-
 ...release+poacquirerelease+fencembonceonce.litmus |   6 +-
 tools/memory-model/scripts/README                  |  16 +-
 tools/memory-model/scripts/checkalllitmus.sh       |  29 +-
 tools/memory-model/scripts/checkghlitmus.sh        |  11 +-
 tools/memory-model/scripts/checklitmus.sh          |  25 +-
 tools/memory-model/scripts/checklitmushist.sh      |   2 +-
 tools/memory-model/scripts/checktheselitmus.sh     |  43 ++
 tools/memory-model/scripts/cmplitmushist.sh        |  49 +-
 tools/memory-model/scripts/hwfnseg.sh              |  20 +
 tools/memory-model/scripts/initlitmushist.sh       |   2 +-
 tools/memory-model/scripts/judgelitmus.sh          | 120 +++-
 tools/memory-model/scripts/newlitmushist.sh        |   4 +-
 tools/memory-model/scripts/parseargs.sh            |  21 +-
 tools/memory-model/scripts/runlitmus.sh            |  80 +++
 tools/memory-model/scripts/runlitmushist.sh        |  29 +-
 tools/memory-model/scripts/simpletest.sh           |  35 +
 .../testing/selftests/rcutorture/bin/config2csv.sh |  67 ++
 .../selftests/rcutorture/bin/console-badness.sh    |   1 +
 .../testing/selftests/rcutorture/bin/functions.sh  |  36 +-
 .../selftests/rcutorture/bin/kvm-find-errors.sh    |   9 +-
 .../selftests/rcutorture/bin/kvm-recheck.sh        |   3 +-
 .../selftests/rcutorture/bin/kvm-test-1-run.sh     |  12 +-
 tools/testing/selftests/rcutorture/bin/kvm.sh      | 103 ++-
 .../selftests/rcutorture/bin/parse-build.sh        |   2 +-
 .../selftests/rcutorture/bin/parse-console.sh      |   2 +-
 tools/testing/selftests/rcutorture/bin/torture.sh  | 442 +++++++++++++
 .../selftests/rcutorture/configs/rcu/RUDE01.boot   |   1 +
 .../selftests/rcutorture/configs/rcu/TASKS01.boot  |   1 +
 .../selftests/rcutorture/configs/rcu/TREE01.boot   |   4 +-
 .../selftests/rcutorture/configs/rcu/TREE04.boot   |   2 +-
 .../selftests/rcutorture/configs/rcu/TREE08.boot   |   2 +-
 132 files changed, 4408 insertions(+), 1002 deletions(-)
 create mode 100644 Documentation/litmus-tests/locking/DCL-broken.litmus
 create mode 100644 Documentation/litmus-tests/locking/DCL-fixed.litmus
 create mode 100644 Documentation/litmus-tests/locking/RM-broken.litmus
 create mode 100644 Documentation/litmus-tests/locking/RM-fixed.litmus
 create mode 100644 tools/memory-model/Documentation/locking.txt
 create mode 100755 tools/memory-model/scripts/checktheselitmus.sh
 create mode 100755 tools/memory-model/scripts/hwfnseg.sh
 create mode 100755 tools/memory-model/scripts/runlitmus.sh
 create mode 100755 tools/memory-model/scripts/simpletest.sh
 create mode 100755 tools/testing/selftests/rcutorture/bin/config2csv.sh
 create mode 100755 tools/testing/selftests/rcutorture/bin/torture.sh
Merging kvm/next (d45f89f7437d KVM: SVM: fix 32-bit compilation)
$ git merge kvm/next
Already up to date.
Merging kvm-arm/next (45ba7b195a36 arm64: cpufeature: remove non-exist CONFIG_KVM_ARM_HOST)
$ git merge kvm-arm/next
Auto-merging arch/arm64/kernel/smp.c
Auto-merging arch/arm64/kernel/cpufeature.c
Auto-merging Documentation/virt/kvm/api.rst
Merge made by the 'recursive' strategy.
 Documentation/virt/kvm/api.rst             |  9 ++++-
 arch/arm64/include/asm/kvm_host.h          | 23 ++++++++++++
 arch/arm64/kernel/cpufeature.c             |  2 +-
 arch/arm64/kernel/smp.c                    |  2 +-
 arch/arm64/kvm/Kconfig                     |  8 ----
 arch/arm64/kvm/Makefile                    |  2 +-
 arch/arm64/kvm/arch_timer.c                |  7 ++--
 arch/arm64/kvm/arm.c                       | 32 +++++++++-------
 arch/arm64/kvm/hyp/include/hyp/adjust_pc.h |  9 +++++
 arch/arm64/kvm/hyp/nvhe/hyp-main.c         | 12 +-----
 arch/arm64/kvm/hyp/nvhe/hyp-smp.c          |  6 +--
 arch/arm64/kvm/hyp/nvhe/psci-relay.c       | 59 +++++++++++-------------------
 arch/arm64/kvm/pmu-emul.c                  |  2 -
 arch/arm64/kvm/sys_regs.c                  |  6 ++-
 arch/arm64/kvm/va_layout.c                 |  7 ++--
 arch/arm64/kvm/vgic/vgic-init.c            | 11 +++++-
 arch/arm64/kvm/vgic/vgic-v2.c              | 20 +++-------
 arch/arm64/kvm/vgic/vgic-v3.c              | 21 +++--------
 include/kvm/arm_pmu.h                      |  2 +-
 19 files changed, 122 insertions(+), 118 deletions(-)
Merging kvm-ppc/kvm-ppc-next (dc924b062488 KVM: SVM: check CR4 changes against vcpu->arch)
$ git merge kvm-ppc/kvm-ppc-next
Already up to date.
Merging kvms390/next (50a05be484cb KVM: s390: track synchronous pfault events in kvm_stat)
$ git merge kvms390/next
Already up to date.
Merging xen-tip/linux-next (6190c0ccaf5d xen: Kconfig: remove X86_64 depends from XEN_512GB)
$ git merge xen-tip/linux-next
Already up to date.
Merging percpu/for-next (7dd3050a0194 Merge branch 'for-5.12' into for-next)
$ git merge percpu/for-next
Merge made by the 'recursive' strategy.
 mm/percpu.c | 32 ++++++++++++++++++--------------
 1 file changed, 18 insertions(+), 14 deletions(-)
Merging workqueues/for-next (ac87f8ff6cf1 workqueue: Kick a worker based on the actual activation of delayed works)
$ git merge workqueues/for-next
Auto-merging kernel/workqueue.c
Merge made by the 'recursive' strategy.
Merging drivers-x86/for-next (5b569302520a platform/x86: amd-pmc: Fix CONFIG_DEBUG_FS check)
$ git merge drivers-x86/for-next
Already up to date.
Merging chrome-platform/for-next (6ae9b5ffcaeb platform/chrome: cros_ec_typec: Tolerate unrecognized mux flags)
$ git merge chrome-platform/for-next
Already up to date.
Merging hsi/for-next (aa57e77b3d28 HSI: Fix PM usage counter unbalance in ssi_hw_init)
$ git merge hsi/for-next
Merge made by the 'recursive' strategy.
 drivers/hsi/controllers/omap_ssi_core.c | 2 +-
 1 file changed, 1 insertion(+), 1 deletion(-)
Merging leds/for-next (9a5ad5c5b2d2 leds: trigger: fix potential deadlock with libata)
$ git merge leds/for-next
Merge made by the 'recursive' strategy.
 drivers/leds/led-triggers.c       | 10 ++++++----
 drivers/leds/leds-ariel.c         |  6 +++---
 drivers/leds/leds-blinkm.c        | 24 ++++++++++++------------
 drivers/leds/leds-gpio.c          |  3 ++-
 drivers/leds/leds-lm3530.c        | 10 +++++-----
 drivers/leds/leds-lm3533.c        |  4 ++--
 drivers/leds/leds-lm355x.c        |  8 ++++----
 drivers/leds/leds-lm3642.c        | 16 ++++++++--------
 drivers/leds/leds-max8997.c       | 12 ++++++------
 drivers/leds/leds-netxbig.c       | 12 ++++++------
 drivers/leds/leds-ss4200.c        | 18 +++++++-----------
 drivers/leds/leds-wm831x-status.c | 12 ++++++------
 12 files changed, 67 insertions(+), 68 deletions(-)
Merging ipmi/for-next (dea8dcf2a9fa Merge tag 'for-5.11/dm-fix' of git://git.kernel.org/pub/scm/linux/kernel/git/device-mapper/linux-dm)
$ git merge ipmi/for-next
Already up to date.
Merging driver-core/driver-core-next (e71ba9452f0b Linux 5.11-rc2)
$ git merge driver-core/driver-core-next
Already up to date.
Merging usb/usb-next (ed054e4e95d6 USB: gadget: f_printer: set a default q_len)
$ git merge usb/usb-next
Auto-merging drivers/usb/gadget/function/f_printer.c
Auto-merging drivers/usb/gadget/composite.c
Auto-merging drivers/usb/dwc3/gadget.c
CONFLICT (content): Merge conflict in drivers/usb/dwc3/gadget.c
Auto-merging drivers/usb/dwc3/core.h
Resolved 'drivers/usb/dwc3/gadget.c' using previous resolution.
Automatic merge failed; fix conflicts and then commit the result.
$ git commit --no-edit -v -a
[master 2a4dfebeb41e] Merge remote-tracking branch 'usb/usb-next'
$ git diff -M --stat --summary HEAD^..
 .../devicetree/bindings/usb/fsl,imx8mp-dwc3.yaml   | 105 ++++++
 arch/arm64/boot/dts/freescale/imx8mp-evk.dts       |  21 ++
 arch/arm64/boot/dts/freescale/imx8mp.dtsi          |  82 +++++
 drivers/usb/class/usbtmc.c                         |  85 +++--
 drivers/usb/dwc3/Kconfig                           |  10 +
 drivers/usb/dwc3/Makefile                          |   1 +
 drivers/usb/dwc3/core.h                            |   1 +
 drivers/usb/dwc3/drd.c                             |  25 +-
 drivers/usb/dwc3/dwc3-imx8mp.c                     | 363 +++++++++++++++++++++
 drivers/usb/dwc3/gadget.c                          | 128 +++++---
 drivers/usb/gadget/composite.c                     |  21 +-
 drivers/usb/gadget/function/f_printer.c            |   5 +
 drivers/usb/gadget/function/u_serial.c             |   4 +-
 drivers/usb/usbip/usbip_common.h                   |  29 ++
 drivers/usb/usbip/vhci_rx.c                        |   2 +
 drivers/usb/usbip/vhci_sysfs.c                     |   1 +
 include/linux/usb/composite.h                      |   2 +
 include/uapi/linux/usb/tmc.h                       |   3 +
 18 files changed, 803 insertions(+), 85 deletions(-)
 create mode 100644 Documentation/devicetree/bindings/usb/fsl,imx8mp-dwc3.yaml
 create mode 100644 drivers/usb/dwc3/dwc3-imx8mp.c
Merging usb-gadget/next (b2c586eb07ef usb: dwc2: Fix INTR OUT transfers in DDMA mode.)
$ git merge usb-gadget/next
Already up to date.
Merging usb-serial/usb-next (5c8fe583cce5 Linux 5.11-rc1)
$ git merge usb-serial/usb-next
Already up to date.
Merging usb-chipidea-next/for-usb-next (fc71a6268982 usb: chipidea: tegra: Specify TX FIFO threshold in UDC SoC info)
$ git merge usb-chipidea-next/for-usb-next
Auto-merging drivers/usb/cdns3/cdns3-imx.c
Auto-merging MAINTAINERS
Merge made by the 'recursive' strategy.
 MAINTAINERS                                    |    9 +
 drivers/usb/Makefile                           |    2 +
 drivers/usb/cdns3/Kconfig                      |   60 +-
 drivers/usb/cdns3/Makefile                     |   35 +-
 drivers/usb/cdns3/{debug.h => cdns3-debug.h}   |    0
 drivers/usb/cdns3/{ep0.c => cdns3-ep0.c}       |    8 +-
 drivers/usb/cdns3/{gadget.c => cdns3-gadget.c} |   34 +-
 drivers/usb/cdns3/{gadget.h => cdns3-gadget.h} |    0
 drivers/usb/cdns3/cdns3-imx.c                  |    2 +-
 drivers/usb/cdns3/cdns3-plat.c                 |  315 +++
 drivers/usb/cdns3/{trace.c => cdns3-trace.c}   |    2 +-
 drivers/usb/cdns3/{trace.h => cdns3-trace.h}   |    6 +-
 drivers/usb/cdns3/cdnsp-debug.h                |  583 ++++++
 drivers/usb/cdns3/cdnsp-ep0.c                  |  494 +++++
 drivers/usb/cdns3/cdnsp-gadget.c               | 2011 +++++++++++++++++++
 drivers/usb/cdns3/cdnsp-gadget.h               | 1601 ++++++++++++++++
 drivers/usb/cdns3/cdnsp-mem.c                  | 1336 +++++++++++++
 drivers/usb/cdns3/cdnsp-pci.c                  |  254 +++
 drivers/usb/cdns3/cdnsp-ring.c                 | 2439 ++++++++++++++++++++++++
 drivers/usb/cdns3/cdnsp-trace.c                |   12 +
 drivers/usb/cdns3/cdnsp-trace.h                |  840 ++++++++
 drivers/usb/cdns3/core.c                       |  455 ++---
 drivers/usb/cdns3/core.h                       |   59 +-
 drivers/usb/cdns3/drd.c                        |  222 ++-
 drivers/usb/cdns3/drd.h                        |   94 +-
 drivers/usb/cdns3/gadget-export.h              |   22 +-
 drivers/usb/cdns3/host-export.h                |   18 +-
 drivers/usb/cdns3/host.c                       |   26 +-
 drivers/usb/chipidea/Kconfig                   |    3 +-
 drivers/usb/chipidea/ci_hdrc_tegra.c           |  344 +++-
 drivers/usb/chipidea/core.c                    |   10 +-
 drivers/usb/chipidea/host.c                    |  104 +-
 include/linux/usb/chipidea.h                   |    6 +
 33 files changed, 10835 insertions(+), 571 deletions(-)
 rename drivers/usb/cdns3/{debug.h => cdns3-debug.h} (100%)
 rename drivers/usb/cdns3/{ep0.c => cdns3-ep0.c} (99%)
 rename drivers/usb/cdns3/{gadget.c => cdns3-gadget.c} (99%)
 rename drivers/usb/cdns3/{gadget.h => cdns3-gadget.h} (100%)
 create mode 100644 drivers/usb/cdns3/cdns3-plat.c
 rename drivers/usb/cdns3/{trace.c => cdns3-trace.c} (89%)
 rename drivers/usb/cdns3/{trace.h => cdns3-trace.h} (99%)
 create mode 100644 drivers/usb/cdns3/cdnsp-debug.h
 create mode 100644 drivers/usb/cdns3/cdnsp-ep0.c
 create mode 100644 drivers/usb/cdns3/cdnsp-gadget.c
 create mode 100644 drivers/usb/cdns3/cdnsp-gadget.h
 create mode 100644 drivers/usb/cdns3/cdnsp-mem.c
 create mode 100644 drivers/usb/cdns3/cdnsp-pci.c
 create mode 100644 drivers/usb/cdns3/cdnsp-ring.c
 create mode 100644 drivers/usb/cdns3/cdnsp-trace.c
 create mode 100644 drivers/usb/cdns3/cdnsp-trace.h
Merging phy-next/next (5c8fe583cce5 Linux 5.11-rc1)
$ git merge phy-next/next
Already up to date.
Merging tty/tty-next (01493ccb4436 tty: serial: icom: Use DEFINE_SPINLOCK() for spinlock)
$ git merge tty/tty-next
Merge made by the 'recursive' strategy.
 drivers/accessibility/speakup/spk_ttyio.c   |  2 +-
 drivers/tty/serial/cpm_uart/cpm_uart_core.c | 40 +++++++++++++-
 drivers/tty/serial/icom.c                   |  4 +-
 drivers/tty/serial/imx.c                    |  2 +-
 drivers/tty/serial/lantiq.c                 |  2 +-
 drivers/tty/tty_io.c                        | 85 +++++++++++++++++++++--------
 include/linux/tty.h                         |  7 ++-
 7 files changed, 111 insertions(+), 31 deletions(-)
Merging char-misc/char-misc-next (4c5a6a7b7143 greybus: remove h from printk format specifier)
$ git merge char-misc/char-misc-next
Removing drivers/misc/atmel_tclib.c
Merge made by the 'recursive' strategy.
 drivers/greybus/greybus_trace.h    |   6 +-
 drivers/misc/Kconfig               |   8 --
 drivers/misc/Makefile              |   1 -
 drivers/misc/atmel_tclib.c         | 200 -------------------------------------
 drivers/misc/cardreader/rtsx_pcr.c |   6 --
 drivers/misc/ocxl/file.c           |   3 +-
 6 files changed, 4 insertions(+), 220 deletions(-)
 delete mode 100644 drivers/misc/atmel_tclib.c
Merging extcon/extcon-next (226d336c1c75 extcon: max8997: Add CHGINS and CHGRM interrupt handling)
$ git merge extcon/extcon-next
Merge made by the 'recursive' strategy.
 drivers/extcon/extcon-max8997.c |  4 ++++
 include/linux/extcon.h          | 23 +++++++++++++++++++++++
 2 files changed, 27 insertions(+)
Merging soundwire/next (235ae89b6676 soundwire: intel: Use kzalloc for allocating only one thing)
$ git merge soundwire/next
Merge made by the 'recursive' strategy.
 drivers/soundwire/intel.c | 2 +-
 1 file changed, 1 insertion(+), 1 deletion(-)
Merging thunderbolt/next (82096ecf589d thunderbolt: Use kmemdup instead of kzalloc and memcpy)
$ git merge thunderbolt/next
Merge made by the 'recursive' strategy.
 drivers/thunderbolt/dma_test.c | 4 +---
 1 file changed, 1 insertion(+), 3 deletions(-)
Merging vfio/next (bdfae1c9a913 vfio/type1: Add vfio_group_iommu_domain())
$ git merge vfio/next
Already up to date.
Merging staging/staging-next (87bb53b75563 staging: rtl819x: select CONFIG_CRC32)
$ git merge staging/staging-next
Merge made by the 'recursive' strategy.
 drivers/staging/android/ashmem.c                   |  2 +-
 drivers/staging/board/Kconfig                      |  9 ++--
 drivers/staging/fwserial/fwserial.c                |  2 +
 drivers/staging/greybus/light.c                    |  3 +-
 drivers/staging/most/net/net.c                     |  3 +-
 drivers/staging/mt7621-dts/mt7621.dtsi             | 51 ++++++++++------------
 drivers/staging/rtl8192e/Kconfig                   |  1 +
 drivers/staging/rtl8192e/rtl8192e/r8192E_dev.c     |  4 +-
 drivers/staging/rtl8192e/rtl8192e/rtl_core.c       |  4 +-
 drivers/staging/rtl8192e/rtl8192e/rtl_dm.c         |  4 +-
 drivers/staging/rtl8192e/rtllib_rx.c               |  5 +--
 drivers/staging/rtl8192e/rtllib_tx.c               |  8 ++--
 drivers/staging/rtl8192u/Kconfig                   |  1 +
 drivers/staging/rtl8192u/r8192U_core.c             |  2 +
 drivers/staging/rtl8723bs/core/rtw_security.c      | 24 ++++------
 .../vc04_services/interface/vchiq_arm/vchiq_arm.c  |  7 ---
 .../interface/vchiq_arm/vchiq_connected.c          |  3 +-
 17 files changed, 59 insertions(+), 74 deletions(-)
Merging mux/for-next (3516bd729358 Merge tag 's390-5.11-3' of git://git.kernel.org/pub/scm/linux/kernel/git/s390/linux)
$ git merge mux/for-next
Already up to date.
Merging icc/icc-next (4b1a60a1bb8f MAINTAINERS: Update Georgi's email address)
$ git merge icc/icc-next
Auto-merging MAINTAINERS
Merge made by the 'recursive' strategy.
 MAINTAINERS                       |  2 +-
 drivers/interconnect/imx/imx.c    |  3 ++-
 drivers/interconnect/imx/imx8mq.c |  2 ++
 drivers/interconnect/qcom/Kconfig | 23 +++++++++++++++--------
 4 files changed, 20 insertions(+), 10 deletions(-)
Merging dmaengine/next (80f959dedfa6 dma: idxd: use DEFINE_MUTEX() for mutex lock)
$ git merge dmaengine/next
Removing include/linux/platform_data/dma-atmel.h
Auto-merging MAINTAINERS
Merge made by the 'recursive' strategy.
 Documentation/devicetree/bindings/dma/owl-dma.yaml |  7 +--
 MAINTAINERS                                        |  1 -
 drivers/dma/Kconfig                                |  2 +-
 drivers/dma/at_hdmac.c                             | 19 +++++++
 drivers/dma/at_hdmac_regs.h                        | 28 ++++++++--
 drivers/dma/idxd/init.c                            |  3 +-
 drivers/dma/owl-dma.c                              |  3 +-
 drivers/dma/txx9dmac.h                             | 10 ----
 include/linux/platform_data/dma-atmel.h            | 61 ----------------------
 9 files changed, 52 insertions(+), 82 deletions(-)
 delete mode 100644 include/linux/platform_data/dma-atmel.h
Merging cgroup/for-next (2d18e54dd866 cgroup: Fix memory leak when parsing multiple source parameters)
$ git merge cgroup/for-next
Already up to date.
Merging scsi/for-next (a8f808839abe Merge branch '5.11/scsi-postmerge' into 5.11/scsi-fixes)
$ git merge scsi/for-next
Already up to date.
Merging scsi-mkp/for-next (a967ddb22d94 scsi: ufs: ufs-exynos: Apply vendor-specific values for three timeouts)
$ git merge scsi-mkp/for-next
Auto-merging drivers/scsi/ufs/ufshcd.c
Merge made by the 'recursive' strategy.
 drivers/scsi/ufs/ufs-exynos.c   |  8 +++++++-
 drivers/scsi/ufs/ufs-mediatek.c |  1 +
 drivers/scsi/ufs/ufshcd.c       | 40 +++++++++++++++++++++-------------------
 drivers/scsi/ufs/ufshcd.h       |  6 ++++++
 4 files changed, 35 insertions(+), 20 deletions(-)
Merging vhost/linux-next (e13a6915a03f vhost/vsock: add IOTLB API support)
$ git merge vhost/linux-next
Already up to date.
Merging rpmsg/for-next (6e05cd807a5a Merge branches 'hwspinlock-next', 'rpmsg-next' and 'rproc-next' into for-next)
$ git merge rpmsg/for-next
Auto-merging MAINTAINERS
Merge made by the 'recursive' strategy.
 MAINTAINERS                        |  2 ++
 drivers/remoteproc/pru_rproc.c     | 18 ++++++++++++++++++
 drivers/remoteproc/qcom_pil_info.c |  2 +-
 drivers/rpmsg/qcom_glink_ssr.c     | 17 +++++++++--------
 include/linux/rpmsg/qcom_glink.h   |  8 ++++++--
 5 files changed, 36 insertions(+), 11 deletions(-)
Merging gpio/for-next (7ac554888233 MAINTAINERS: Remove reference to non-existing file)
$ git merge gpio/for-next
Already up to date.
Merging gpio-brgl/gpio/for-next (efcdca286eef gpio: tegra: Convert to gpio_irq_chip)
$ git merge gpio-brgl/gpio/for-next
Auto-merging MAINTAINERS
Merge made by the 'recursive' strategy.
 .../devicetree/bindings/gpio/gpio-davinci.txt      |   1 +
 .../bindings/gpio/toshiba,gpio-visconti.yaml       |  70 +++++++
 Documentation/driver-api/gpio/consumer.rst         |   5 +-
 Documentation/driver-api/gpio/intro.rst            |   8 +-
 MAINTAINERS                                        |   2 +
 arch/arm64/boot/dts/toshiba/tmpv7708-rm-mbrc.dts   |   4 +
 arch/arm64/boot/dts/toshiba/tmpv7708.dtsi          |  11 ++
 drivers/gpio/Kconfig                               |  16 +-
 drivers/gpio/Makefile                              |   1 +
 drivers/gpio/gpio-bd70528.c                        |  46 ++---
 drivers/gpio/gpio-bd71828.c                        |  28 ++-
 drivers/gpio/gpio-rcar.c                           |  27 ---
 drivers/gpio/gpio-sl28cpld.c                       |   4 +-
 drivers/gpio/gpio-tegra.c                          | 218 ++++++++++++++-------
 drivers/gpio/gpio-visconti.c                       | 218 +++++++++++++++++++++
 drivers/pinctrl/visconti/pinctrl-common.c          |  23 +++
 16 files changed, 531 insertions(+), 151 deletions(-)
 create mode 100644 Documentation/devicetree/bindings/gpio/toshiba,gpio-visconti.yaml
 create mode 100644 drivers/gpio/gpio-visconti.c
Merging gpio-intel/for-next (5c8fe583cce5 Linux 5.11-rc1)
$ git merge gpio-intel/for-next
Already up to date.
Merging pinctrl/for-next (6d92949813bb Merge branch 'devel' into for-next)
$ git merge pinctrl/for-next
Merge made by the 'recursive' strategy.
 .../bindings/pinctrl/ralink,rt2880-pinmux.yaml     | 62 ++++++++---------
 drivers/pinctrl/actions/pinctrl-owl.c              |  1 -
 drivers/pinctrl/aspeed/pinctrl-aspeed-g6.c         |  2 +-
 drivers/pinctrl/core.c                             |  1 -
 drivers/pinctrl/freescale/pinctrl-imx1-core.c      |  1 -
 drivers/pinctrl/mediatek/pinctrl-moore.c           |  4 +-
 drivers/pinctrl/mediatek/pinctrl-mtk-common-v2.c   |  4 ++
 drivers/pinctrl/mediatek/pinctrl-paris.c           |  4 +-
 drivers/pinctrl/mvebu/pinctrl-armada-37xx.c        |  1 -
 drivers/pinctrl/nomadik/pinctrl-nomadik.c          |  1 -
 drivers/pinctrl/pinctrl-at91.c                     |  3 +-
 drivers/pinctrl/pinctrl-ingenic.c                  | 80 +++++++++++-----------
 drivers/pinctrl/pinctrl-st.c                       |  1 -
 drivers/pinctrl/pinctrl-sx150x.c                   |  1 -
 drivers/pinctrl/qcom/pinctrl-sdm845.c              |  1 -
 drivers/pinctrl/qcom/pinctrl-ssbi-mpp.c            |  1 -
 drivers/pinctrl/ralink/pinctrl-rt2880.c            | 47 +++++++------
 drivers/pinctrl/renesas/pfc-r8a77950.c             |  1 -
 drivers/pinctrl/renesas/pfc-r8a77951.c             |  1 -
 drivers/pinctrl/renesas/pfc-r8a7796.c              |  1 -
 drivers/pinctrl/renesas/pfc-r8a77965.c             |  1 -
 drivers/pinctrl/ti/pinctrl-ti-iodelay.c            |  2 +-
 22 files changed, 102 insertions(+), 119 deletions(-)
Merging pinctrl-intel/for-next (5c8fe583cce5 Linux 5.11-rc1)
$ git merge pinctrl-intel/for-next
Already up to date.
Merging pinctrl-renesas/renesas-pinctrl (7ba4a9591a8a pinctrl: renesas: Fix fall-through warnings for Clang)
$ git merge pinctrl-renesas/renesas-pinctrl
Already up to date.
Merging pinctrl-samsung/for-next (5c8fe583cce5 Linux 5.11-rc1)
$ git merge pinctrl-samsung/for-next
Already up to date.
Merging pwm/for-next (6eefb79d6f5b pwm: sun4i: Remove erroneous else branch)
$ git merge pwm/for-next
Already up to date.
Merging userns/for-next (95ebabde382c capabilities: Don't allow writing ambiguous v3 file capabilities)
$ git merge userns/for-next
Merge made by the 'recursive' strategy.
 security/commoncap.c | 12 +++++++++++-
 1 file changed, 11 insertions(+), 1 deletion(-)
Merging ktest/for-next (170f4869e662 ktest.pl: Fix the logic for truncating the size of the log file for email)
$ git merge ktest/for-next
Already up to date.
Merging random/dev (ab9a7e27044b random: avoid warnings for !CONFIG_NUMA builds)
$ git merge random/dev
Already up to date.
Merging kselftest/next (df00d0298902 selftests/vDSO: fix -Wformat warning in vdso_test_correctness)
$ git merge kselftest/next
Merge made by the 'recursive' strategy.
 tools/testing/selftests/vDSO/.gitignore              | 3 +++
 tools/testing/selftests/vDSO/vdso_test_correctness.c | 2 +-
 2 files changed, 4 insertions(+), 1 deletion(-)
Merging y2038/y2038 (c4e71212a245 Revert "drm/etnaviv: reject timeouts with tv_nsec >= NSEC_PER_SEC")
$ git merge y2038/y2038
Already up to date.
Merging livepatching/for-next (59fc1e476962 Merge branch 'for-5.10/flive-patching' into for-next)
$ git merge livepatching/for-next
Already up to date!
Merge made by the 'recursive' strategy.
Merging coresight/next (1efbcec2ef8c coresight: cti: Reduce scope for the variable cs_fwnode in cti_plat_create_connection())
$ git merge coresight/next
Merge made by the 'recursive' strategy.
 drivers/hwtracing/coresight/coresight-cti-platform.c | 6 +++---
 1 file changed, 3 insertions(+), 3 deletions(-)
Merging rtc/rtc-next (5c8fe583cce5 Linux 5.11-rc1)
$ git merge rtc/rtc-next
Already up to date.
Merging nvdimm/libnvdimm-for-next (127c3d2e7e8a Merge branch 'for-5.11/dax' into for-5.11/libnvdimm)
$ git merge nvdimm/libnvdimm-for-next
Already up to date.
Merging at24/at24/for-next (5c8fe583cce5 Linux 5.11-rc1)
$ git merge at24/at24/for-next
Already up to date.
Merging ntb/ntb-next (5c8fe583cce5 Linux 5.11-rc1)
$ git merge ntb/ntb-next
Already up to date.
Merging seccomp/for-next/seccomp (2c07343abd89 selftests/seccomp: Update kernel config)
$ git merge seccomp/for-next/seccomp
Already up to date.
Merging kspp/for-next/kspp (09162bc32c88 Linux 5.10-rc4)
$ git merge kspp/for-next/kspp
Already up to date.
Merging gnss/gnss-next (5c8fe583cce5 Linux 5.11-rc1)
$ git merge gnss/gnss-next
Already up to date.
Merging fsi/next (4a851d714ead fsi: aspeed: Support CFAM reset GPIO)
$ git merge fsi/next
Already up to date.
Merging slimbus/for-next (5c8fe583cce5 Linux 5.11-rc1)
$ git merge slimbus/for-next
Already up to date.
Merging nvmem/for-next (40f592233f78 nvmem: imx-iim: Use of_device_get_match_data())
$ git merge nvmem/for-next
Merge made by the 'recursive' strategy.
 drivers/nvmem/core.c    | 1 +
 drivers/nvmem/imx-iim.c | 7 +------
 2 files changed, 2 insertions(+), 6 deletions(-)
Merging xarray/main (80c1dbebf308 XArray: Fix splitting to non-zero orders)
$ git merge xarray/main
Merge made by the 'recursive' strategy.
 lib/test_xarray.c | 26 ++++++++++++++------------
 lib/xarray.c      | 11 ++++++-----
 2 files changed, 20 insertions(+), 17 deletions(-)
Merging hyperv/hyperv-next (d03419fe2048 scsi: storvsc: Resolve data race in storvsc_probe())
$ git merge hyperv/hyperv-next
Auto-merging drivers/hv/vmbus_drv.c
Merge made by the 'recursive' strategy.
 drivers/hv/channel.c              |  13 ++-
 drivers/hv/channel_mgmt.c         |  39 +++++--
 drivers/hv/hv_fcopy.c             |  37 +++++--
 drivers/hv/hv_kvp.c               | 123 ++++++++++++---------
 drivers/hv/hv_snapshot.c          |  89 ++++++++-------
 drivers/hv/hv_util.c              | 222 +++++++++++++++++++++++---------------
 drivers/hv/hyperv_vmbus.h         |   2 +-
 drivers/hv/ring_buffer.c          |  82 ++++++++++++--
 drivers/hv/vmbus_drv.c            |  43 +++++---
 drivers/net/hyperv/hyperv_net.h   |   3 +
 drivers/net/hyperv/netvsc.c       |   2 +
 drivers/net/hyperv/rndis_filter.c |   2 +
 drivers/scsi/storvsc_drv.c        |  62 +++++++----
 include/linux/hyperv.h            |  58 ++++++++--
 net/vmw_vsock/hyperv_transport.c  |   4 +-
 15 files changed, 525 insertions(+), 256 deletions(-)
Merging auxdisplay/auxdisplay (351dcacc6d77 auxdisplay: panel: Remove redundant charlcd_ops structures)
$ git merge auxdisplay/auxdisplay
Already up to date.
Merging kgdb/kgdb/for-next (d081a6e35316 kdb: Fix pager search for multi-line strings)
$ git merge kgdb/kgdb/for-next
Already up to date.
Merging pidfd/for-next (7abe0224623f Merge tag 'time-namespace-v5.11' of gitolite.kernel.org:pub/scm/linux/kernel/git/brauner/linux into for-next)
$ git merge pidfd/for-next
Already up to date!
Merge made by the 'recursive' strategy.
Merging hmm/hmm (3650b228f83a Linux 5.10-rc1)
$ git merge hmm/hmm
Already up to date.
Merging fpga/for-next (5c8fe583cce5 Linux 5.11-rc1)
$ git merge fpga/for-next
Already up to date.
Merging kunit/test (e71ba9452f0b Linux 5.11-rc2)
$ git merge kunit/test
Already up to date.
Merging generic-ioremap/for-next (4bdc0d676a64 remove ioremap_nocache and devm_ioremap_nocache)
$ git merge generic-ioremap/for-next
Already up to date.
Merging cfi/cfi/next (5de15b610f78 mtd: hyperbus: add Renesas RPC-IF driver)
$ git merge cfi/cfi/next
Already up to date.
Merging kunit-next/kunit (e71ba9452f0b Linux 5.11-rc2)
$ git merge kunit-next/kunit
Already up to date.
Merging trivial/for-next (9ff9b0d392ea Merge tag 'net-next-5.10' of git://git.kernel.org/pub/scm/linux/kernel/git/netdev/net-next)
$ git merge trivial/for-next
Already up to date.
Merging zx2c4/for-next (16fbf79b0f83 Linux 5.6-rc7)
$ git merge zx2c4/for-next
Already up to date.
Merging mhi/mhi-next (e6ca384d3b09 mhi: pci_generic: Fix shared MSI vector support)
$ git merge mhi/mhi-next
Merge made by the 'recursive' strategy.
 drivers/bus/mhi/core/init.c   |   9 +-
 drivers/bus/mhi/core/main.c   |  20 +++
 drivers/bus/mhi/pci_generic.c | 371 +++++++++++++++++++++++++++++++++++++++---
 include/linux/mhi.h           |  13 +-
 4 files changed, 386 insertions(+), 27 deletions(-)
Merging notifications/notifications-pipe-core (841a0dfa5113 watch_queue: sample: Display mount tree change notifications)
$ git merge notifications/notifications-pipe-core
Auto-merging security/security.c
Auto-merging samples/watch_queue/watch_test.c
Auto-merging kernel/sys_ni.c
Auto-merging include/uapi/asm-generic/unistd.h
CONFLICT (content): Merge conflict in include/uapi/asm-generic/unistd.h
Auto-merging include/linux/watch_queue.h
Auto-merging include/linux/syscalls.h
Auto-merging include/linux/security.h
Auto-merging include/linux/lsm_hooks.h
Auto-merging include/linux/lsm_hook_defs.h
Auto-merging include/linux/dcache.h
Auto-merging fs/namespace.c
Auto-merging fs/mount.h
Auto-merging fs/Makefile
Auto-merging fs/Kconfig
Auto-merging arch/xtensa/kernel/syscalls/syscall.tbl
CONFLICT (content): Merge conflict in arch/xtensa/kernel/syscalls/syscall.tbl
Auto-merging arch/x86/entry/syscalls/syscall_64.tbl
CONFLICT (content): Merge conflict in arch/x86/entry/syscalls/syscall_64.tbl
Auto-merging arch/x86/entry/syscalls/syscall_32.tbl
CONFLICT (content): Merge conflict in arch/x86/entry/syscalls/syscall_32.tbl
Auto-merging arch/sparc/kernel/syscalls/syscall.tbl
CONFLICT (content): Merge conflict in arch/sparc/kernel/syscalls/syscall.tbl
Auto-merging arch/sh/kernel/syscalls/syscall.tbl
CONFLICT (content): Merge conflict in arch/sh/kernel/syscalls/syscall.tbl
Auto-merging arch/s390/kernel/syscalls/syscall.tbl
CONFLICT (content): Merge conflict in arch/s390/kernel/syscalls/syscall.tbl
Auto-merging arch/powerpc/kernel/syscalls/syscall.tbl
CONFLICT (content): Merge conflict in arch/powerpc/kernel/syscalls/syscall.tbl
Auto-merging arch/parisc/kernel/syscalls/syscall.tbl
CONFLICT (content): Merge conflict in arch/parisc/kernel/syscalls/syscall.tbl
Auto-merging arch/mips/kernel/syscalls/syscall_o32.tbl
CONFLICT (content): Merge conflict in arch/mips/kernel/syscalls/syscall_o32.tbl
Auto-merging arch/mips/kernel/syscalls/syscall_n64.tbl
CONFLICT (content): Merge conflict in arch/mips/kernel/syscalls/syscall_n64.tbl
Auto-merging arch/mips/kernel/syscalls/syscall_n32.tbl
CONFLICT (content): Merge conflict in arch/mips/kernel/syscalls/syscall_n32.tbl
Auto-merging arch/microblaze/kernel/syscalls/syscall.tbl
CONFLICT (content): Merge conflict in arch/microblaze/kernel/syscalls/syscall.tbl
Auto-merging arch/m68k/kernel/syscalls/syscall.tbl
CONFLICT (content): Merge conflict in arch/m68k/kernel/syscalls/syscall.tbl
Auto-merging arch/ia64/kernel/syscalls/syscall.tbl
CONFLICT (content): Merge conflict in arch/ia64/kernel/syscalls/syscall.tbl
Auto-merging arch/arm64/include/asm/unistd32.h
CONFLICT (content): Merge conflict in arch/arm64/include/asm/unistd32.h
Auto-merging arch/arm64/include/asm/unistd.h
CONFLICT (content): Merge conflict in arch/arm64/include/asm/unistd.h
Auto-merging arch/arm/tools/syscall.tbl
CONFLICT (content): Merge conflict in arch/arm/tools/syscall.tbl
Auto-merging arch/alpha/kernel/syscalls/syscall.tbl
CONFLICT (content): Merge conflict in arch/alpha/kernel/syscalls/syscall.tbl
Auto-merging Documentation/watch_queue.rst
Resolved 'arch/alpha/kernel/syscalls/syscall.tbl' using previous resolution.
Resolved 'arch/arm/tools/syscall.tbl' using previous resolution.
Resolved 'arch/arm64/include/asm/unistd.h' using previous resolution.
Resolved 'arch/arm64/include/asm/unistd32.h' using previous resolution.
Resolved 'arch/ia64/kernel/syscalls/syscall.tbl' using previous resolution.
Resolved 'arch/m68k/kernel/syscalls/syscall.tbl' using previous resolution.
Resolved 'arch/microblaze/kernel/syscalls/syscall.tbl' using previous resolution.
Resolved 'arch/mips/kernel/syscalls/syscall_n32.tbl' using previous resolution.
Resolved 'arch/mips/kernel/syscalls/syscall_n64.tbl' using previous resolution.
Resolved 'arch/mips/kernel/syscalls/syscall_o32.tbl' using previous resolution.
Resolved 'arch/parisc/kernel/syscalls/syscall.tbl' using previous resolution.
Resolved 'arch/powerpc/kernel/syscalls/syscall.tbl' using previous resolution.
Resolved 'arch/s390/kernel/syscalls/syscall.tbl' using previous resolution.
Resolved 'arch/sh/kernel/syscalls/syscall.tbl' using previous resolution.
Resolved 'arch/sparc/kernel/syscalls/syscall.tbl' using previous resolution.
Resolved 'arch/x86/entry/syscalls/syscall_32.tbl' using previous resolution.
Resolved 'arch/x86/entry/syscalls/syscall_64.tbl' using previous resolution.
Resolved 'arch/xtensa/kernel/syscalls/syscall.tbl' using previous resolution.
Resolved 'include/uapi/asm-generic/unistd.h' using previous resolution.
Automatic merge failed; fix conflicts and then commit the result.
$ git commit --no-edit -v -a
[master 83e4711f40cc] Merge remote-tracking branch 'notifications/notifications-pipe-core'
$ git diff -M --stat --summary HEAD^..
 Documentation/watch_queue.rst               |  12 +-
 arch/alpha/kernel/syscalls/syscall.tbl      |   1 +
 arch/arm/tools/syscall.tbl                  |   1 +
 arch/arm64/include/asm/unistd.h             |   2 +-
 arch/arm64/include/asm/unistd32.h           |   2 +
 arch/ia64/kernel/syscalls/syscall.tbl       |   1 +
 arch/m68k/kernel/syscalls/syscall.tbl       |   1 +
 arch/microblaze/kernel/syscalls/syscall.tbl |   1 +
 arch/mips/kernel/syscalls/syscall_n32.tbl   |   1 +
 arch/mips/kernel/syscalls/syscall_n64.tbl   |   1 +
 arch/mips/kernel/syscalls/syscall_o32.tbl   |   1 +
 arch/parisc/kernel/syscalls/syscall.tbl     |   1 +
 arch/powerpc/kernel/syscalls/syscall.tbl    |   1 +
 arch/s390/kernel/syscalls/syscall.tbl       |   1 +
 arch/sh/kernel/syscalls/syscall.tbl         |   1 +
 arch/sparc/kernel/syscalls/syscall.tbl      |   1 +
 arch/x86/entry/syscalls/syscall_32.tbl      |   1 +
 arch/x86/entry/syscalls/syscall_64.tbl      |   1 +
 arch/xtensa/kernel/syscalls/syscall.tbl     |   1 +
 fs/Kconfig                                  |   9 ++
 fs/Makefile                                 |   1 +
 fs/mount.h                                  |  18 +++
 fs/mount_notify.c                           | 222 ++++++++++++++++++++++++++++
 fs/namespace.c                              |  22 +++
 include/linux/dcache.h                      |   1 +
 include/linux/lsm_hook_defs.h               |   3 +
 include/linux/lsm_hooks.h                   |   6 +
 include/linux/security.h                    |   8 +
 include/linux/syscalls.h                    |   2 +
 include/linux/watch_queue.h                 |   7 +-
 include/uapi/asm-generic/unistd.h           |   4 +-
 include/uapi/linux/watch_queue.h            |  31 +++-
 kernel/sys_ni.c                             |   3 +
 samples/watch_queue/watch_test.c            |  41 ++++-
 security/security.c                         |   7 +
 35 files changed, 411 insertions(+), 6 deletions(-)
 create mode 100644 fs/mount_notify.c
Merging memblock/for-next (5bdba520c1b3 mm: memblock: drop __init from memblock functions to make it inline)
$ git merge memblock/for-next
Already up to date.
Merging init/init-user-pointers (38b082236e77 initramfs: use vfs_utimes in do_copy)
$ git merge init/init-user-pointers
Already up to date.
Merging counters/counters (e71ba9452f0b Linux 5.11-rc2)
$ git merge counters/counters
Already up to date.
Merging akpm-current/current (ef677e35644c aio: simplify read_events())
$ git merge --no-ff akpm-current/current
Auto-merging mm/slub.c
Auto-merging mm/slob.c
Auto-merging mm/slab_common.c
Auto-merging mm/slab.h
Auto-merging mm/slab.c
Auto-merging lib/cpumask.c
Auto-merging lib/Kconfig.debug
Auto-merging init/main.c
Removing include/linux/mm-arch-hooks.h
Auto-merging include/linux/cpumask.h
Removing include/asm-generic/mm-arch-hooks.h
Auto-merging arch/x86/Kconfig
Auto-merging arch/arm64/Kconfig
Auto-merging MAINTAINERS
Merge made by the 'recursive' strategy.
 Documentation/admin-guide/sysctl/vm.rst |   4 +-
 Documentation/dev-tools/index.rst       |   1 +
 Documentation/dev-tools/kfence.rst      | 297 ++++++++++++
 MAINTAINERS                             |  12 +
 arch/arm64/Kconfig                      |   1 +
 arch/arm64/include/asm/kfence.h         |  17 +
 arch/arm64/mm/fault.c                   |   4 +
 arch/arm64/mm/mmu.c                     |   7 +-
 arch/mips/mm/pgtable-32.c               |   1 -
 arch/mips/mm/pgtable-64.c               |   1 -
 arch/um/include/asm/Kbuild              |   1 -
 arch/x86/Kconfig                        |   1 +
 arch/x86/include/asm/kfence.h           |  59 +++
 arch/x86/mm/fault.c                     |   5 +
 drivers/base/node.c                     |  27 +-
 fs/aio.c                                |   9 +-
 fs/block_dev.c                          |   2 +-
 fs/buffer.c                             |  56 ++-
 fs/dcache.c                             |   4 +-
 fs/direct-io.c                          |   4 +-
 fs/exec.c                               |   4 +-
 fs/fhandle.c                            |   2 +-
 fs/hugetlbfs/inode.c                    |  17 +-
 fs/iomap/seek.c                         | 125 +----
 fs/ocfs2/namei.c                        |  17 +-
 fs/ocfs2/super.c                        |   2 -
 fs/pipe.c                               |   2 +-
 fs/proc/base.c                          |  19 +-
 fs/proc/meminfo.c                       |  10 +-
 fs/proc/page.c                          |  40 +-
 fs/ramfs/inode.c                        |  12 +
 include/asm-generic/Kbuild              |   1 -
 include/asm-generic/mm-arch-hooks.h     |  16 -
 include/linux/cpumask.h                 |   2 +-
 include/linux/gfp.h                     |   2 +
 include/linux/hugetlb.h                 |   2 +-
 include/linux/kfence.h                  | 202 ++++++++
 include/linux/khugepaged.h              |   2 +
 include/linux/memblock.h                |   1 +
 include/linux/memcontrol.h              |  35 +-
 include/linux/memremap.h                |   6 +
 include/linux/mm-arch-hooks.h           |  22 -
 include/linux/mmzone.h                  |  17 +
 include/linux/nmi.h                     |   1 +
 include/linux/page-flags.h              |   4 +-
 include/linux/pagemap.h                 |   6 +-
 include/linux/pagevec.h                 |   4 -
 include/linux/sched.h                   |   8 +
 include/linux/slab_def.h                |   3 +
 include/linux/slub_def.h                |   3 +
 include/linux/swap.h                    |   2 +-
 include/linux/wait.h                    |   4 +-
 include/trace/events/kmem.h             |  24 +-
 init/main.c                             |   3 +
 kernel/hung_task.c                      |  44 ++
 kernel/sysctl.c                         |  16 +-
 kernel/watchdog.c                       |  21 +
 kernel/watchdog_hld.c                   |   1 +
 lib/Kconfig.debug                       |   7 +
 lib/Kconfig.kfence                      |  72 +++
 lib/Kconfig.ubsan                       |   2 +
 lib/cpumask.c                           |  73 ++-
 mm/Makefile                             |   1 +
 mm/cma.c                                |  17 +
 mm/compaction.c                         |   7 +-
 mm/filemap.c                            | 347 ++++++++-----
 mm/huge_memory.c                        |  19 +-
 mm/hugetlb.c                            |  37 +-
 mm/internal.h                           |   4 +-
 mm/kasan/common.c                       |   6 +
 mm/kasan/generic.c                      |   3 +-
 mm/kasan/init.c                         |  23 +-
 mm/kasan/kasan.h                        |   9 +
 mm/kasan/shadow.c                       |  13 +
 mm/kfence/Makefile                      |   6 +
 mm/kfence/core.c                        | 835 ++++++++++++++++++++++++++++++++
 mm/kfence/kfence.h                      | 107 ++++
 mm/kfence/kfence_test.c                 | 823 +++++++++++++++++++++++++++++++
 mm/kfence/report.c                      | 244 ++++++++++
 mm/khugepaged.c                         |  28 +-
 mm/memblock.c                           |  73 ++-
 mm/memcontrol.c                         | 180 +++----
 mm/memremap.c                           |  20 +
 mm/mmap.c                               |  69 +--
 mm/mprotect.c                           |   6 +
 mm/mremap.c                             |   3 -
 mm/msync.c                              |   6 +-
 mm/page_alloc.c                         | 197 ++++----
 mm/page_reporting.c                     |   2 +-
 mm/rmap.c                               |  26 +-
 mm/shmem.c                              | 152 ++----
 mm/slab.c                               |  42 +-
 mm/slab.h                               |  14 +-
 mm/slab_common.c                        |   5 +-
 mm/slob.c                               |   2 +-
 mm/slub.c                               |  66 ++-
 mm/swap.c                               |  38 +-
 mm/swap_state.c                         |   8 +-
 mm/truncate.c                           | 131 +----
 mm/vmscan.c                             |  68 ++-
 mm/vmstat.c                             |  43 +-
 mm/zswap.c                              |   6 +-
 scripts/checkpatch.pl                   |  56 ++-
 103 files changed, 3977 insertions(+), 1134 deletions(-)
 create mode 100644 Documentation/dev-tools/kfence.rst
 create mode 100644 arch/arm64/include/asm/kfence.h
 create mode 100644 arch/x86/include/asm/kfence.h
 delete mode 100644 include/asm-generic/mm-arch-hooks.h
 create mode 100644 include/linux/kfence.h
 delete mode 100644 include/linux/mm-arch-hooks.h
 create mode 100644 lib/Kconfig.kfence
 create mode 100644 mm/kfence/Makefile
 create mode 100644 mm/kfence/core.c
 create mode 100644 mm/kfence/kfence.h
 create mode 100644 mm/kfence/kfence_test.c
 create mode 100644 mm/kfence/report.c
$ git clone -s -l -n -q . ../rebase-tmp
$ cd ../rebase-tmp
$ git checkout -b akpm remotes/origin/akpm/master
Switched to a new branch 'akpm'
$ git rebase --onto master remotes/origin/akpm/master-base
Rebasing (1/16)Rebasing (2/16)Rebasing (3/16)Rebasing (4/16)Rebasing (5/16)Rebasing (6/16)Rebasing (7/16)Rebasing (8/16)Rebasing (9/16)Rebasing (10/16)Rebasing (11/16)Rebasing (12/16)Rebasing (13/16)Rebasing (14/16)Rebasing (15/16)Rebasing (16/16)[KSuccessfully rebased and updated refs/heads/akpm.
$ cd ../next
$ git fetch -f ../rebase-tmp akpm:akpm/master
From ../rebase-tmp
 + f87684f6470f...68745302179e akpm       -> akpm/master  (forced update)
$ rm -rf ../rebase-tmp
Merging akpm/master (68745302179e secretmem-test-add-basic-selftest-for-memfd_secret2-fix)
$ git merge --no-ff akpm/master
Merge made by the 'recursive' strategy.
 arch/arm64/include/asm/Kbuild             |   1 -
 arch/arm64/include/asm/cacheflush.h       |   6 -
 arch/arm64/include/asm/kfence.h           |   2 +-
 arch/arm64/include/asm/set_memory.h       |  17 ++
 arch/arm64/include/uapi/asm/unistd.h      |   1 +
 arch/arm64/kernel/machine_kexec.c         |   1 +
 arch/arm64/mm/mmu.c                       |   6 +-
 arch/arm64/mm/pageattr.c                  |  23 +-
 arch/riscv/include/asm/set_memory.h       |   4 +-
 arch/riscv/include/asm/unistd.h           |   1 +
 arch/riscv/mm/pageattr.c                  |   8 +-
 arch/x86/entry/syscalls/syscall_32.tbl    |   1 +
 arch/x86/entry/syscalls/syscall_64.tbl    |   1 +
 arch/x86/include/asm/set_memory.h         |   4 +-
 arch/x86/mm/pat/set_memory.c              |   8 +-
 fs/dax.c                                  |  11 +-
 include/linux/pgtable.h                   |   3 +
 include/linux/secretmem.h                 |  30 ++
 include/linux/set_memory.h                |  16 +-
 include/linux/syscalls.h                  |   1 +
 include/uapi/asm-generic/unistd.h         |   6 +-
 include/uapi/linux/magic.h                |   1 +
 kernel/power/hibernate.c                  |   5 +-
 kernel/power/snapshot.c                   |   4 +-
 kernel/sys_ni.c                           |   2 +
 mm/Kconfig                                |   5 +
 mm/Makefile                               |   1 +
 mm/filemap.c                              |   3 +-
 mm/gup.c                                  |  10 +
 mm/internal.h                             |   3 +
 mm/mmap.c                                 |   5 +-
 mm/secretmem.c                            | 439 ++++++++++++++++++++++++++++++
 mm/vmalloc.c                              |   5 +-
 scripts/checksyscalls.sh                  |   4 +
 tools/testing/selftests/vm/.gitignore     |   1 +
 tools/testing/selftests/vm/Makefile       |   3 +-
 tools/testing/selftests/vm/memfd_secret.c | 296 ++++++++++++++++++++
 tools/testing/selftests/vm/run_vmtests    |  17 ++
 38 files changed, 904 insertions(+), 51 deletions(-)
 create mode 100644 arch/arm64/include/asm/set_memory.h
 create mode 100644 include/linux/secretmem.h
 create mode 100644 mm/secretmem.c
 create mode 100644 tools/testing/selftests/vm/memfd_secret.c
